04-26 14:18:04.247   570   620 E audio_route: Control 'Voice2_Tx Mixer INTERNAL_BT_SCO_TX_Voice2' doesn't exist - skipping
04-26 14:18:04.247   570   620 E audio_route: Control 'AFE_PCM_RX_Voice Mixer Voice2' doesn't exist - skipping
04-26 14:18:04.247   570   620 E audio_route: Control 'Voice2_Tx Mixer AFE_PCM_TX_Voice2' doesn't exist - skipping
04-26 14:18:04.247   570   620 E audio_route: Control 'PRI_MI2S_RX_Voice Mixer VoLTE' doesn't exist - skipping
04-26 14:18:04.247   570   620 E audio_route: Control 'VoLTE_Tx Mixer TERT_MI2S_TX_VoLTE' doesn't exist - skipping
04-26 14:18:04.247   570   620 E audio_route: Control 'HDMI_RX_Voice Mixer VoLTE' doesn't exist - skipping
04-26 14:18:04.247   570   620 E audio_route: Control 'VoLTE_Tx Mixer SLIM_0_TX_VoLTE' doesn't exist - skipping
04-26 14:18:04.247   570   620 E audio_route: Control 'INTERNAL_BT_SCO_RX_Voice Mixer VoLTE' doesn't exist - skipping
04-26 14:18:04.247   570   620 E audio_route: Control 'VoLTE_Tx Mixer INTERNAL_BT_SCO_TX_VoLTE' doesn't exist - skipping
04-26 14:18:04.247   570   620 E audio_route: Control 'AFE_PCM_RX_Voice Mixer VoLTE' doesn't exist - skipping
04-26 14:18:04.247   570   620 E audio_route: Control 'VoLTE_Tx Mixer AFE_PCM_TX_VoLTE' doesn't exist - skipping
04-26 14:18:04.247   787   787 I ServiceManager: Waiting for service 'package_native' on '/dev/binder'...
04-26 14:18:04.248   570   620 E audio_route: Control 'PRI_MI2S_RX_Voice Mixer VoWLAN' doesn't exist - skipping
04-26 14:18:04.248   570   570 D audio_hw_utils: audio_extn_utils_open_snd_mixer: retry, retry_num 2
04-26 14:18:04.248   570   620 E audio_route: Control 'VoWLAN_Tx Mixer TERT_MI2S_TX_VoWLAN' doesn't exist - skipping
04-26 14:18:04.248   570   620 E audio_route: Control 'HDMI_RX_Voice Mixer VoWLAN' doesn't exist - skipping
04-26 14:18:04.248   614   614 D RenderEngine: shader cache generated - 48 shaders in 768.674133 ms
04-26 14:18:04.248   570   620 E audio_route: Control 'INTERNAL_BT_SCO_RX_Voice Mixer VoWLAN' doesn't exist - skipping
04-26 14:18:04.248   570   620 E audio_route: Control 'VoWLAN_Tx Mixer INTERNAL_BT_SCO_TX_VoWLAN' doesn't exist - skipping
04-26 14:18:04.248   570   620 E audio_route: Control 'AFE_PCM_RX_Voice Mixer VoWLAN' doesn't exist - skipping
04-26 14:18:04.248   570   620 E audio_route: Control 'VoWLAN_Tx Mixer AFE_PCM_TX_VoWLAN' doesn't exist - skipping
04-26 14:18:04.249   570   620 E audio_route: Control 'MI2S_DL_HL Switch' doesn't exist - skipping
04-26 14:18:04.250   570   620 E audio_route: Control 'MI2S_DL_HL Switch' doesn't exist - skipping
04-26 14:18:04.250   570   570 D audio_hw_utils: audio_extn_utils_open_snd_mixer: snd_card_name: msm8953-snd-card-mtp
04-26 14:18:04.250   570   570 D audio_hw_utils: audio_extn_utils_open_snd_mixer: Opened sound card:0
04-26 14:18:04.252   614   614 I HidlServiceManagement: Registered android.frameworks.displayservice@1.0::IDisplayService/default
04-26 14:18:04.253   614   614 D SurfaceFlinger: Setting power mode 2 on display 0
04-26 14:18:04.253   570   620 E audio_route: Control 'MultiMedia8 Mixer TERT_MI2S_TX' doesn't exist - skipping
04-26 14:18:04.253   582   582 I SDM     : DisplayBase::SetDisplayState: Set state = 1, display 0
04-26 14:18:04.253   570   620 E audio_route: Control 'PRI_MI2S_RX_Voice Mixer CSVoice' doesn't exist - skipping
04-26 14:18:04.254   570   620 E audio_route: Control 'Voice_Tx Mixer TERT_MI2S_TX_Voice' doesn't exist - skipping
04-26 14:18:04.254   570   620 E audio_route: Control 'INTERNAL_BT_SCO_RX_Voice Mixer CSVoice' doesn't exist - skipping
04-26 14:18:04.254   570   620 E audio_route: Control 'Voice_Tx Mixer INTERNAL_BT_SCO_TX_Voice' doesn't exist - skipping
04-26 14:18:04.254   614   614 D SurfaceFlinger: Finished setting power mode 2 on display 0
04-26 14:18:04.254   570   620 E audio_route: Control 'AFE_PCM_RX_Voice Mixer CSVoice' doesn't exist - skipping
04-26 14:18:04.254   570   620 E audio_route: Control 'Voice_Tx Mixer AFE_PCM_TX_Voice' doesn't exist - skipping
04-26 14:18:04.254   570   620 E audio_route: Control 'PRI_MI2S_RX_Voice Mixer Voice2' doesn't exist - skipping
04-26 14:18:04.254   570   620 E audio_route: Control 'Voice2_Tx Mixer TERT_MI2S_TX_Voice2' doesn't exist - skipping
04-26 14:18:04.254   570   620 E audio_route: Control 'INTERNAL_BT_SCO_RX_Voice Mixer Voice2' doesn't exist - skipping
04-26 14:18:04.254   570   620 E audio_route: Control 'Voice2_Tx Mixer INTERNAL_BT_SCO_TX_Voice2' doesn't exist - skipping
04-26 14:18:04.254   570   620 E audio_route: Control 'AFE_PCM_RX_Voice Mixer Voice2' doesn't exist - skipping
04-26 14:18:04.254   570   620 E audio_route: Control 'Voice2_Tx Mixer AFE_PCM_TX_Voice2' doesn't exist - skipping
04-26 14:18:04.255   570   620 E audio_route: Control 'MI2S_DL_HL Switch' doesn't exist - skipping
04-26 14:18:04.255   570   620 E audio_route: Control 'PRI_MI2S_RX_Voice Mixer VoWLAN' doesn't exist - skipping
04-26 14:18:04.255   570   620 E audio_route: Control 'VoWLAN_Tx Mixer TERT_MI2S_TX_VoWLAN' doesn't exist - skipping
04-26 14:18:04.255   570   620 E audio_route: Control 'HDMI_RX_Voice Mixer VoWLAN' doesn't exist - skipping
04-26 14:18:04.255   570   620 E audio_route: Control 'VoWLAN_Tx Mixer TERT_MI2S_TX_VoWLAN' doesn't exist - skipping
04-26 14:18:04.255   570   620 E audio_route: Control 'INTERNAL_BT_SCO_RX_Voice Mixer VoWLAN' doesn't exist - skipping
04-26 14:18:04.255   570   620 E audio_route: Control 'VoWLAN_Tx Mixer INTERNAL_BT_SCO_TX_VoWLAN' doesn't exist - skipping
04-26 14:18:04.255   570   620 E audio_route: Control 'AFE_PCM_RX_Voice Mixer VoWLAN' doesn't exist - skipping
04-26 14:18:04.255   570   620 E audio_route: Control 'VoWLAN_Tx Mixer AFE_PCM_TX_VoWLAN' doesn't exist - skipping
04-26 14:18:04.257   570   620 E audio_route: Control 'PRI_MI2S_RX_Voice Mixer VoLTE' doesn't exist - skipping
04-26 14:18:04.257   570   620 E audio_route: Control 'VoLTE_Tx Mixer TERT_MI2S_TX_VoLTE' doesn't exist - skipping
04-26 14:18:04.257   570   620 E audio_route: Control 'HDMI_RX_Voice Mixer VoLTE' doesn't exist - skipping
04-26 14:18:04.258   570   620 E audio_route: Control 'VoLTE_Tx Mixer SLIM_0_TX_VoLTE' doesn't exist - skipping
04-26 14:18:04.258   570   620 E audio_route: Control 'INTERNAL_BT_SCO_RX_Voice Mixer VoLTE' doesn't exist - skipping
04-26 14:18:04.258   570   620 E audio_route: Control 'VoLTE_Tx Mixer INTERNAL_BT_SCO_TX_VoLTE' doesn't exist - skipping
04-26 14:18:04.258   570   620 E audio_route: Control 'AFE_PCM_RX_Voice Mixer VoLTE' doesn't exist - skipping
04-26 14:18:04.258   570   620 E audio_route: Control 'VoLTE_Tx Mixer AFE_PCM_TX_VoLTE' doesn't exist - skipping
04-26 14:18:04.259   570   620 E audio_route: Control 'RX3 Digital Volume' doesn't exist - skipping
04-26 14:18:04.259   570   620 E audio_route: Control 'SpkrMono WSA_RDAC' doesn't exist - skipping
04-26 14:18:04.260   570   620 E audio_route: Control 'SpkrMono VISENSE Switch' doesn't exist - skipping
04-26 14:18:04.260   570   620 E audio_route: Control 'RX1 Digital Volume' doesn't exist - skipping
04-26 14:18:04.260   570   620 E audio_route: Control 'DEC1 Volume' doesn't exist - skipping
04-26 14:18:04.260   570   620 E audio_route: Control 'DEC2 Volume' doesn't exist - skipping
04-26 14:18:04.261   570   620 E audio_route: Control 'RX3 Digital Volume' doesn't exist - skipping
04-26 14:18:04.262   570   620 E audio_route: Control 'DEC1 Volume' doesn't exist - skipping
04-26 14:18:04.262   570   620 E audio_route: Control 'DEC2 Volume' doesn't exist - skipping
04-26 14:18:04.262   570   620 E audio_route: Control 'MI2S_DL_HL Switch' doesn't exist - skipping
04-26 14:18:04.266   570   620 E audio_hw_extn: audio_extn_perf_lock_release: Perf lock release error 
04-26 14:18:04.266   570   620 E msm8974_platform: platform_init: soundcard: msm8953-snd-card-mtp supports only default sample rate
04-26 14:18:04.329   570   620 I audio_hw_extn: audio_extn_set_snd_card_split: snd_card_name(msm8953-snd-card-mtp) device(msm8953) snd_card(snd) form_factor(card)
04-26 14:18:04.329   570   620 D platform_info: platform_info_init: Failed to open audio_platform_info.xml, using defaults.
04-26 14:18:04.330   570   620 D ACDB-LOADER: ACDB: board_type = QRD
04-26 14:18:04.330   570   620 D ACDB-LOADER: ACDB -> No .acdb files found in /vendor/etc/acdbdata!
04-26 14:18:04.330   570   620 D ACDB-LOADER: ACDB -> found 0 form factor & soundcard independant files
04-26 14:18:04.338   845   845 I ServiceManager: Waiting for service 'package_native' on '/dev/binder'...
04-26 14:18:04.338   800   843 I ServiceManager: Waiting for service 'package_native' on '/dev/binder'...
04-26 14:18:04.341   570   620 D ACDB-LOADER: ACDB -> Load file: /vendor/etc/acdbdata/QRD/QRD_General_cal.acdb
04-26 14:18:04.341   570   620 D ACDB-LOADER: ACDB -> Load file: /vendor/etc/acdbdata/QRD/QRD_workspaceFile.qwsp
04-26 14:18:04.341   570   620 D ACDB-LOADER: ACDB -> Load file: /vendor/etc/acdbdata/QRD/QRD_Handset_cal.acdb
04-26 14:18:04.341   570   620 D ACDB-LOADER: ACDB -> Load file: /vendor/etc/acdbdata/QRD/QRD_Headset_cal.acdb
04-26 14:18:04.341   570   620 D ACDB-LOADER: ACDB -> Load file: /vendor/etc/acdbdata/QRD/QRD_Hdmi_cal.acdb
04-26 14:18:04.341   570   620 D ACDB-LOADER: ACDB -> Load file: /vendor/etc/acdbdata/QRD/QRD_Global_cal.acdb
04-26 14:18:04.341   570   620 D ACDB-LOADER: ACDB -> Load file: /vendor/etc/acdbdata/QRD/QRD_Speaker_cal.acdb
04-26 14:18:04.341   570   620 D ACDB-LOADER: ACDB -> Load file: /vendor/etc/acdbdata/QRD/QRD_Bluetooth_cal.acdb
04-26 14:18:04.341   570   620 D ACDB-LOADER: ACDB -> ACDB_CMD_INITIALIZE_V2
04-26 14:18:04.348   787   787 I ServiceManager: Waiting for service 'package_native' on '/dev/binder'...
04-26 14:18:04.352   570   620 D android.hardware.audio.service: [ACDB Command]->SW Minor/Major/Revision version info for /vendor/etc/acdbdata/QRD/QRD_General_cal.acdb
04-26 14:18:04.352   570   620 D android.hardware.audio.service: [ACDB Command]->ACDB Sw Major = 10, ACDB Sw Minor = 0, ACDB Sw Revision = 17, ACDB Sw Cpl Number = 0
04-26 14:18:04.352   570   620 D android.hardware.audio.service: [ACDB Command]->ACDB File Major = 8, ACDB File Minor = 0, ACDB File Revision = 4, ACDB File Cpl Number = 0
04-26 14:18:04.369   570   620 D android.hardware.audio.service: [ACDB Command]->SW Minor/Major/Revision version info for /vendor/etc/acdbdata/QRD/QRD_workspaceFile.qwsp
04-26 14:18:04.369   570   620 D android.hardware.audio.service: [ACDB Command]->ACDB Sw Major = 10, ACDB Sw Minor = 0, ACDB Sw Revision = 17, ACDB Sw Cpl Number = 0
04-26 14:18:04.369   570   620 D android.hardware.audio.service: [ACDB Command]->ACDB File Major = 0, ACDB File Minor = 0, ACDB File Revision = 0
04-26 14:18:04.382   570   620 D android.hardware.audio.service: [ACDB Command]->SW Minor/Major/Revision version info for /vendor/etc/acdbdata/QRD/QRD_Handset_cal.acdb
04-26 14:18:04.382   570   620 D android.hardware.audio.service: [ACDB Command]->ACDB Sw Major = 10, ACDB Sw Minor = 0, ACDB Sw Revision = 17, ACDB Sw Cpl Number = 0
04-26 14:18:04.382   570   620 D android.hardware.audio.service: [ACDB Command]->ACDB File Major = 8, ACDB File Minor = 0, ACDB File Revision = 4, ACDB File Cpl Number = 0
04-26 14:18:04.384   570   620 D android.hardware.audio.service: [ACDB Command]->SW Minor/Major/Revision version info for /vendor/etc/acdbdata/QRD/QRD_Headset_cal.acdb
04-26 14:18:04.384   570   620 D android.hardware.audio.service: [ACDB Command]->ACDB Sw Major = 10, ACDB Sw Minor = 0, ACDB Sw Revision = 17, ACDB Sw Cpl Number = 0
04-26 14:18:04.384   570   620 D android.hardware.audio.service: [ACDB Command]->ACDB File Major = 8, ACDB File Minor = 0, ACDB File Revision = 4, ACDB File Cpl Number = 0
04-26 14:18:04.386   570   620 D android.hardware.audio.service: [ACDB Command]->SW Minor/Major/Revision version info for /vendor/etc/acdbdata/QRD/QRD_Hdmi_cal.acdb
04-26 14:18:04.386   570   620 D android.hardware.audio.service: [ACDB Command]->ACDB Sw Major = 10, ACDB Sw Minor = 0, ACDB Sw Revision = 17, ACDB Sw Cpl Number = 0
04-26 14:18:04.386   570   620 D android.hardware.audio.service: [ACDB Command]->ACDB File Major = 8, ACDB File Minor = 0, ACDB File Revision = 4, ACDB File Cpl Number = 0
04-26 14:18:04.387   570   620 D android.hardware.audio.service: [ACDB Command]->SW Minor/Major/Revision version info for /vendor/etc/acdbdata/QRD/QRD_Global_cal.acdb
04-26 14:18:04.387   570   620 D android.hardware.audio.service: [ACDB Command]->ACDB Sw Major = 10, ACDB Sw Minor = 0, ACDB Sw Revision = 17, ACDB Sw Cpl Number = 0
04-26 14:18:04.387   570   620 D android.hardware.audio.service: [ACDB Command]->ACDB File Major = 8, ACDB File Minor = 0, ACDB File Revision = 4, ACDB File Cpl Number = 0
04-26 14:18:04.392   570   620 D android.hardware.audio.service: [ACDB Command]->SW Minor/Major/Revision version info for /vendor/etc/acdbdata/QRD/QRD_Speaker_cal.acdb
04-26 14:18:04.393   570   620 D android.hardware.audio.service: [ACDB Command]->ACDB Sw Major = 10, ACDB Sw Minor = 0, ACDB Sw Revision = 17, ACDB Sw Cpl Number = 0
04-26 14:18:04.393   570   620 D android.hardware.audio.service: [ACDB Command]->ACDB File Major = 8, ACDB File Minor = 0, ACDB File Revision = 4, ACDB File Cpl Number = 0
04-26 14:18:04.395   570   620 D android.hardware.audio.service: [ACDB Command]->SW Minor/Major/Revision version info for /vendor/etc/acdbdata/QRD/QRD_Bluetooth_cal.acdb
04-26 14:18:04.395   570   620 D android.hardware.audio.service: [ACDB Command]->ACDB Sw Major = 10, ACDB Sw Minor = 0, ACDB Sw Revision = 17, ACDB Sw Cpl Number = 0
04-26 14:18:04.395   570   620 D android.hardware.audio.service: [ACDB Command]->ACDB File Major = 8, ACDB File Minor = 0, ACDB File Revision = 4, ACDB File Cpl Number = 0
04-26 14:18:04.395   570   620 D ACDB-LOADER: get_acdb_sw_major_version: ACDB SW Major version: 10
04-26 14:18:04.395   570   620 D android.hardware.audio.service: ACDBFILE_MGR: Property for the pid 0001327F not found
04-26 14:18:04.395   570   620 D android.hardware.audio.service: ACDB_COMMAND: Failed to fetch the property info for pid 0001327F 
04-26 14:18:04.395   570   620 E ACDB-LOADER: get_instance_id_support:Error in ACDB_CMD_GET_ADSP_INSTANCE_ID_SUPPORT_INFO:0
04-26 14:18:04.395   570   620 D ACDB-LOADER: acdb_loader_init_v4: snd_card_name:msm8953-snd-card-mtp, cvd_version:2.2, instance_id_supported:0
04-26 14:18:04.395   570   620 D ACDB-LOADER: ACDB -> ACPH INIT
04-26 14:18:04.395   570   620 D android.hardware.audio.service: [ACPH]->Online service registered with ACPH
04-26 14:18:04.397   570   620 D android.hardware.audio.service: [ACPH]->ACPH init success
04-26 14:18:04.397   570   620 D ACDB-LOADER: ACDB -> RTAC INIT
04-26 14:18:04.397   570   620 D android.hardware.audio.service: [ACPH]->DSP RTC service registered with ACPH
04-26 14:18:04.397   570   620 D ACDB-LOADER: ACDB -> MCS, FTS INIT
04-26 14:18:04.398   570   620 D android.hardware.audio.service: [ACPH]->MCS RTC service registered with ACPH
04-26 14:18:04.398   570   620 D android.hardware.audio.service: [ACPH]->FTS RTC service registered with ACPH
04-26 14:18:04.398   570   620 D ACDB-LOADER: ACDB -> ADIE RTAC INIT
04-26 14:18:04.398   570   620 D android.hardware.audio.service: [ACPH]->ADIE RTC service registered with ACPH
04-26 14:18:04.398   570   620 D ACDB-LOADER: ACDB -> ACDB_CMD_GET_VOC_PROC_DYNAMIC_TABLE_SIZE
04-26 14:18:04.398   570   620 D android.hardware.audio.service: ACDBFILE_MGR: Property for the pid 0001327F not found
04-26 14:18:04.398   570   620 D android.hardware.audio.service: ACDB_COMMAND: Failed to fetch the property info for pid 0001327F 
04-26 14:18:04.411   570   620 D ACDB-LOADER: ACDB -> send_common_custom_topology
04-26 14:18:04.411   570   620 D ACDB-LOADER: ACDB -> ACDB_CMD_GET_AVCS_CUSTOM_TOPO_INFO_SIZE
04-26 14:18:04.411   570   620 D ACDB-LOADER: ACDB -> ACDB_CMD_GET_AVCS_CUSTOM_TOPO_INFO
04-26 14:18:04.411   570   620 D ACDB-LOADER: ACDB -> ACDB_CMD_GET_AVCS_CUSTOM_TOPO_INFO: size:0x100 ret=0 
04-26 14:18:04.411   570   620 D ACDB-LOADER: ACDB -> CORE_CUSTOM_TOPOLOGIES
04-26 14:18:04.413   570   620 D ACDB-LOADER: ACDB -> acdb_loader_send_common_custom_topology: Common custom topology in use
04-26 14:18:04.413   570   620 D ACDB-LOADER: ACDB -> init done!
04-26 14:18:04.413   570   620 D audio_hw_acdb: acdb_init_v2: ACDB Instance ID support after ACDB init:0
04-26 14:18:04.413   570   620 D msm8974_platform: ACDB initialized
04-26 14:18:04.413   570   620 D msm8974_platform: hw_util_open Opening device /dev/snd/hwC0D1000
04-26 14:18:04.413   570   620 D msm8974_platform: hw_util_open success
04-26 14:18:04.413   570   620 D ACDB-LOADER: ACDB -> ACDB_CMD_GET_ANC_SETTING
04-26 14:18:04.413   570   620 D android.hardware.audio.service: Failed to fetch the lookup information of the device 0000001A 
04-26 14:18:04.413   570   620 D ACDB-LOADER: Error: ACDB ANC returned = -19
04-26 14:18:04.413   570   620 D ACDB-LOADER: ACDB -> ACDB_CMD_GET_ANC_SETTING
04-26 14:18:04.413   570   620 D ACDB-LOADER: send_wcd9xxx_anc_cal: anc_version = 1
04-26 14:18:04.413   570   620 D anc_map : convert_anc_acdb_to_reg:enter, ancch  0, input device   0
04-26 14:18:04.413   570   620 D anc_map : convert_anc_acdb_to_reg:enter, ancch  1, input device   7
04-26 14:18:04.413   570   620 D anc_map : Setwcd9xxxANC_IIRCoeffs:enter
04-26 14:18:04.413   570   620 D anc_map : Setwcd9xxxANC_IIRCoeffs:leave
04-26 14:18:04.413   570   620 D anc_map : Setwcd9xxxANC_LPFShift:enter
04-26 14:18:04.413   570   620 D anc_map : Setwcd9xxxANC_LPFShift:leave
04-26 14:18:04.413   570   620 D anc_map : convert_anc_acdb_to_reg:leave
04-26 14:18:04.413   570   620 D ACDB-LOADER: ACDB -> ACDB_CMD_GET_ANC_SETTING
04-26 14:18:04.413   570   620 D android.hardware.audio.service: Failed to fetch the lookup information of the device 0000001B 
04-26 14:18:04.413   570   620 D ACDB-LOADER: Error: ACDB ANC returned = -19
04-26 14:18:04.413   570   620 D ACDB-LOADER: ACDB -> ACDB_CMD_GET_ANC_SETTING
04-26 14:18:04.413   570   620 D ACDB-LOADER: send_wcd9xxx_anc_cal: anc_version = 1
04-26 14:18:04.413   570   620 D anc_map : convert_anc_acdb_to_reg:enter, ancch  0, input device   0
04-26 14:18:04.413   570   620 D anc_map : convert_anc_acdb_to_reg:enter, ancch  1, input device   7
04-26 14:18:04.413   570   620 D anc_map : Setwcd9xxxANC_IIRCoeffs:enter
04-26 14:18:04.413   570   620 D anc_map : Setwcd9xxxANC_IIRCoeffs:leave
04-26 14:18:04.413   570   620 D anc_map : Setwcd9xxxANC_LPFShift:enter
04-26 14:18:04.413   570   620 D anc_map : Setwcd9xxxANC_LPFShift:leave
04-26 14:18:04.413   570   620 D anc_map : convert_anc_acdb_to_reg:leave
04-26 14:18:04.413   570   620 D ACDB-LOADER: ACDB -> ACDB_CMD_GET_ANC_SETTING
04-26 14:18:04.413   570   620 D android.hardware.audio.service: Failed to fetch the lookup information of the device 0000001C 
04-26 14:18:04.413   570   620 D ACDB-LOADER: Error: ACDB ANC returned = -19
04-26 14:18:04.413   570   620 D ACDB-LOADER: ACDB -> ACDB_CMD_GET_ANC_SETTING
04-26 14:18:04.413   570   620 D ACDB-LOADER: send_wcd9xxx_anc_cal: anc_version = 1
04-26 14:18:04.413   570   620 D anc_map : convert_anc_acdb_to_reg:enter, ancch  0, input device   0
04-26 14:18:04.413   570   620 D anc_map : convert_anc_acdb_to_reg:enter, ancch  1, input device   7
04-26 14:18:04.413   570   620 D anc_map : Setwcd9xxxANC_IIRCoeffs:enter
04-26 14:18:04.413   570   620 D anc_map : Setwcd9xxxANC_IIRCoeffs:leave
04-26 14:18:04.413   570   620 D anc_map : Setwcd9xxxANC_LPFShift:enter
04-26 14:18:04.413   570   620 D anc_map : Setwcd9xxxANC_LPFShift:leave
04-26 14:18:04.413   570   620 D anc_map : convert_anc_acdb_to_reg:leave
04-26 14:18:04.413   570   620 D ACDB-LOADER: ACDB -> ACDB_CMD_GET_ANC_SETTING
04-26 14:18:04.413   570   620 D android.hardware.audio.service: Failed to fetch the lookup information of the device 0000001D 
04-26 14:18:04.413   570   620 D ACDB-LOADER: Error: ACDB ANC returned = -19
04-26 14:18:04.413   570   620 D ACDB-LOADER: ACDB -> ACDB_CMD_GET_ANC_SETTING
04-26 14:18:04.413   570   620 D ACDB-LOADER: send_wcd9xxx_anc_cal: anc_version = 1
04-26 14:18:04.413   570   620 D anc_map : convert_anc_acdb_to_reg:enter, ancch  0, input device   0
04-26 14:18:04.413   570   620 D anc_map : convert_anc_acdb_to_reg:enter, ancch  1, input device   7
04-26 14:18:04.414   570   620 D anc_map : Setwcd9xxxANC_IIRCoeffs:enter
04-26 14:18:04.414   570   620 D anc_map : Setwcd9xxxANC_IIRCoeffs:leave
04-26 14:18:04.414   570   620 D anc_map : Setwcd9xxxANC_LPFShift:enter
04-26 14:18:04.414   570   620 D anc_map : Setwcd9xxxANC_LPFShift:leave
04-26 14:18:04.414   570   620 D anc_map : convert_anc_acdb_to_reg:leave
04-26 14:18:04.414   570   620 D ACDB-LOADER: ACDB -> ACDB_CMD_GET_ANC_SETTING
04-26 14:18:04.414   570   620 D android.hardware.audio.service: Failed to fetch the lookup information of the device 0000001E 
04-26 14:18:04.414   570   620 D ACDB-LOADER: Error: ACDB ANC returned = -19
04-26 14:18:04.414   570   620 D ACDB-LOADER: ACDB -> ACDB_CMD_GET_ANC_SETTING
04-26 14:18:04.414   570   620 D ACDB-LOADER: send_wcd9xxx_anc_cal: anc_version = 1
04-26 14:18:04.414   570   620 D anc_map : convert_anc_acdb_to_reg:enter, ancch  0, input device   0
04-26 14:18:04.414   570   620 D anc_map : convert_anc_acdb_to_reg:enter, ancch  1, input device   4
04-26 14:18:04.414   570   620 D anc_map : Setwcd9xxxANC_IIRCoeffs:enter
04-26 14:18:04.414   570   620 D anc_map : Setwcd9xxxANC_IIRCoeffs:leave
04-26 14:18:04.414   570   620 D anc_map : Setwcd9xxxANC_LPFShift:enter
04-26 14:18:04.414   570   620 D anc_map : Setwcd9xxxANC_LPFShift:leave
04-26 14:18:04.414   570   620 D anc_map : convert_anc_acdb_to_reg:leave
04-26 14:18:04.414   570   620 D ACDB-LOADER: ACDB -> ACDB_CMD_GET_ANC_SETTING
04-26 14:18:04.414   570   620 D android.hardware.audio.service: Failed to fetch the lookup information of the device 0000001F 
04-26 14:18:04.414   570   620 D ACDB-LOADER: Error: ACDB ANC returned = -19
04-26 14:18:04.414   570   620 D ACDB-LOADER: ACDB -> ACDB_CMD_GET_ANC_SETTING
04-26 14:18:04.414   570   620 D ACDB-LOADER: send_wcd9xxx_anc_cal: anc_version = 1
04-26 14:18:04.414   570   620 D anc_map : convert_anc_acdb_to_reg:enter, ancch  0, input device   0
04-26 14:18:04.414   570   620 D anc_map : convert_anc_acdb_to_reg:enter, ancch  1, input device   4
04-26 14:18:04.414   570   620 D anc_map : Setwcd9xxxANC_IIRCoeffs:enter
04-26 14:18:04.414   570   620 D anc_map : Setwcd9xxxANC_IIRCoeffs:leave
04-26 14:18:04.414   570   620 D anc_map : Setwcd9xxxANC_LPFShift:enter
04-26 14:18:04.414   570   620 D anc_map : Setwcd9xxxANC_LPFShift:leave
04-26 14:18:04.414   570   620 D anc_map : convert_anc_acdb_to_reg:leave
04-26 14:18:04.414   570   620 D ACDB-LOADER: ACDB -> ACDB_CMD_GET_ANC_SETTING
04-26 14:18:04.414   570   620 D android.hardware.audio.service: Failed to fetch the lookup information of the device 00000067 
04-26 14:18:04.414   570   620 D ACDB-LOADER: Error: ACDB ANC returned = -19
04-26 14:18:04.414   570   620 D ACDB-LOADER: ACDB -> ACDB_CMD_GET_ANC_SETTING
04-26 14:18:04.414   570   620 D ACDB-LOADER: send_wcd9xxx_anc_cal: anc_version = 1
04-26 14:18:04.414   570   620 D anc_map : convert_anc_acdb_to_reg:enter, ancch  0, input device   0
04-26 14:18:04.414   570   620 D anc_map : convert_anc_acdb_to_reg:enter, ancch  1, input device   4
04-26 14:18:04.414   570   620 D anc_map : Setwcd9xxxANC_IIRCoeffs:enter
04-26 14:18:04.414   570   620 D anc_map : Setwcd9xxxANC_IIRCoeffs:leave
04-26 14:18:04.414   570   620 D anc_map : Setwcd9xxxANC_LPFShift:enter
04-26 14:18:04.414   570   620 D anc_map : Setwcd9xxxANC_LPFShift:leave
04-26 14:18:04.414   570   620 D anc_map : convert_anc_acdb_to_reg:leave
04-26 14:18:04.414   570   620 D ACDB-LOADER: ACDB -> ACDB_CMD_GET_ANC_SETTING
04-26 14:18:04.414   570   620 D android.hardware.audio.service: Failed to fetch the lookup information of the device 00000056 
04-26 14:18:04.414   570   620 D ACDB-LOADER: Error: ACDB ANC returned = -19
04-26 14:18:04.414   570   620 D ACDB-LOADER: ACDB -> ACDB_CMD_GET_ANC_SETTING
04-26 14:18:04.414   570   620 D ACDB-LOADER: send_wcd9xxx_anc_cal: anc_version = 1
04-26 14:18:04.414   570   620 D anc_map : convert_anc_acdb_to_reg:enter, ancch  0, input device   0
04-26 14:18:04.414   570   620 D anc_map : convert_anc_acdb_to_reg:enter, ancch  1, input device   4
04-26 14:18:04.414   570   620 D anc_map : Setwcd9xxxANC_IIRCoeffs:enter
04-26 14:18:04.414   570   620 D anc_map : Setwcd9xxxANC_IIRCoeffs:leave
04-26 14:18:04.414   570   620 D anc_map : Setwcd9xxxANC_LPFShift:enter
04-26 14:18:04.414   570   620 D anc_map : Setwcd9xxxANC_LPFShift:leave
04-26 14:18:04.414   570   620 D anc_map : convert_anc_acdb_to_reg:leave
04-26 14:18:04.414   570   620 D ACDB-LOADER: ACDB -> ACDB_CMD_GET_ANC_SETTING
04-26 14:18:04.414   570   620 D android.hardware.audio.service: Failed to fetch the lookup information of the device 00000059 
04-26 14:18:04.414   570   620 D ACDB-LOADER: Error: ACDB ANC returned = -19
04-26 14:18:04.414   570   620 D ACDB-LOADER: ACDB -> ACDB_CMD_GET_ANC_SETTING
04-26 14:18:04.414   570   620 D ACDB-LOADER: send_wcd9xxx_anc_cal: anc_version = 1
04-26 14:18:04.414   570   620 D anc_map : convert_anc_acdb_to_reg:enter, ancch  0, input device   0
04-26 14:18:04.414   570   620 D anc_map : convert_anc_acdb_to_reg:enter, ancch  1, input device   4
04-26 14:18:04.414   570   620 D anc_map : Setwcd9xxxANC_IIRCoeffs:enter
04-26 14:18:04.414   570   620 D anc_map : Setwcd9xxxANC_IIRCoeffs:leave
04-26 14:18:04.414   570   620 D anc_map : Setwcd9xxxANC_LPFShift:enter
04-26 14:18:04.414   570   620 D anc_map : Setwcd9xxxANC_LPFShift:leave
04-26 14:18:04.414   570   620 D anc_map : convert_anc_acdb_to_reg:leave
04-26 14:18:04.414   570   620 E msm8974_platform: send_codec_cal: anc_cal Failed to call ioctl, err=14
04-26 14:18:04.414   570   620 D ACDB-LOADER: send mbhc data
04-26 14:18:04.414   570   620 D ACDB-LOADER: ACDB -> MBHC ACDB_PID_GENERAL_CONFIG
04-26 14:18:04.414   570   620 D ACDB-LOADER: ACDB -> MBHC ACDB_PID_PLUG_REMOVAL_DETECTION
04-26 14:18:04.414   570   620 D ACDB-LOADER: ACDB -> MBHC ACDB_PID_PLUG_TYPE_DETECTION
04-26 14:18:04.414   570   620 D ACDB-LOADER: ACDB -> MBHC ACDB_PID_BUTTON_PRESS_DETECTION
04-26 14:18:04.414   570   620 D ACDB-LOADER: ACDB -> MBHC ACDB_PID_IMPEDANCE_DETECTION
04-26 14:18:04.414   570   620 D msm8974_platform: send_codec_cal: mbhc_cal cal sent successfully
04-26 14:18:04.414   570   620 D ACDB-LOADER: send vbat data
04-26 14:18:04.414   570   620 D ACDB-LOADER: ACDB -> VBAT ACDB_PID_ADC_CAL
04-26 14:18:04.414   570   620 D ACDB-LOADER: ACDB -> VBAT ACDB_PID_GAIN_PROC
04-26 14:18:04.414   570   620 D ACDB-LOADER: send vbat data, calling convert_vbat_data
04-26 14:18:04.414   570   620 D ACDB-LOADER: copied vbat cal size =72
04-26 14:18:04.414   570   620 E msm8974_platform: send_codec_cal: vbat_cal Failed to call ioctl, err=14
04-26 14:18:04.414   570   620 E msm8974_platform: send_codec_cal:  Failed to call ioctl, err=14
04-26 14:18:04.414   570   620 E msm8974_platform: send_codec_cal:  Failed to call ioctl, err=14
04-26 14:18:04.415   570   620 W msm8974_platform: init_be_dai_name_table: sound device  has no hw interface set
04-26 14:18:04.415   570   620 W msm8974_platform: init_be_dai_name_table: sound device headphones-hifi-filter has no hw interface set
04-26 14:18:04.415   570   620 W msm8974_platform: init_be_dai_name_table: sound device headphones-and-haptics has no hw interface set
04-26 14:18:04.415   570   620 W msm8974_platform: init_be_dai_name_table: sound device speaker-and-haptics has no hw interface set
04-26 14:18:04.415   570   620 W msm8974_platform: init_be_dai_name_table: sound device (null) has no hw interface set
04-26 14:18:04.415   570   620 W msm8974_platform: init_be_dai_name_table: sound device speaker-and-headphones-hifi-filter has no hw interface set
04-26 14:18:04.415   570   620 D msm8974_platform: init_be_dai_name_table: sound device speaker-safe-and-headphones does not have a valid hw interface set (disregard for combo devices) SLIMBUS_0_RX-and-SLIMBUS_6_RX
04-26 14:18:04.415   570   620 W msm8974_platform: init_be_dai_name_table: sound device speaker-headphones-and-haptics has no hw interface set
04-26 14:18:04.415   570   620 W msm8974_platform: init_be_dai_name_table: sound device (null) has no hw interface set
04-26 14:18:04.415   570   620 D msm8974_platform: init_be_dai_name_table: sound device speaker-safe-and-line does not have a valid hw interface set (disregard for combo devices) SLIMBUS_0_RX-and-SLIMBUS_6_RX
04-26 14:18:04.415   570   620 D msm8974_platform: init_be_dai_name_table: sound device speaker-and-headphones-ext-1 does not have a valid hw interface set (disregard for combo devices) SLIMBUS_0_RX-and-SLIMBUS_6_RX
04-26 14:18:04.415   570   620 D msm8974_platform: init_be_dai_name_table: sound device speaker-and-headphones-ext-2 does not have a valid hw interface set (disregard for combo devices) SLIMBUS_0_RX-and-SLIMBUS_6_RX
04-26 14:18:04.415   570   620 D msm8974_platform: init_be_dai_name_table: sound device speaker-and-hdmi does not have a valid hw interface set (disregard for combo devices) SLIMBUS_0_RX-and-HDMI
04-26 14:18:04.415   570   620 D msm8974_platform: init_be_dai_name_table: sound device display-port1 does not have a valid hw interface set (disregard for combo devices) DISPLAY_PORT1
04-26 14:18:04.415   570   620 D msm8974_platform: init_be_dai_name_table: sound device speaker-and-display-port does not have a valid hw interface set (disregard for combo devices) SLIMBUS_0_RX-and-DISPLAY_PORT
04-26 14:18:04.415   570   620 D msm8974_platform: init_be_dai_name_table: sound device speaker-and-display-port1 does not have a valid hw interface set (disregard for combo devices) SLIMBUS_0_RX-and-DISPLAY_PORT1
04-26 14:18:04.415   570   620 W msm8974_platform: init_be_dai_name_table: sound device (null) has no hw interface set
04-26 14:18:04.415   570   620 W msm8974_platform: init_be_dai_name_table: sound device (null) has no hw interface set
04-26 14:18:04.415   570   620 D msm8974_platform: init_be_dai_name_table: sound device speaker-and-bt-a2dp does not have a valid hw interface set (disregard for combo devices) SLIMBUS_0_RX-and-SLIMBUS_7_RX
04-26 14:18:04.415   570   620 D msm8974_platform: init_be_dai_name_table: sound device speaker-safe-and-bt-a2dp does not have a valid hw interface set (disregard for combo devices) SLIMBUS_0_RX-and-SLIMBUS_7_RX
04-26 14:18:04.415   570   620 W msm8974_platform: init_be_dai_name_table: sound device speaker-bt-a2dp-and-haptics has no hw interface set
04-26 14:18:04.415   570   620 W msm8974_platform: init_be_dai_name_table: sound device speaker-safe-bt-a2dp-and-haptics has no hw interface set
04-26 14:18:04.415   570   620 D msm8974_platform: init_be_dai_name_table: sound device speaker-and-bt-sco does not have a valid hw interface set (disregard for combo devices) PRI_MI2S_RX-and-INT_BT_SCO_RX
04-26 14:18:04.415   570   620 D msm8974_platform: init_be_dai_name_table: sound device speaker-safe-and-bt-sco does not have a valid hw interface set (disregard for combo devices) QUAT_TDM_RX_0-and-SLIMBUS_7_RX
04-26 14:18:04.415   570   620 D msm8974_platform: init_be_dai_name_table: sound device speaker-and-bt-sco-wb does not have a valid hw interface set (disregard for combo devices) PRI_MI2S_RX-and-INT_BT_SCO_RX
04-26 14:18:04.415   570   620 D msm8974_platform: init_be_dai_name_table: sound device speaker-safe-and-bt-sco-wb does not have a valid hw interface set (disregard for combo devices) QUAT_TDM_RX_0-and-SLIMBUS_7_RX
04-26 14:18:04.415   570   620 D msm8974_platform: init_be_dai_name_table: sound device speaker-and-bt-sco-swb does not have a valid hw interface set (disregard for combo devices) SLIMBUS_0_RX-and-SEC_AUX_PCM_RX
04-26 14:18:04.415   570   620 D msm8974_platform: init_be_dai_name_table: sound device speaker-safe-and-bt-sco-swb does not have a valid hw interface set (disregard for combo devices) QUAT_TDM_RX_0-and-SLIMBUS_7_RX
04-26 14:18:04.415   570   620 W msm8974_platform: init_be_dai_name_table: sound device speaker-bt-sco-and-haptics has no hw interface set
04-26 14:18:04.415   570   620 W msm8974_platform: init_be_dai_name_table: sound device speaker-safe-bt-sco-and-haptics has no hw interface set
04-26 14:18:04.415   570   620 W msm8974_platform: init_be_dai_name_table: sound device speaker-bt-sco-wb-and-haptics has no hw interface set
04-26 14:18:04.415   570   620 W msm8974_platform: init_be_dai_name_table: sound device speaker-safe-bt-sco-wb-and-haptics has no hw interface set
04-26 14:18:04.415   570   620 W msm8974_platform: init_be_dai_name_table: sound device speaker-bt-sco-swb-and-haptics has no hw interface set
04-26 14:18:04.415   570   620 W msm8974_platform: init_be_dai_name_table: sound device speaker-safe-bt-sco-swb-and-haptics has no hw interface set
04-26 14:18:04.416   570   620 D msm8974_platform: init_be_dai_name_table: sound device wsa-speaker-and-bt-sco does not have a valid hw interface set (disregard for combo devices) PRI_MI2S_RX-and-INT_BT_SCO_RX
04-26 14:18:04.416   570   620 D msm8974_platform: init_be_dai_name_table: sound device wsa-speaker-and-bt-sco-wb does not have a valid hw interface set (disregard for combo devices) PRI_MI2S_RX-and-INT_BT_SCO_RX
04-26 14:18:04.416   570   620 W msm8974_platform: init_be_dai_name_table: sound device wsa-speaker-and-bt-sco-wb has no hw interface set
04-26 14:18:04.416   570   620 W msm8974_platform: init_be_dai_name_table: sound device (null) has no hw interface set
04-26 14:18:04.416   570   620 D msm8974_platform: init_be_dai_name_table: sound device speaker-and-usb-headphones does not have a valid hw interface set (disregard for combo devices) SLIMBUS_0_RX-and-USB_AUDIO_RX
04-26 14:18:04.416   570   620 D msm8974_platform: init_be_dai_name_table: sound device speaker-safe-and-usb-headphones does not have a valid hw interface set (disregard for combo devices) SLIMBUS_0_RX-and-USB_AUDIO_RX
04-26 14:18:04.416   570   620 W msm8974_platform: init_be_dai_name_table: sound device speaker-usb-headphones-and-haptics has no hw interface set
04-26 14:18:04.416   570   620 W msm8974_platform: init_be_dai_name_table: sound device speaker-safe-usb-headphones-and-haptics has no hw interface set
04-26 14:18:04.416   570   620 D msm8974_platform: init_be_dai_name_table: sound device speaker-and-anc-fb-headphones does not have a valid hw interface set (disregard for combo devices) SLIMBUS_0_RX-and-SLIMBUS_6_RX
04-26 14:18:04.416   570   620 W msm8974_platform: init_be_dai_name_table: sound device speaker-protected has no hw interface set
04-26 14:18:04.416   570   620 W msm8974_platform: init_be_dai_name_table: sound device speaker-protected-vbat has no hw interface set
04-26 14:18:04.416   570   620 D msm8974_platform: init_be_dai_name_table: sound device voice-speaker-and-voice-headphones does not have a valid hw interface set (disregard for combo devices) SLIMBUS_0_RX-and-SLIMBUS_6_RX
04-26 14:18:04.416   570   620 D msm8974_platform: init_be_dai_name_table: sound device voice-speaker-and-voice-anc-headphones does not have a valid hw interface set (disregard for combo devices) SLIMBUS_0_RX-and-SLIMBUS_6_RX
04-26 14:18:04.416   570   620 D msm8974_platform: init_be_dai_name_table: sound device voice-speaker-and-voice-anc-fb-headphones does not have a valid hw interface set (disregard for combo devices) SLIMBUS_0_RX-and-SLIMBUS_6_RX
04-26 14:18:04.416   570   620 D msm8974_platform: init_be_dai_name_table: sound device voice-speaker-stereo-and-voice-headphones does not have a valid hw interface set (disregard for combo devices) SLIMBUS_0_RX-and-SLIMBUS_6_RX
04-26 14:18:04.416   570   620 D msm8974_platform: init_be_dai_name_table: sound device voice-speaker-stereo-and-voice-anc-headphones does not have a valid hw interface set (disregard for combo devices) SLIMBUS_0_RX-and-SLIMBUS_6_RX
04-26 14:18:04.416   570   620 D msm8974_platform: init_be_dai_name_table: sound device voice-speaker-stereo-and-voice-anc-fb-headphones does not have a valid hw interface set (disregard for combo devices) SLIMBUS_0_RX-and-SLIMBUS_6_RX
04-26 14:18:04.416   570   620 D msm8974_platform: init_be_dai_name_table: sound device hearing-aid does not have a valid hw interface set (disregard for combo devices) BT_RX
04-26 14:18:04.416   570   620 D msm8974_platform: init_be_dai_name_table: sound device call-proxy does not have a valid hw interface set (disregard for combo devices) CALL_PROXY_RX
04-26 14:18:04.416   570   620 D msm8974_platform: init_be_dai_name_table: sound device spdif-in does not have a valid hw interface set (disregard for combo devices) PRI_SPDIF_TX
04-26 14:18:04.416   570   620 D msm8974_platform: init_be_dai_name_table: sound device hdmi-arc-in does not have a valid hw interface set (disregard for combo devices) SEC_SPDIF_TX
04-26 14:18:04.416   570   620 W msm8974_platform: init_be_dai_name_table: sound device usb-headset-mic has no hw interface set
04-26 14:18:04.416   570   620 I chatty  : uid=1041(audioserver) HwBinder:570_2 identical 1 line
04-26 14:18:04.416   570   620 W msm8974_platform: init_be_dai_name_table: sound device usb-headset-mic has no hw interface set
04-26 14:18:04.416   570   620 W msm8974_platform: init_be_dai_name_table: sound device handset-6mic has no hw interface set
04-26 14:18:04.416   570   620 W msm8974_platform: init_be_dai_name_table: sound device handset-8mic has no hw interface set
04-26 14:18:04.416   570   620 W msm8974_platform: init_be_dai_name_table: sound device (null) has no hw interface set
04-26 14:18:04.416   570   620 W msm8974_platform: init_be_dai_name_table: sound device (null) has no hw interface set
04-26 14:18:04.416   570   620 W msm8974_platform: init_be_dai_name_table: sound device incall-rec-rx-tx has no hw interface set
04-26 14:18:04.416   570   620 W msm8974_platform: init_be_dai_name_table: sound device ec-ref-loopback has no hw interface set
04-26 14:18:04.416   570   620 W msm8974_platform: init_be_dai_name_table: sound device handset-dmic-and-ec-ref-loopback has no hw interface set
04-26 14:18:04.416   570   620 W msm8974_platform: init_be_dai_name_table: sound device handset-qmic-and-ec-ref-loopback has no hw interface set
04-26 14:18:04.416   570   620 W msm8974_platform: init_be_dai_name_table: sound device handset-6mic-and-ec-ref-loopback has no hw interface set
04-26 14:18:04.416   570   620 W msm8974_platform: init_be_dai_name_table: sound device handset-8mic-and-ec-ref-loopback has no hw interface set
04-26 14:18:04.416   570   620 D msm8974_platform: init_be_dai_name_table: sound device call-proxy-in does not have a valid hw interface set (disregard for combo devices) CALL_PROXY_TX
04-26 14:18:04.416   570   620 D msm8974_platform: platform_init: Fluence_Type(1) max_mic_count(2) mic_type(0x3) fluence_in_voice_call(1) fluence_in_voice_rec(0) fluence_in_spkr_mode(1) fluence_in_hfp_call(0) fluence_sb_enabled(0)fluence_nn_enabled(0) 
04-26 14:18:04.416   570   620 D audio_hw_spkr_prot: spkr_prot_init: Initialize speaker protection module
04-26 14:18:04.416   570   620 D audio_hw_spkr_prot: spkr_prot_init: Speaker protection disabled
04-26 14:18:04.416   570   620 D msm8974_platform: platform_get_snd_device_backend_interface: hw_interface set for device SEC_MI2S_TX
04-26 14:18:04.424   570   620 D msm8974_platform: platform_get_mixer_control: mixer ctl not obtained
04-26 14:18:04.433   570   620 I chatty  : uid=1041(audioserver) HwBinder:570_2 identical 30 lines
04-26 14:18:04.434   570   620 D msm8974_platform: platform_get_mixer_control: mixer ctl not obtained
04-26 14:18:04.435   570   620 E audio_hw_utils: audio_extn_utils_get_codec_variant: ERROR. cannot open /proc/asound/card0/codecs/wcd937x/variant
04-26 14:18:04.439   800   843 I ServiceManager: Waiting for service 'package_native' on '/dev/binder'...
04-26 14:18:04.439   845   845 I ServiceManager: Waiting for service 'package_native' on '/dev/binder'...
04-26 14:18:04.445   570   620 D audio_hw_utils: audio_extn_utils_update_streams_cfg_lists: failed to open io config file(/vendor/etc/audio_io_policy.conf), trying older config file
04-26 14:18:04.447   570   620 I audio_hw_utils: load_cfg_list: could not load input, node is NULL
04-26 14:18:04.449   787   787 I ServiceManager: Waiting for service 'package_native' on '/dev/binder'...
04-26 14:18:04.449   570   620 W audio_hw_sndmonitor: access /proc/asound/card0/cpe0_state failed w/ err No such file or directory
04-26 14:18:04.450   570   620 I soundtrigger: audio_extn_sound_trigger_init: Enter
04-26 14:18:04.450   570   620 I soundtrigger: audio_extn_sound_trigger_init: DLOPEN successful for /vendor/lib/hw/sound_trigger.primary.msm8953.so
04-26 14:18:04.450   570   620 D soundtrigger: audio_extn_sound_trigger_init: sthal is using proprietary API version 0x0200
04-26 14:18:04.450   570   620 D sound_trigger_hw: handle_battery_status_change: battery status changed to 0
04-26 14:18:04.450   570   620 E sound_trigger_hw: get_num_sessions: sound model list is yet to be initialized
04-26 14:18:04.451   570   620 E audio_hw_primary: adev_open: ERROR. Could not get ctl for mixer cmd - AudStr 0 ChMixer Weight Ch 1
04-26 14:18:04.452   610   610 I AudioFlinger: loadHwModule() Loaded primary audio interface, handle 10
04-26 14:18:04.452   610   610 I AudioFlinger: openOutput() this 0x72d4bc23c0, module 10 Device type:0x2,@:, SamplingRate 48000, Format 0x000001, Channels 0x3, flags 0x6
04-26 14:18:04.453   570   620 D audio_hw_primary: adev_open_output_stream: enter: format(0x1) sample_rate(48000) channel_mask(0x3) devices(0x2) flags(0x6)        stream_handle(0xe4e864c0) address()
04-26 14:18:04.453   570   620 I audio_hw_primary: adev_open_output_stream: dynamic qos voting not enabled for platform
04-26 14:18:04.453   570   620 I audio_hw_utils: audio_extn_utils_update_stream_output_app_type_cfg Allowing 24 and above bits playback on speaker ONLY at default sampling rate
04-26 14:18:04.453   570   620 D audio_hw_primary: adev_open_output_stream: Stream (0xe4e864c0) picks up usecase (low-latency-playback)
04-26 14:18:04.453   570   620 D audio_hw_primary: io_streams_map_insert: Added stream in io_streams_map with handle 13
04-26 14:18:04.455   610   610 I AudioFlinger: HAL output buffer size 192 frames, normal sink buffer size 960 frames
04-26 14:18:04.497   570   620 E EffectsFactoryConfigLoader: Could not find library in effect directories: libasphere.so
04-26 14:18:04.509   899   899 I mm-camera: <MCT   >< INFO> 135: server_process_module_init: CAMERA_DAEMON: init mods done
04-26 14:18:04.510   574   574 E QCamera : <MCI><ERROR> get_num_of_cameras: 1890: dev_info[id=0,name='video1']
04-26 14:18:04.510   574   574 E QCamera : <MCI><ERROR> get_num_of_cameras: 1890: dev_info[id=1,name='video2']
04-26 14:18:04.510   574   574 I QCamera : <MCI><INFO> sort_camera_info: 1653: YUV Aux camera exposed 0
04-26 14:18:04.510   574   574 I QCamera : <MCI><INFO> sort_camera_info: 1730: Camera id: 0 facing: 0, type: 1 is_yuv: 0
04-26 14:18:04.510   574   574 I QCamera : <MCI><INFO> sort_camera_info: 1730: Camera id: 1 facing: 1, type: 0 is_yuv: 0
04-26 14:18:04.510   574   574 I QCamera : <MCI><INFO> sort_camera_info: 1733: Number of cameras 2 sorted 2
04-26 14:18:04.510   574   574 E QCamera : <MCI><ERROR> get_num_of_cameras: 1908: num_cameras=2
04-26 14:18:04.510   574   574 I CamPrvdr@2.4-legacy: Loaded "QCamera Module" camera module
04-26 14:18:04.511   574   574 I QCamera : <HAL><INFO> getCameraInfo: 340: Camera id 0 API version 768
04-26 14:18:04.512   899   899 I mm-camera: < INFO> 395: void enable_memleak_trace(int): start memleak tracking.
04-26 14:18:04.512  1190  1190 D BootAnimation: BootAnimationStartTiming start time: 27255ms
04-26 14:18:04.512  1190  1190 D BootAnimation: BootAnimationPreloadTiming start time: 27255ms
04-26 14:18:04.520   570   620 E EffectsFactoryConfigLoader: Could not find library audiosphere to load effect audiosphere
04-26 14:18:04.520   570   620 I EffectDiracSound: DiracSoundLib_GetDescriptor() start
04-26 14:18:04.520   570   620 E EffectsFactoryConfigLoader: 2 errors during loading of configuration: /vendor/etc/audio_effects.xml
04-26 14:18:04.520   570   620 E EffectsFactory: Effect config is partially invalid, skipped 2 elements
04-26 14:18:04.520   610   610 I BufferProvider: found effect "Multichannel Downmix To Stereo" from The Android Open Source Project
04-26 14:18:04.521   610   610 E AudioFlinger: Failed to add event callback
04-26 14:18:04.522   610  1225 I AudioFlinger: AudioFlinger's thread 0x74b72e5040 tid=1225 ready to run
04-26 14:18:04.522   610  1225 W AudioFlinger: no wake lock to update, system not ready yet
04-26 14:18:04.522   610  1225 D AudioFlinger: ro.audio.silent is ignored since no output device is set
04-26 14:18:04.522   570   618 D audio_hw_primary: out_standby: enter: stream (0xe4e864c0) usecase(1: low-latency-playback)
04-26 14:18:04.522   570   618 D audio_hw_primary: out_standby: exit
04-26 14:18:04.522   570   620 D audio_hw_primary: adev_get_parameters:routing=2;supEncapsulationMetadataTypes;supEncapsulationModes
04-26 14:18:04.522   570   620 D audio_hw_spkr_prot: fbsp_get_parameters: Speaker protection disabled
04-26 14:18:04.522   570   620 D soundtrigger: audio_extn_sound_trigger_get_parameters input string<supEncapsulationModes=;routing=2;supEncapsulationMetadataTypes=>
04-26 14:18:04.522   570   620 D soundtrigger: extract_sm_handle input string <supEncapsulationModes=;routing=2;supEncapsulationMetadataTypes=> param string <supEncapsulationModes=;routing=2;supEncapsulationMetadataTypes=>
04-26 14:18:04.522   570   620 D audio_hw_extn: audio_extn_fm_get_parameters: Enter
04-26 14:18:04.522   570   620 D audio_hw_extn: audio_extn_get_parameters: returns 
04-26 14:18:04.522   570   620 D audio_hw_primary: adev_get_parameters: exit: returns - 
04-26 14:18:04.523   570   620 D audio_hw_primary: adev_get_parameters:routing=1;supEncapsulationMetadataTypes;supEncapsulationModes
04-26 14:18:04.523   570   620 D audio_hw_spkr_prot: fbsp_get_parameters: Speaker protection disabled
04-26 14:18:04.523   570   620 D soundtrigger: audio_extn_sound_trigger_get_parameters input string<supEncapsulationModes=;routing=1;supEncapsulationMetadataTypes=>
04-26 14:18:04.523   570   620 D soundtrigger: extract_sm_handle input string <supEncapsulationModes=;routing=1;supEncapsulationMetadataTypes=> param string <supEncapsulationModes=;routing=1;supEncapsulationMetadataTypes=>
04-26 14:18:04.523   570   620 D audio_hw_extn: audio_extn_fm_get_parameters: Enter
04-26 14:18:04.523   570   620 D audio_hw_extn: audio_extn_get_parameters: returns 
04-26 14:18:04.523   570   620 D audio_hw_primary: adev_get_parameters: exit: returns - 
04-26 14:18:04.525   610  1225 W AudioFlinger: no wake lock to update, system not ready yet
04-26 14:18:04.525   610  1225 D AudioFlinger: ro.audio.silent is ignored since no output device is set
04-26 14:18:04.529   610   610 W AudioFlinger: moveEffects() bad srcOutput 0
04-26 14:18:04.529   610   610 V APM_AudioPolicyManager: selectOutputForMusicEffects selected output 13
04-26 14:18:04.529   610   610 V APM_AudioPolicyManager: setOutputDevices device {type:0x2,@:} delayMs 0
04-26 14:18:04.529   610   610 V APM_AudioPolicyManager: setOutputDevices() prevDevice {type:0x2,@:}
04-26 14:18:04.530   610   610 W APM::AudioPolicyEngine: getDevicesForStrategy() unknown strategy: -1
04-26 14:18:04.530   610   610 V APM_AudioPolicyManager: setOutputDevices changing device to {type:0x2,@:}
04-26 14:18:04.533   899   899 I mm-camera: <MCT   >< INFO> 63: mct_controller_new: Creating new mct_controller with session-id 2
04-26 14:18:04.534   899  1227 I mm-camera: <MCT   >< INFO> 4527: mct_pipeline_start_session_thread: E sensor
04-26 14:18:04.534   899  1227 I mm-camera: <MCT   >< INFO> 4534: mct_pipeline_start_session_thread: Calling start_session on Module sensor
04-26 14:18:04.534   899  1228 I mm-camera: <MCT   >< INFO> 4527: mct_pipeline_start_session_thread: E iface
04-26 14:18:04.534   899  1228 I mm-camera: <MCT   >< INFO> 4534: mct_pipeline_start_session_thread: Calling start_session on Module iface
04-26 14:18:04.534   899  1230 I mm-camera: <MCT   >< INFO> 4527: mct_pipeline_start_session_thread: E isp
04-26 14:18:04.534   899  1230 I mm-camera: <MCT   >< INFO> 4534: mct_pipeline_start_session_thread: Calling start_session on Module isp
04-26 14:18:04.534   899  1230 I mm-camera: <ISP   >< INFO> 201: isp_module_start_session: session id 2
04-26 14:18:04.535   899  1231 I mm-camera: <MCT   >< INFO> 4527: mct_pipeline_start_session_thread: E stats
04-26 14:18:04.535   899  1231 I mm-camera: <MCT   >< INFO> 4534: mct_pipeline_start_session_thread: Calling start_session on Module stats
04-26 14:18:04.536   899  1228 I mm-camera: <MCT   >< INFO> 4537: mct_pipeline_start_session_thread: Module iface start_session rc = 1
04-26 14:18:04.536   899  1232 I mm-camera: <MCT   >< INFO> 4527: mct_pipeline_start_session_thread: E pproc
04-26 14:18:04.536   899  1228 I mm-camera: <MCT   >< INFO> 4545: mct_pipeline_start_session_thread: started_num = 1, success = 1
04-26 14:18:04.536   899  1228 I mm-camera: <MCT   >< INFO> 4552: mct_pipeline_start_session_thread: X iface
04-26 14:18:04.536   899  1232 I mm-camera: <MCT   >< INFO> 4534: mct_pipeline_start_session_thread: Calling start_session on Module pproc
04-26 14:18:04.538   899  1234 I mm-camera: <MCT   >< INFO> 4527: mct_pipeline_start_session_thread: E imglib
04-26 14:18:04.538   899  1234 I mm-camera: <MCT   >< INFO> 4534: mct_pipeline_start_session_thread: Calling start_session on Module imglib
04-26 14:18:04.539   899  1234 I mm-camera: <MCT   >< INFO> 4537: mct_pipeline_start_session_thread: Module imglib start_session rc = 1
04-26 14:18:04.539   899  1234 I mm-camera: <MCT   >< INFO> 4545: mct_pipeline_start_session_thread: started_num = 2, success = 2
04-26 14:18:04.539   899  1234 I mm-camera: <MCT   >< INFO> 4552: mct_pipeline_start_session_thread: X imglib
