04-26 14:18:04.539   899  1230 I mm-camera: <MCT   >< INFO> 4537: mct_pipeline_start_session_thread: Module isp start_session rc = 1
04-26 14:18:04.539   899  1230 I mm-camera: <MCT   >< INFO> 4545: mct_pipeline_start_session_thread: started_num = 3, success = 3
04-26 14:18:04.539   899  1230 I mm-camera: <MCT   >< INFO> 4552: mct_pipeline_start_session_thread: X isp
04-26 14:18:04.540   800   843 I ServiceManager: Waiting for service 'package_native' on '/dev/binder'...
04-26 14:18:04.540   845   845 I ServiceManager: Waiting for service 'package_native' on '/dev/binder'...
04-26 14:18:04.540   899  1231 E mm-camera: <STATS_AIS ><ERROR> 448: dsps_open: try to sensor1_open()
04-26 14:18:04.540   899  1231 E libsensor1: check_sensors_enabled: Sensors enabled = true
04-26 14:18:04.540   899  1232 I mm-camera: <MCT   >< INFO> 4537: mct_pipeline_start_session_thread: Module pproc start_session rc = 1
04-26 14:18:04.540   899  1232 I mm-camera: <MCT   >< INFO> 4545: mct_pipeline_start_session_thread: started_num = 4, success = 4
04-26 14:18:04.540   899  1232 I mm-camera: <MCT   >< INFO> 4552: mct_pipeline_start_session_thread: X pproc
04-26 14:18:04.541   899  1227 I mm-camera: <MCT   >< INFO> 4537: mct_pipeline_start_session_thread: Module sensor start_session rc = 1
04-26 14:18:04.541   899  1227 I mm-camera: <MCT   >< INFO> 4545: mct_pipeline_start_session_thread: started_num = 5, success = 5
04-26 14:18:04.541   899  1227 I mm-camera: <MCT   >< INFO> 4552: mct_pipeline_start_session_thread: X sensor
04-26 14:18:04.549   899  1231 I mm-camera: <MCT   >< INFO> 4537: mct_pipeline_start_session_thread: Module stats start_session rc = 1
04-26 14:18:04.549   899  1231 I mm-camera: <MCT   >< INFO> 4545: mct_pipeline_start_session_thread: started_num = 6, success = 6
04-26 14:18:04.549   899  1231 I mm-camera: <MCT   >< INFO> 4552: mct_pipeline_start_session_thread: X stats
04-26 14:18:04.549   787   787 I ServiceManager: Waiting for service 'package_native' on '/dev/binder'...
04-26 14:18:04.555   570   620 D audio_hw_primary: adev_create_audio_patch: enter: num sources 1, num_sinks 1, handle 0
04-26 14:18:04.555   570   620 D audio_hw_primary: adev_create_audio_patch: Playback patch from mix handle 13 to device 2
04-26 14:18:04.555   570   620 D audio_hw_primary: update_patch: enter
04-26 14:18:04.555   570   620 D audio_hw_primary: route_output_stream: enter: usecase(1: low-latency-playback) devices 2
04-26 14:18:04.555   570   620 D audio_hw_primary: adev_create_audio_patch: Added a new patch with handle 1
04-26 14:18:04.555   610   610 V APM_AudioPolicyManager: setOutputDevices() AF::createAudioPatch returned 0 patchHandle 12 num_sources 1 num_sinks 1
04-26 14:18:04.561   610   610 I AudioFlinger: openOutput() this 0x72d4bc23c0, module 10 Device type:0x1,@:, SamplingRate 48000, Format 0x000001, Channels 0x3, flags 0x104
04-26 14:18:04.561   570   620 D audio_hw_primary: adev_open_output_stream: enter: format(0x1) sample_rate(48000) channel_mask(0x3) devices(0x1) flags(0x104)        stream_handle(0xe4e80010) address()
04-26 14:18:04.562   570   620 D audio_hw_primary: adev_open_output_stream: Stream (0xe4e80010) picks up usecase (audio-ull-playback)
04-26 14:18:04.562   570   620 D audio_hw_primary: io_streams_map_insert: Added stream in io_streams_map with handle 21
04-26 14:18:04.563   610   610 I AudioFlinger: HAL output buffer size 192 frames, normal sink buffer size 960 frames
04-26 14:18:04.563   899   899 I mm-camera: <MCT   >< INFO> 4448: mct_pipeline_start_stream_internal: Adding session stream streamid= 0xf for session=2
04-26 14:18:04.563   899   899 I mm-camera: <MCT   >< INFO> 4496: mct_pipeline_start_stream_internal: Linking session stream for session 2
04-26 14:18:04.563   899   899 I mm-camera: <MCT   >< INFO> 503: mct_stream_start_link: Start linking Session-stream 0x2000f
04-26 14:18:04.563   899   899 I mm-camera: <IFACE >< INFO> 338: iface_util_find_primary_cid: iface_util_find_primary_cid:338 error cannot find primary sensor format cids 1
04-26 14:18:04.563   899   899 I mm-camera: <ISP   >< INFO> 798: isp_port_check_caps_reserve: port 0xec2154f0 ide 2000f type 10 dim 0 0
04-26 14:18:04.564   899   899 I mm-camera: <PPROC >< INFO> 446: pproc_port_add_modules_to_stream: in identity 2000f stream 10 int_link = 0xec219cf0
04-26 14:18:04.564   899   899 I mm-camera: <PPROC >< INFO> 458: pproc_port_add_modules_to_stream: :LINK linking mods tmod and ppeiscore for identity 2000f
04-26 14:18:04.564   610   610 E AudioFlinger: Failed to add event callback
04-26 14:18:04.564   610  1247 I AudioFlinger: AudioFlinger's thread 0x74b70ea040 tid=1247 ready to run
04-26 14:18:04.564   899   899 I mm-camera: <PPROC >< INFO> 458: pproc_port_add_modules_to_stream: :LINK linking mods ppeiscore and c2d for identity 2000f
04-26 14:18:04.564   610  1247 W AudioFlinger: no wake lock to update, system not ready yet
04-26 14:18:04.564   610  1247 D AudioFlinger: ro.audio.silent is ignored since no output device is set
04-26 14:18:04.564   899   899 I mm-camera: <C2D   >< INFO> 1490: c2d_module_notify_add_stream: width 0, height 0, stride 0, scanline 0, is_type 0
04-26 14:18:04.564   899   899 I mm-camera: <PPROC >< INFO> 458: pproc_port_add_modules_to_stream: :LINK linking mods c2d and cpp for identity 2000f
04-26 14:18:04.564   899   899 I mm-camera: <CPP   >< INFO> 2141: cpp_module_notify_add_stream: :width 0, height 0, stride 0, scanline 0, framelen 0
04-26 14:18:04.564   899   899 I mm-camera: <CPP   >< INFO> 2306: cpp_module_notify_add_stream: : stream 10, fmt 1, asf_mode 0, sharpness_level 0.000000,asf mask 0, denoise 0, denoise_mask 0, dsdn mask 0,dsdn enable 0, tnr mask 0, tnr enable 0, ds_mask 0
04-26 14:18:04.564   570  1226 D audio_hw_primary: out_standby: enter: stream (0xe4e80010) usecase(12: audio-ull-playback)
04-26 14:18:04.564   570  1226 D audio_hw_primary: out_standby: exit
04-26 14:18:04.564   899   899 I mm-camera: <PPROC >< INFO> 458: pproc_port_add_modules_to_stream: :LINK linking mods cpp and paaf for identity 2000f
04-26 14:18:04.565   899   899 I mm-camera: <PPROC >< INFO> 458: pproc_port_add_modules_to_stream: :LINK linking mods paaf and sw_tnr for identity 2000f
04-26 14:18:04.565   610  1247 W AudioFlinger: no wake lock to update, system not ready yet
04-26 14:18:04.565   610  1247 D AudioFlinger: ro.audio.silent is ignored since no output device is set
04-26 14:18:04.565   899   899 I mm-camera: <PPROC >< INFO> 458: pproc_port_add_modules_to_stream: :LINK linking mods sw_tnr and llvd for identity 2000f
04-26 14:18:04.566   899   899 I mm-camera: <PPROC >< INFO> 458: pproc_port_add_modules_to_stream: :LINK linking mods llvd and ezt for identity 2000f
04-26 14:18:04.566   899   899 I mm-camera: <PPROC >< INFO> 458: pproc_port_add_modules_to_stream: :LINK linking mods ezt and quadracfa for identity 2000f
04-26 14:18:04.568   899   899 I mm-camera: <MCT   >< INFO> 4505: mct_pipeline_start_stream_internal: Session stream linked successfully session 2
04-26 14:18:04.570   609   640 D PerMgrSrv: modem new state: is on-line
04-26 14:18:04.571   609   634 D PerMgrSrv: modem state: is on-line, add client QCRIL
04-26 14:18:04.571   609   634 D PerMgrSrv: QCRIL registered
04-26 14:18:04.571   609   881 D PerMgrSrv: modem state: is on-line, add client QCRIL
04-26 14:18:04.571   609   881 D PerMgrSrv: QCRIL registered
04-26 14:18:04.571   700   700 D PerMgrLib: QCRIL successfully registered for modem
04-26 14:18:04.575   616   616 I vendor.rmt_storage: rmt_storage_connect_cb: clnt_h=0x1 conn_h=0x6e68862430
04-26 14:18:04.575   616   616 I vendor.rmt_storage: rmt_storage_open_cb: /boot/modem_fs1: req_h=0x1 msg_id=1: Client found
04-26 14:18:04.575   616   616 I vendor.rmt_storage: rmt_storage_open_cb: /boot/modem_fs1: req_h=0x1 msg_id=1: Send response: res=0 err=0
04-26 14:18:04.575   616  1269 I vendor.rmt_storage: rmt_storage_client_thread: /boot/modem_fs1: Worker thread started
04-26 14:18:04.575   616  1269 I vendor.rmt_storage: wake lock name: rmt_storage_471782317248, name creation success: 24
04-26 14:18:04.576   610   610 V APM_AudioPolicyManager: selectOutputForMusicEffects selected output 13
04-26 14:18:04.576   610   610 V APM_AudioPolicyManager: setOutputDevices device {type:0x1,@:} delayMs 0
04-26 14:18:04.576   610   610 V APM_AudioPolicyManager: setOutputDevices() prevDevice {type:0x1,@:}
04-26 14:18:04.576   616   616 I vendor.rmt_storage: rmt_storage_disconnect_cb: clnt_h=0x1 conn_h=0x6e68862430
04-26 14:18:04.577   616   616 I vendor.rmt_storage: rmt_storage_connect_cb: clnt_h=0x2 conn_h=0x6e68862430
04-26 14:18:04.577   610   610 W APM::AudioPolicyEngine: getDevicesForStrategy() unknown strategy: -1
04-26 14:18:04.577   610   610 V APM_AudioPolicyManager: setOutputDevices changing device to {type:0x1,@:}
04-26 14:18:04.577   616   616 I vendor.rmt_storage: rmt_storage_open_cb: /boot/modem_fs2: req_h=0x2 msg_id=1: Client found
04-26 14:18:04.577   616   616 I vendor.rmt_storage: rmt_storage_open_cb: /boot/modem_fs2: req_h=0x2 msg_id=1: Send response: res=0 err=0
04-26 14:18:04.577   616  1270 I vendor.rmt_storage: rmt_storage_client_thread: /boot/modem_fs2: Worker thread started
04-26 14:18:04.577   616  1270 I vendor.rmt_storage: wake lock name: rmt_storage_471757159616, name creation success: 24
04-26 14:18:04.578   616   616 I vendor.rmt_storage: rmt_storage_disconnect_cb: clnt_h=0x2 conn_h=0x6e68862430
04-26 14:18:04.578   616   616 I vendor.rmt_storage: rmt_storage_connect_cb: clnt_h=0x3 conn_h=0x6e68862430
04-26 14:18:04.578   616   616 I vendor.rmt_storage: rmt_storage_open_cb: /boot/modem_fsg: req_h=0x3 msg_id=1: Client found
04-26 14:18:04.578   616   616 I vendor.rmt_storage: rmt_storage_open_cb: /boot/modem_fsg: req_h=0x3 msg_id=1: Send response: res=0 err=0
04-26 14:18:04.578   616  1271 I vendor.rmt_storage: rmt_storage_client_thread: /boot/modem_fsg: Worker thread started
04-26 14:18:04.578   616  1271 I vendor.rmt_storage: wake lock name: rmt_storage_471732001984, name creation success: 24
04-26 14:18:04.579   616   616 I vendor.rmt_storage: rmt_storage_disconnect_cb: clnt_h=0x3 conn_h=0x6e68862430
04-26 14:18:04.579   616   616 I vendor.rmt_storage: rmt_storage_connect_cb: clnt_h=0x4 conn_h=0x6e68862430
04-26 14:18:04.579   616   616 I vendor.rmt_storage: rmt_storage_open_cb: /boot/modem_fsc: req_h=0x4 msg_id=1: Client found
04-26 14:18:04.579   616   616 I vendor.rmt_storage: rmt_storage_open_cb: /boot/modem_fsc: req_h=0x4 msg_id=1: Send response: res=0 err=0
04-26 14:18:04.579   616  1272 I vendor.rmt_storage: rmt_storage_client_thread: /boot/modem_fsc: Worker thread started
04-26 14:18:04.579   616  1272 I vendor.rmt_storage: wake lock name: rmt_storage_471706844352, name creation success: 24
04-26 14:18:04.580   616   616 I vendor.rmt_storage: rmt_storage_disconnect_cb: clnt_h=0x4 conn_h=0x6e68862430
04-26 14:18:04.581   616   616 I vendor.rmt_storage: rmt_storage_connect_cb: clnt_h=0x5 conn_h=0x6e68862430
04-26 14:18:04.581   616   616 I vendor.rmt_storage: rmt_storage_alloc_buff_cb: /boot/modem_fs1: req_h=0x5 msg_id=4: Alloc request received: Size: 0
04-26 14:18:04.581   616   616 I vendor.rmt_storage: rmt_storage_alloc_buff_cb: /boot/modem_fs1: req_h=0x5 msg_id=4: New client making a dummy request with buffer req size 0
04-26 14:18:04.581   616   616 I vendor.rmt_storage: rmt_storage_alloc_buff_cb: /boot/modem_fs1: req_h=0x5 msg_id=4: Send response: res=0 err=0
04-26 14:18:04.581   616   616 I vendor.rmt_storage: rmt_storage_disconnect_cb: clnt_h=0x5 conn_h=0x6e68862430
04-26 14:18:04.582   616   616 I vendor.rmt_storage: rmt_storage_connect_cb: clnt_h=0x6 conn_h=0x6e68862430
04-26 14:18:04.582   616   616 I vendor.rmt_storage: rmt_storage_rw_iovec_cb: /boot/modem_fs1: req_h=0x6 msg_id=3: R/W request received (wr_count 0)
04-26 14:18:04.582   616   616 I vendor.rmt_storage: wakelock acquired: 1, error no: 42
04-26 14:18:04.582   616  1269 I vendor.rmt_storage: rmt_storage_client_thread: /boot/modem_fs1: Unblock worker thread (th_id: 471782317248)
04-26 14:18:04.582   616  1269 I vendor.rmt_storage: rmt_storage_client_thread: /boot/modem_fs1: req_h=0x6 msg_id=3: Bytes read = 512, wr_count 0
04-26 14:18:04.582   616  1269 I vendor.rmt_storage: rmt_storage_client_thread: /boot/modem_fs1: req_h=0x6 msg_id=3: Send response: res=0 err=0, wr_count 0
04-26 14:18:04.583   616  1269 I vendor.rmt_storage: rmt_storage_client_thread: /boot/modem_fs1: About to block rmt_storage client thread (th_id: 471782317248) wakelock released: 1, error no: 0
04-26 14:18:04.583   616  1269 I vendor.rmt_storage: 
04-26 14:18:04.583   616   616 I vendor.rmt_storage: rmt_storage_disconnect_cb: clnt_h=0x6 conn_h=0x6e68862430
04-26 14:18:04.583   616   616 I vendor.rmt_storage: rmt_storage_connect_cb: clnt_h=0x7 conn_h=0x6e68862430
04-26 14:18:04.583   616   616 I vendor.rmt_storage: rmt_storage_rw_iovec_cb: /boot/modem_fs2: req_h=0x7 msg_id=3: R/W request received (wr_count 0)
04-26 14:18:04.583   616   616 I vendor.rmt_storage: wakelock acquired: 1, error no: 42
04-26 14:18:04.583   616  1270 I vendor.rmt_storage: rmt_storage_client_thread: /boot/modem_fs2: Unblock worker thread (th_id: 471757159616)
04-26 14:18:04.584   616  1270 I vendor.rmt_storage: rmt_storage_client_thread: /boot/modem_fs2: req_h=0x7 msg_id=3: Bytes read = 512, wr_count 0
04-26 14:18:04.584   616  1270 I vendor.rmt_storage: rmt_storage_client_thread: /boot/modem_fs2: req_h=0x7 msg_id=3: Send response: res=0 err=0, wr_count 0
04-26 14:18:04.584   616  1270 I vendor.rmt_storage: rmt_storage_client_thread: /boot/modem_fs2: About to block rmt_storage client thread (th_id: 471757159616) wakelock released: 1, error no: 0
04-26 14:18:04.584   616  1270 I vendor.rmt_storage: 
04-26 14:18:04.584   616   616 I vendor.rmt_storage: rmt_storage_disconnect_cb: clnt_h=0x7 conn_h=0x6e68862430
04-26 14:18:04.586   616   616 I vendor.rmt_storage: rmt_storage_connect_cb: clnt_h=0x8 conn_h=0x6e68862430
04-26 14:18:04.586   616   616 I vendor.rmt_storage: rmt_storage_rw_iovec_cb: /boot/modem_fs2: req_h=0x8 msg_id=3: R/W request received (wr_count 0)
04-26 14:18:04.586   616   616 I vendor.rmt_storage: wakelock acquired: 1, error no: 42
04-26 14:18:04.586   616  1270 I vendor.rmt_storage: rmt_storage_client_thread: /boot/modem_fs2: Unblock worker thread (th_id: 471757159616)
04-26 14:18:04.596   616  1270 I vendor.rmt_storage: rmt_storage_client_thread: /boot/modem_fs2: req_h=0x8 msg_id=3: Bytes read = 1571840, wr_count 0
04-26 14:18:04.596   616  1270 I vendor.rmt_storage: rmt_storage_client_thread: /boot/modem_fs2: req_h=0x8 msg_id=3: Send response: res=0 err=0, wr_count 0
04-26 14:18:04.596   616  1270 I vendor.rmt_storage: rmt_storage_client_thread: /boot/modem_fs2: About to block rmt_storage client thread (th_id: 471757159616) wakelock released: 1, error no: 0
04-26 14:18:04.596   616  1270 I vendor.rmt_storage: 
04-26 14:18:04.596   616   616 I vendor.rmt_storage: rmt_storage_disconnect_cb: clnt_h=0x8 conn_h=0x6e68862430
04-26 14:18:04.602   570  1226 D audio_hw_primary: adev_create_audio_patch: enter: num sources 1, num_sinks 1, handle 0
04-26 14:18:04.602   570  1226 D audio_hw_primary: adev_create_audio_patch: Playback patch from mix handle 21 to device 1
04-26 14:18:04.602   570  1226 D audio_hw_primary: update_patch: enter
04-26 14:18:04.602   570  1226 D audio_hw_primary: route_output_stream: enter: usecase(12: audio-ull-playback) devices 1
04-26 14:18:04.602   570  1226 D audio_hw_primary: adev_create_audio_patch: Added a new patch with handle 2
04-26 14:18:04.602   610   610 V APM_AudioPolicyManager: setOutputDevices() AF::createAudioPatch returned 0 patchHandle 20 num_sources 1 num_sinks 1
04-26 14:18:04.607   610   610 I AudioFlinger: openOutput() this 0x72d4bc23c0, module 10 Device type:0x2,@:, SamplingRate 48000, Format 0x000001, Channels 0x3, flags 0x8
04-26 14:18:04.608   570  1226 D audio_hw_primary: adev_open_output_stream: enter: format(0x1) sample_rate(48000) channel_mask(0x3) devices(0x2) flags(0x8)        stream_handle(0xe4e88650) address()
04-26 14:18:04.608   570  1226 I audio_hw_utils: audio_extn_utils_update_stream_output_app_type_cfg Allowing 24 and above bits playback on speaker ONLY at default sampling rate
04-26 14:18:04.608   570  1226 D audio_hw_primary: adev_open_output_stream: Stream (0xe4e88650) picks up usecase (deep-buffer-playback)
04-26 14:18:04.608   570  1226 D audio_hw_primary: io_streams_map_insert: Added stream in io_streams_map with handle 29
04-26 14:18:04.609   610   610 I AudioFlinger: HAL output buffer size 1920 frames, normal sink buffer size 1920 frames
04-26 14:18:04.609   610   610 E AudioFlinger: Failed to add event callback
04-26 14:18:04.610   610  1273 I AudioFlinger: AudioFlinger's thread 0x74b6ad9040 tid=1273 ready to run
04-26 14:18:04.610   610  1273 W AudioFlinger: no wake lock to update, system not ready yet
04-26 14:18:04.610   610  1273 D AudioFlinger: ro.audio.silent is ignored since no output device is set
04-26 14:18:04.610   570  1226 D audio_hw_primary: out_standby: enter: stream (0xe4e88650) usecase(0: deep-buffer-playback)
04-26 14:18:04.610   570  1226 D audio_hw_primary: out_standby: exit
04-26 14:18:04.610   610  1273 W AudioFlinger: no wake lock to update, system not ready yet
04-26 14:18:04.610   610  1273 D AudioFlinger: ro.audio.silent is ignored since no output device is set
04-26 14:18:04.615   610   610 V APM_AudioPolicyManager: selectOutputForMusicEffects selected output 13
04-26 14:18:04.615   610   610 V APM_AudioPolicyManager: setOutputDevices device {type:0x2,@:} delayMs 0
04-26 14:18:04.615   610   610 V APM_AudioPolicyManager: setOutputDevices() prevDevice {type:0x2,@:}
04-26 14:18:04.616   610   610 W APM::AudioPolicyEngine: getDevicesForStrategy() unknown strategy: -1
04-26 14:18:04.616   610   610 V APM_AudioPolicyManager: setOutputDevices changing device to {type:0x2,@:}
04-26 14:18:04.628   899  1255 I mm-camera: <IMGLIB>< INFO> 2062: module_faceproc_query_mod: Caps ROI 10 scene_mode_cnt 1 HW analysis supported 0
04-26 14:18:04.629   899  1255 I mm-camera: <MCT   >< INFO> 1758: mct_pipeline_append_fps_entry:  Added hal_table[0]: (15.000000, 15.000000)
04-26 14:18:04.629   899  1255 I mm-camera: <MCT   >< INFO> 1758: mct_pipeline_append_fps_entry:  Added hal_table[1]: (20.000000, 20.000000)
04-26 14:18:04.629   899  1255 I mm-camera: <MCT   >< INFO> 1758: mct_pipeline_append_fps_entry:  Added hal_table[2]: (7.500000, 24.000000)
04-26 14:18:04.629   899  1255 I mm-camera: <MCT   >< INFO> 1771: mct_pipeline_append_fps_entry:  Added hal_table[3]: (24.000000, 24.000000)
04-26 14:18:04.629   899  1255 I mm-camera: <MCT   >< INFO> 1758: mct_pipeline_append_fps_entry:  Added hal_table[4]: (7.000000, 30.000000)
04-26 14:18:04.629   899  1255 I mm-camera: <MCT   >< INFO> 1771: mct_pipeline_append_fps_entry:  Added hal_table[5]: (30.000000, 30.000000)
04-26 14:18:04.629   899  1255 I mm-camera: <MCT   >< INFO> 2942: mct_pipeline_fill_dimensions_snapshot: Cam 0: FPS range selection complete. Publishing 6 ranges.
04-26 14:18:04.630   899   899 I mm-camera: <MCT   >< INFO> 216: mct_controller_destroy: Initiating destroy sequence for session = 2
04-26 14:18:04.631   879   879 I HidlServiceManagement: Registered vendor.qti.hardware.radio.am@1.0::IQcRilAudio/slot1
04-26 14:18:04.631   899   899 I mm-camera: <MCT   >< INFO> 234: mct_controller_destroy: serv_thread closed
04-26 14:18:04.631   899   899 I mm-camera: <MCT   >< INFO> 249: mct_controller_destroy: bus_handler thread closed
04-26 14:18:04.631   899   899 I mm-camera: <MCT   >< INFO> 4605: mct_pipeline_stop_session: Initiating stop_session on session 2
04-26 14:18:04.631   899   899 I mm-camera: <MCT   >< INFO> 3646: mct_pipeline_process_set: command=800000b
04-26 14:18:04.631   899   899 I mm-camera: <MCT   >< INFO> 3864: mct_pipeline_process_set: Issuing DEL_STREAM on stream 0x2000f and stream type=10
04-26 14:18:04.631   899   899 I mm-camera: <IFACE >< INFO> 671: iface_unreserve_sink_port: stream_id f mode 0 
04-26 14:18:04.631   899   899 I mm-camera: <ISP   >< INFO> 887: isp_port_check_caps_unreserve: ide 2000f port 0xec2154f0
04-26 14:18:04.633   899   899 I mm-camera: <MCT   >< INFO> 3875: mct_pipeline_process_set: Stream 0x2000f and stream type=10, successfully deleted
04-26 14:18:04.633   899  1277 I mm-camera: <MCT   >< INFO> 4339: mct_pipeline_stop_session_thread: Stop module name: sensor - E
04-26 14:18:04.633   899  1278 I mm-camera: <MCT   >< INFO> 4339: mct_pipeline_stop_session_thread: Stop module name: iface - E
04-26 14:18:04.633   899  1279 I mm-camera: <MCT   >< INFO> 4339: mct_pipeline_stop_session_thread: Stop module name: isp - E
04-26 14:18:04.633   899  1279 I mm-camera: <ISP   >< INFO> 490: isp_module_stop_session: session id 2
04-26 14:18:04.634   899  1280 I mm-camera: <MCT   >< INFO> 4339: mct_pipeline_stop_session_thread: Stop module name: stats - E
04-26 14:18:04.634   899  1281 I mm-camera: <MCT   >< INFO> 4339: mct_pipeline_stop_session_thread: Stop module name: pproc - E
04-26 14:18:04.634   899  1282 I mm-camera: <MCT   >< INFO> 4339: mct_pipeline_stop_session_thread: Stop module name: imglib - E
04-26 14:18:04.635   899  1278 I mm-camera: <MCT   >< INFO> 4347: mct_pipeline_stop_session_thread: Stop module name: iface - X
04-26 14:18:04.635   899   899 I mm-camera: <MCT   >< INFO> 4627: mct_pipeline_stop_session: Modules left: 5
04-26 14:18:04.636   899  1279 I mm-camera: <MCT   >< INFO> 4347: mct_pipeline_stop_session_thread: Stop module name: isp - X
04-26 14:18:04.636   899  1282 I mm-camera: <MCT   >< INFO> 4347: mct_pipeline_stop_session_thread: Stop module name: imglib - X
04-26 14:18:04.637   899   899 I mm-camera: <MCT   >< INFO> 4627: mct_pipeline_stop_session: Modules left: 4
04-26 14:18:04.637   899   899 I mm-camera: <MCT   >< INFO> 4627: mct_pipeline_stop_session: Modules left: 3
04-26 14:18:04.637   899  1281 I mm-camera: <MCT   >< INFO> 4347: mct_pipeline_stop_session_thread: Stop module name: pproc - X
04-26 14:18:04.637   899   899 I mm-camera: <MCT   >< INFO> 4627: mct_pipeline_stop_session: Modules left: 2
04-26 14:18:04.638   899  1280 I mm-camera: <MCT   >< INFO> 4347: mct_pipeline_stop_session_thread: Stop module name: stats - X
04-26 14:18:04.638   899   899 I mm-camera: <MCT   >< INFO> 4627: mct_pipeline_stop_session: Modules left: 1
04-26 14:18:04.640   800   843 I ServiceManager: Waiting for service 'package_native' on '/dev/binder'...
04-26 14:18:04.640   845   845 I ServiceManager: Waiting for service 'package_native' on '/dev/binder'...
04-26 14:18:04.640   879   879 I HidlServiceManagement: Registered android.hardware.radio@1.1::IRadio/slot1
04-26 14:18:04.647   879   879 I HidlServiceManagement: Registered android.hardware.radio@1.1::ISap/slot1
04-26 14:18:04.648  1164  1164 I HidlServiceManagement: Registered android.hardware.biometrics.fingerprint@2.1::IBiometricsFingerprint/default
04-26 14:18:04.649  1164  1164 I HidlServiceManagement: Removing namespace from process name android.hardware.biometrics.fingerprint@2.1-service.xiaomi_mido to fingerprint@2.1-service.xiaomi_mido.
04-26 14:18:04.650   787   787 I ServiceManager: Waiting for service 'package_native' on '/dev/binder'...
04-26 14:18:04.651   879   914 D PerMgrLib: QCRIL voting for modem
04-26 14:18:04.651   609   881 D PerMgrSrv: QCRIL voting for modem
04-26 14:18:04.651   609   881 D PerMgrSrv: modem num voters is 2
04-26 14:18:04.657   570  1226 D audio_hw_primary: adev_create_audio_patch: enter: num sources 1, num_sinks 1, handle 0
04-26 14:18:04.657   570  1226 D audio_hw_primary: adev_create_audio_patch: Playback patch from mix handle 29 to device 2
04-26 14:18:04.657   570  1226 D audio_hw_primary: update_patch: enter
04-26 14:18:04.657   570  1226 D audio_hw_primary: route_output_stream: enter: usecase(0: deep-buffer-playback) devices 2
04-26 14:18:04.657   570  1226 D audio_hw_primary: adev_create_audio_patch: Added a new patch with handle 3
04-26 14:18:04.658   610   610 V APM_AudioPolicyManager: setOutputDevices() AF::createAudioPatch returned 0 patchHandle 28 num_sources 1 num_sinks 1
04-26 14:18:04.662   610   610 I AudioFlinger: openOutput() this 0x72d4bc23c0, module 10 Device type:0x2,@:, SamplingRate 8000, Format 0x000006, Channels 0x1, flags 0x1
04-26 14:18:04.662   570  1226 D audio_hw_primary: adev_open_output_stream: enter: format(0x6) sample_rate(8000) channel_mask(0x1) devices(0x2) flags(0x1)        stream_handle(0xe4e8eb00) address()
04-26 14:18:04.662   570  1226 I audio_hw_utils: PCM offload Fragment size to 960 bytes
04-26 14:18:04.662   570  1226 I audio_hw_utils: audio_extn_utils_update_stream_output_app_type_cfg Allowing 24 and above bits playback on speaker ONLY at default sampling rate
04-26 14:18:04.662   570  1226 D audio_hw_primary: adev_open_output_stream: Stream (0xe4e8eb00) picks up usecase (compress-offload-playback2)
04-26 14:18:04.662   570  1226 D audio_hw_primary: io_streams_map_insert: Added stream in io_streams_map with handle 37
04-26 14:18:04.663   610   610 I AudioFlinger: HAL output buffer size 320 frames, normal sink buffer size 320 frames
04-26 14:18:04.664   570  1226 D audio_hw_utils: audio_extn_utils_compress_get_dsp_latency:: Using Fix DSP delay
04-26 14:18:04.664   570  1226 D audio_hw_utils: audio_extn_utils_compress_get_dsp_latency:: delay in ms is 62
04-26 14:18:04.664   610   610 E AudioFlinger: Failed to add event callback
04-26 14:18:04.664   570  1226 D audio_hw_utils: audio_extn_utils_compress_get_dsp_latency:: Using Fix DSP delay
04-26 14:18:04.664   570  1226 D audio_hw_utils: audio_extn_utils_compress_get_dsp_latency:: delay in ms is 62
04-26 14:18:04.664   610  1289 I AudioFlinger: AudioFlinger's thread 0x7354bb98c0 tid=1289 ready to run
04-26 14:18:04.664   610  1289 W AudioFlinger: no wake lock to update, system not ready yet
04-26 14:18:04.664   610  1289 D AudioFlinger: ro.audio.silent is ignored since no output device is set
04-26 14:18:04.664   570  1226 D audio_hw_utils: audio_extn_utils_compress_get_dsp_latency:: Using Fix DSP delay
04-26 14:18:04.664   570  1226 D audio_hw_utils: audio_extn_utils_compress_get_dsp_latency:: delay in ms is 62
04-26 14:18:04.665   570   620 D audio_hw_primary: out_standby: enter: stream (0xe4e8eb00) usecase(4: compress-offload-playback2)
04-26 14:18:04.665   570   620 D audio_hw_primary: out_standby: exit
04-26 14:18:04.665   610  1289 W AudioFlinger: no wake lock to update, system not ready yet
04-26 14:18:04.665   610  1289 D AudioFlinger: ro.audio.silent is ignored since no output device is set
04-26 14:18:04.665   570   620 D audio_hw_primary: out_set_parameters: enter: usecase(4: compress-offload-playback2) kvpairs: closing=true
04-26 14:18:04.667   570   620 D audio_hw_primary: out_set_parameters: enter: usecase(4: compress-offload-playback2) kvpairs: exiting=1
04-26 14:18:04.668   570   620 D audio_hw_primary: adev_close_output_stream: enter:stream_handle(compress-offload-playback2)
04-26 14:18:04.668   570   620 D audio_hw_primary: io_streams_map_remove: Removed stream with handle 37
04-26 14:18:04.668   570   620 D audio_hw_primary: out_standby: enter: stream (0xe4e8eb00) usecase(4: compress-offload-playback2)
04-26 14:18:04.668   570   620 D audio_hw_primary: out_standby: exit
04-26 14:18:04.669   610   610 I AudioFlinger: openOutput() this 0x72d4bc23c0, module 10 Device type:0x2,@:, SamplingRate 8000, Format 0x1000000, Channels 0x1, flags 0x31
04-26 14:18:04.669   570   620 D audio_hw_primary: adev_open_output_stream: enter: format(0x1000000) sample_rate(8000) channel_mask(0x1) devices(0x2) flags(0x31)        stream_handle(0xe4e8eb00) address()
04-26 14:18:04.670   570   620 I audio_hw_utils: audio_extn_utils_update_stream_output_app_type_cfg Allowing 24 and above bits playback on speaker ONLY at default sampling rate
04-26 14:18:04.670   570   620 D audio_hw_primary: adev_open_output_stream: Stream (0xe4e8eb00) picks up usecase (compress-offload-playback)
04-26 14:18:04.670   570   620 D audio_hw_primary: io_streams_map_insert: Added stream in io_streams_map with handle 45
04-26 14:18:04.671   617   617 I tftp_server: pid=617 tid=617 tftp-server : INF :[tftp_server.c, 659] rcvd request [1] [73] [2] [0] [17]
04-26 14:18:04.671   610   610 I AudioFlinger: HAL output buffer size 2048 frames, normal sink buffer size 2048 frames
04-26 14:18:04.672   570   620 D audio_hw_utils: audio_extn_utils_compress_get_dsp_latency:: Using Fix DSP delay
04-26 14:18:04.672   570   620 D audio_hw_utils: audio_extn_utils_compress_get_dsp_latency:: delay in ms is 50
04-26 14:18:04.672   610   610 E AudioFlinger: Failed to add event callback
04-26 14:18:04.672   617  1293 I tftp_server: pid=617 tid=1293 tftp-server : INF :[tftp_server_utils.c, 113] file [readwrite/server_check.txt] : [/vendor/rfs/msm/mpss/readwrite/server_check.txt]
04-26 14:18:04.672   570   620 D audio_hw_utils: audio_extn_utils_compress_get_dsp_latency:: Using Fix DSP delay
04-26 14:18:04.672   570   620 D audio_hw_utils: audio_extn_utils_compress_get_dsp_latency:: delay in ms is 50
04-26 14:18:04.672   570   620 D audio_hw_utils: audio_extn_utils_compress_get_dsp_latency:: Using Fix DSP delay
04-26 14:18:04.672   570   620 D audio_hw_utils: audio_extn_utils_compress_get_dsp_latency:: delay in ms is 50
04-26 14:18:04.673   617  1293 I tftp_server: pid=617 tid=1293 tftp-server : INF :[tftp_server.c, 1211] OACK options [port: 17] : [7680, 1500, 10, 0, 0, 0, 0, 0]
04-26 14:18:04.673   617  1293 I tftp_server: pid=617 tid=1293 tftp-server : INF :[tftp_os_la.c, 63] open : [-1] [-1] [384] [577] [/vendor/rfs/msm/mpss/readwrite/server_check.txt]
04-26 14:18:04.673   610  1295 I AudioFlinger: AudioFlinger's thread 0x7354bb98c0 tid=1295 ready to run
04-26 14:18:04.673   610  1295 W AudioFlinger: no wake lock to update, system not ready yet
04-26 14:18:04.673   610  1295 D AudioFlinger: ro.audio.silent is ignored since no output device is set
04-26 14:18:04.673   570   620 D audio_hw_primary: out_set_parameters: enter: usecase(3: compress-offload-playback) kvpairs: closing=true
04-26 14:18:04.674   701   754 I ThermalEngine: MODEM thermal mitigation available.
04-26 14:18:04.675   701   761 E ThermalEngine: read error 0. buf:[add@/devices/virtual/thermal/cooling_device10 ACTION=add DEVPATH=/devices/virtual/thermal/cooling_device10 SUBSYSTEM=thermal SEQNUM=3934 ]
04-26 14:18:04.675   570   620 D audio_hw_primary: out_set_parameters: enter: usecase(3: compress-offload-playback) kvpairs: exiting=1
04-26 14:18:04.675   701   754 I ThermalEngine: Mitigation:modem[MODEM]:0 pending QMI request succeded
04-26 14:18:04.676   610  1295 W AudioFlinger: no wake lock to update, system not ready yet
04-26 14:18:04.676   610  1295 D AudioFlinger: ro.audio.silent is ignored since no output device is set
04-26 14:18:04.676   701   754 I ThermalEngine: Mitigation:vdd_restriction[MODEM]:0 pending QMI request succeded
04-26 14:18:04.676   570  1291 E audio_hw_primary: offload_thread_loop: Compress handle is NULL
04-26 14:18:04.676   701   754 I ThermalEngine: Mitigation:modem_proc[MODEM]:0 pending QMI request succeded
04-26 14:18:04.676   570   620 D audio_hw_primary: adev_close_output_stream: enter:stream_handle(compress-offload-playback)
04-26 14:18:04.676   570   620 D audio_hw_primary: io_streams_map_remove: Removed stream with handle 45
04-26 14:18:04.676   570   620 D audio_hw_primary: out_standby: enter: stream (0xe4e8eb00) usecase(3: compress-offload-playback)
04-26 14:18:04.676   570   620 D audio_hw_primary: out_standby: exit
04-26 14:18:04.677   701   754 I ThermalEngine: Mitigation:modem_proc_current[MODEM]:0 pending QMI request succeded
04-26 14:18:04.677   701   761 E ThermalEngine: read error 0. buf:[add@/devices/virtual/thermal/cooling_device11 ACTION=add DEVPATH=/devices/virtual/thermal/cooling_device11 SUBSYSTEM=thermal SEQNUM=3935 ]
04-26 14:18:04.677   610   610 I AudioFlinger: openOutput() this 0x72d4bc23c0, module 10 Device type:0x10000,@:, SamplingRate 48000, Format 0x000001, Channels 0x3, flags 0
04-26 14:18:04.677   570  1226 D audio_hw_primary: adev_open_output_stream: enter: format(0x1) sample_rate(48000) channel_mask(0x3) devices(0x10000) flags(0)        stream_handle(0xe4e8eb00) address()
04-26 14:18:04.677   570  1226 D audio_hw_primary: adev_open_output_stream: Stream (0xe4e8eb00) picks up usecase (afe-proxy-playback)
04-26 14:18:04.677   570  1226 D audio_hw_primary: io_streams_map_insert: Added stream in io_streams_map with handle 53
04-26 14:18:04.678   610   610 I AudioFlinger: HAL output buffer size 768 frames, normal sink buffer size 1152 frames
04-26 14:18:04.679   610   610 E AudioFlinger: Failed to add event callback
04-26 14:18:04.679   701   761 E ThermalEngine: read error 0. buf:[add@/devices/virtual/thermal/cooling_device12 ACTION=add DEVPATH=/devices/virtual/thermal/cooling_device12 SUBSYSTEM=thermal SEQNUM=3936 ]
04-26 14:18:04.679   610  1299 I AudioFlinger: AudioFlinger's thread 0x74b69db040 tid=1299 ready to run
04-26 14:18:04.679   610  1299 W AudioFlinger: no wake lock to update, system not ready yet
04-26 14:18:04.680   570  1226 D audio_hw_primary: adev_get_parameters:routing=65536;supEncapsulationMetadataTypes;supEncapsulationModes
04-26 14:18:04.680   570  1226 D audio_hw_spkr_prot: fbsp_get_parameters: Speaker protection disabled
04-26 14:18:04.680   570  1226 D soundtrigger: audio_extn_sound_trigger_get_parameters input string<supEncapsulationModes=;routing=65536;supEncapsulationMetadataTypes=>
04-26 14:18:04.680   570  1226 D soundtrigger: extract_sm_handle input string <supEncapsulationModes=;routing=65536;supEncapsulationMetadataTypes=> param string <supEncapsulationModes=;routing=65536;supEncapsulationMetadataTypes=>
04-26 14:18:04.680   570  1226 D audio_hw_extn: audio_extn_fm_get_parameters: Enter
04-26 14:18:04.680   570  1226 D audio_hw_extn: audio_extn_get_parameters: returns 
04-26 14:18:04.680   610  1299 D AudioFlinger: ro.audio.silent is ignored since no output device is set
04-26 14:18:04.680   570  1226 D audio_hw_primary: adev_get_parameters: exit: returns - 
04-26 14:18:04.680   570  1226 D audio_hw_primary: out_standby: enter: stream (0xe4e8eb00) usecase(54: afe-proxy-playback)
04-26 14:18:04.680   570  1226 D audio_hw_primary: out_standby: exit
04-26 14:18:04.681   617  1293 I tftp_server: pid=617 tid=1293 tftp-server : INF :[tftp_server.c, 1509] WRQ stats : total-blocks = 1 : total-bytes = 5 : 5 timedout-pkts = 0, wrong-pkts = 0
04-26 14:18:04.681   617  1293 I tftp_server: pid=617 tid=1293 tftp-server : INF :[tftp_server.c, 1517] WRQ file stats [port: 17]: Total : [fwrite, fflush] = [12, 5679] max: 12 min: 0
04-26 14:18:04.681   617  1293 I tftp_server: pid=617 tid=1293 tftp-server : INF :[tftp_server.c, 1521] WRQ time stats : Total : [TX, RX] = [343, 764]
04-26 14:18:04.681   617  1293 I tftp_server: pid=617 tid=1293 tftp-server : INF :[tftp_server.c, 1525] WRQ time stats : Tx [Min, Max] = [75, 268]
04-26 14:18:04.681   617  1293 I tftp_server: pid=617 tid=1293 tftp-server : INF :[tftp_server.c, 1530] WRQ time stats [port : 17]: Rx [Min, Max] = [764, 764]
04-26 14:18:04.681   617  1293 I tftp_server: pid=617 tid=1293 tftp-server : INF :[tftp_server.c, 1817] WRQ Total API = 9540
04-26 14:18:04.681   610  1299 W AudioFlinger: no wake lock to update, system not ready yet
04-26 14:18:04.681   610  1299 D AudioFlinger: ro.audio.silent is ignored since no output device is set
04-26 14:18:04.682   701   761 E ThermalEngine: read error 0. buf:[add@/devices/virtual/thermal/cooling_device13 ACTION=add DEVPATH=/devices/virtual/thermal/cooling_device13 SUBSYSTEM=thermal SEQNUM=3939 ]
04-26 14:18:04.683   854   862 D QC-time-services: Daemon:time_service_modem_serv_notify_cb: QMI service is up 
04-26 14:18:04.683   854   864 D QC-time-services: Daemon:genoff_modem_qmi_service_handle_cb: QMI service handle cb called 
04-26 14:18:04.683   854   864 D QC-time-services: Daemon:genoff_modem_qmi_service_handle_cb: qmi_client_get_service_list for local returned 0num_services 1 num_entries 1
04-26 14:18:04.685   899  1277 I mm-camera: <MCT   >< INFO> 4347: mct_pipeline_stop_session_thread: Stop module name: sensor - X
04-26 14:18:04.686   899   899 I mm-camera: <MCT   >< INFO> 4627: mct_pipeline_stop_session: Modules left: 0
04-26 14:18:04.686   899   899 I mm-camera: <MCT   >< INFO> 4636: mct_pipeline_stop_session: Stopped session 2 successfully
04-26 14:18:04.686   899   899 I mm-camera: <MCT   >< INFO> 4916: mct_pipeline_destroy: E: session:2
04-26 14:18:04.686   899   899 I mm-camera: <MCT   >< INFO> 4989: mct_pipeline_destroy: X: Pipeline destroyed successfully session =2
04-26 14:18:04.686   899   899 I mm-camera: <MCT   >< INFO> 282: mct_controller_destroy: X Successfully closed mct_controller session 2
04-26 14:18:04.687   574   574 I QCamera : <HAL><INFO> getCamInfo: 8165: camera 0 resource cost is 100
04-26 14:18:04.687   574   574 I QCamera : <HAL><INFO> openLegacy: 500: openLegacy halVersion: 256
04-26 14:18:04.689   610   610 V APM_AudioPolicyManager: selectOutputForMusicEffects selected output 13
04-26 14:18:04.689   610   610 V APM_AudioPolicyManager: setOutputDevices device {type:0x10000,@:} delayMs 0
04-26 14:18:04.689   610   610 V APM_AudioPolicyManager: setOutputDevices() prevDevice {type:0x10000,@:}
04-26 14:18:04.690   610   610 W APM::AudioPolicyEngine: getDevicesForStrategy() unknown strategy: -1
04-26 14:18:04.690   610   610 V APM_AudioPolicyManager: setOutputDevices changing device to {type:0x10000,@:}
04-26 14:18:04.693   574   574 I QCamera : <HAL><INFO> openCamera: 1826: [KPI Perf]: E PROFILE_OPEN_CAMERA camera id 0
04-26 14:18:04.695   574   574 E QCamera : <HAL><ERROR> lock_acq_timed: 314: failed to acquire lock
04-26 14:18:04.695   899   899 I mm-camera: < INFO> 395: void enable_memleak_trace(int): start memleak tracking.
04-26 14:18:04.697   570   570 E audio_route: Control 'LSM6 Mixer TERT_MI2S_TX' doesn't exist - skipping
04-26 14:18:04.698   570   570 E audio_route: Control 'LSM7 Mixer TERT_MI2S_TX' doesn't exist - skipping
04-26 14:18:04.698   570   570 E audio_route: Control 'LSM8 Mixer TERT_MI2S_TX' doesn't exist - skipping
04-26 14:18:04.700   570   570 E audio_route: Control 'LSM6 Mixer TERT_MI2S_TX' doesn't exist - skipping
04-26 14:18:04.700   570   570 E audio_route: Control 'LSM7 Mixer TERT_MI2S_TX' doesn't exist - skipping
04-26 14:18:04.700   570   570 E audio_route: Control 'LSM8 Mixer TERT_MI2S_TX' doesn't exist - skipping
04-26 14:18:04.701   570   570 E audio_route: Control 'LSM6 Mixer TERT_MI2S_TX' doesn't exist - skipping
04-26 14:18:04.702   570   570 E audio_route: Control 'LSM7 Mixer TERT_MI2S_TX' doesn't exist - skipping
04-26 14:18:04.702   570   570 E audio_route: Control 'LSM8 Mixer TERT_MI2S_TX' doesn't exist - skipping
04-26 14:18:04.702   570   570 E audio_route: Control 'LOOPBACK Mode' doesn't exist - skipping
04-26 14:18:04.705   570   570 I audio_hw_extn: audio_extn_set_snd_card_split: snd_card_name(msm8953-snd-card-mtp) device(msm8953) snd_card(snd) form_factor(card)
04-26 14:18:04.705   570   570 D platform_info: platform_info_init: Failed to open audio_platform_info.xml, using defaults.
04-26 14:18:04.705   570   570 D ACDB-LOADER: ACDB -> already initialized, exit
04-26 14:18:04.705   570   570 D audio_hw_acdb: acdb_init_v2: ACDB Instance ID support after ACDB init:0
04-26 14:18:04.706   570   570 D sound_trigger_platform: get_codec_version: codec version 
04-26 14:18:04.709   570   570 I SoundTriggerHw: onFirstRef() mModuleName primary mHwDevice 0xe6904e00
04-26 14:18:04.710   570   570 I HidlServiceManagement: Registered android.hardware.soundtrigger@2.2::ISoundTriggerHw/default
04-26 14:18:04.710   899   899 I mm-camera: <MCT   >< INFO> 63: mct_controller_new: Creating new mct_controller with session-id 2
04-26 14:18:04.710   570   570 I LegacySupport: Registration complete for android.hardware.soundtrigger@2.2::ISoundTriggerHw/default.
04-26 14:18:04.710   899  1306 I mm-camera: <MCT   >< INFO> 4527: mct_pipeline_start_session_thread: E sensor
04-26 14:18:04.711   899  1306 I mm-camera: <MCT   >< INFO> 4534: mct_pipeline_start_session_thread: Calling start_session on Module sensor
04-26 14:18:04.711   899  1307 I mm-camera: <MCT   >< INFO> 4527: mct_pipeline_start_session_thread: E iface
04-26 14:18:04.711   899  1307 I mm-camera: <MCT   >< INFO> 4534: mct_pipeline_start_session_thread: Calling start_session on Module iface
04-26 14:18:04.711   899  1308 I mm-camera: <MCT   >< INFO> 4527: mct_pipeline_start_session_thread: E isp
04-26 14:18:04.711   899  1308 I mm-camera: <MCT   >< INFO> 4534: mct_pipeline_start_session_thread: Calling start_session on Module isp
04-26 14:18:04.711   899  1308 I mm-camera: <ISP   >< INFO> 201: isp_module_start_session: session id 2
04-26 14:18:04.712   899  1307 I mm-camera: <MCT   >< INFO> 4537: mct_pipeline_start_session_thread: Module iface start_session rc = 1
04-26 14:18:04.712   899  1307 I mm-camera: <MCT   >< INFO> 4545: mct_pipeline_start_session_thread: started_num = 1, success = 1
04-26 14:18:04.712   899  1307 I mm-camera: <MCT   >< INFO> 4552: mct_pipeline_start_session_thread: X iface
04-26 14:18:04.713   899  1310 I mm-camera: <MCT   >< INFO> 4527: mct_pipeline_start_session_thread: E stats
04-26 14:18:04.713   899  1310 I mm-camera: <MCT   >< INFO> 4534: mct_pipeline_start_session_thread: Calling start_session on Module stats
04-26 14:18:04.713   899  1312 I mm-camera: <MCT   >< INFO> 4527: mct_pipeline_start_session_thread: E pproc
04-26 14:18:04.713   899  1312 I mm-camera: <MCT   >< INFO> 4534: mct_pipeline_start_session_thread: Calling start_session on Module pproc
04-26 14:18:04.714   899  1313 I mm-camera: <MCT   >< INFO> 4527: mct_pipeline_start_session_thread: E imglib
04-26 14:18:04.714   899  1313 I mm-camera: <MCT   >< INFO> 4534: mct_pipeline_start_session_thread: Calling start_session on Module imglib
04-26 14:18:04.715   899  1313 I mm-camera: <MCT   >< INFO> 4537: mct_pipeline_start_session_thread: Module imglib start_session rc = 1
04-26 14:18:04.715   899  1313 I mm-camera: <MCT   >< INFO> 4545: mct_pipeline_start_session_thread: started_num = 2, success = 2
04-26 14:18:04.715   899  1313 I mm-camera: <MCT   >< INFO> 4552: mct_pipeline_start_session_thread: X imglib
04-26 14:18:04.716   899  1310 E mm-camera: <STATS_AIS ><ERROR> 448: dsps_open: try to sensor1_open()
04-26 14:18:04.716   899  1312 I mm-camera: <MCT   >< INFO> 4537: mct_pipeline_start_session_thread: Module pproc start_session rc = 1
04-26 14:18:04.716   899  1312 I mm-camera: <MCT   >< INFO> 4545: mct_pipeline_start_session_thread: started_num = 3, success = 3
04-26 14:18:04.716   899  1312 I mm-camera: <MCT   >< INFO> 4552: mct_pipeline_start_session_thread: X pproc
04-26 14:18:04.716   899  1308 I mm-camera: <MCT   >< INFO> 4537: mct_pipeline_start_session_thread: Module isp start_session rc = 1
04-26 14:18:04.716   899  1308 I mm-camera: <MCT   >< INFO> 4545: mct_pipeline_start_session_thread: started_num = 4, success = 4
04-26 14:18:04.716   899  1308 I mm-camera: <MCT   >< INFO> 4552: mct_pipeline_start_session_thread: X isp
04-26 14:18:04.719   854   864 D QC-time-services: Daemon:genoff_modem_qmi_service_handle_cb: Initial transaction successful
04-26 14:18:04.722   570   570 I BTAudioProviderA2dpSoftware: A2dpSoftwareAudioProvider - size of audio buffer 7168 byte(s)
04-26 14:18:04.722   570   570 I BTAudioProviderHearingAid: HearingAidAudioProvider - size of audio buffer 3584 byte(s)
04-26 14:18:04.723   570   570 I HidlServiceManagement: Registered android.hardware.bluetooth.audio@2.0::IBluetoothAudioProvidersFactory/default
04-26 14:18:04.724   570   570 I LegacySupport: Registration complete for android.hardware.bluetooth.audio@2.0::IBluetoothAudioProvidersFactory/default.
04-26 14:18:04.724   421   421 I hwservicemanager: getTransport: Cannot find entry android.hardware.bluetooth.a2dp@1.0::IBluetoothAudioOffload/default in either framework or device manifest.
04-26 14:18:04.724   899  1310 I mm-camera: <MCT   >< INFO> 4537: mct_pipeline_start_session_thread: Module stats start_session rc = 1
04-26 14:18:04.724   899  1306 I mm-camera: <MCT   >< INFO> 4537: mct_pipeline_start_session_thread: Module sensor start_session rc = 1
04-26 14:18:04.724   899  1306 I mm-camera: <MCT   >< INFO> 4545: mct_pipeline_start_session_thread: started_num = 5, success = 5
04-26 14:18:04.724   899  1306 I mm-camera: <MCT   >< INFO> 4552: mct_pipeline_start_session_thread: X sensor
04-26 14:18:04.724   570   570 E LegacySupport: Could not get passthrough implementation for android.hardware.bluetooth.a2dp@1.0::IBluetoothAudioOffload/default.
04-26 14:18:04.724   899  1310 I mm-camera: <MCT   >< INFO> 4545: mct_pipeline_start_session_thread: started_num = 6, success = 6
04-26 14:18:04.724   570   570 W audiohalservice: Could not register Bluetooth Audio Offload API
04-26 14:18:04.724   899  1310 I mm-camera: <MCT   >< INFO> 4552: mct_pipeline_start_session_thread: X stats
04-26 14:18:04.730   899   899 I mm-camera: <MCT   >< INFO> 4448: mct_pipeline_start_stream_internal: Adding session stream streamid= 0xf for session=2
04-26 14:18:04.730   899   899 I mm-camera: <MCT   >< INFO> 4496: mct_pipeline_start_stream_internal: Linking session stream for session 2
04-26 14:18:04.730   899   899 I mm-camera: <MCT   >< INFO> 503: mct_stream_start_link: Start linking Session-stream 0x2000f
04-26 14:18:04.730   899   899 I mm-camera: <IFACE >< INFO> 338: iface_util_find_primary_cid: iface_util_find_primary_cid:338 error cannot find primary sensor format cids 1
04-26 14:18:04.730   899   899 I mm-camera: <ISP   >< INFO> 798: isp_port_check_caps_reserve: port 0xec2154f0 ide 2000f type 10 dim 0 0
04-26 14:18:04.731   899   899 I mm-camera: <PPROC >< INFO> 446: pproc_port_add_modules_to_stream: in identity 2000f stream 10 int_link = 0xec219cf0
04-26 14:18:04.731   899   899 I mm-camera: <PPROC >< INFO> 458: pproc_port_add_modules_to_stream: :LINK linking mods tmod and ppeiscore for identity 2000f
04-26 14:18:04.731   899   899 I mm-camera: <PPROC >< INFO> 458: pproc_port_add_modules_to_stream: :LINK linking mods ppeiscore and c2d for identity 2000f
04-26 14:18:04.731   899   899 I mm-camera: <C2D   >< INFO> 1490: c2d_module_notify_add_stream: width 0, height 0, stride 0, scanline 0, is_type 0
04-26 14:18:04.731   899   899 I mm-camera: <PPROC >< INFO> 458: pproc_port_add_modules_to_stream: :LINK linking mods c2d and cpp for identity 2000f
04-26 14:18:04.731   899   899 I mm-camera: <CPP   >< INFO> 2141: cpp_module_notify_add_stream: :width 0, height 0, stride 0, scanline 0, framelen 0
04-26 14:18:04.731   899   899 I mm-camera: <CPP   >< INFO> 2306: cpp_module_notify_add_stream: : stream 10, fmt 1, asf_mode 0, sharpness_level 0.000000,asf mask 0, denoise 0, denoise_mask 0, dsdn mask 0,dsdn enable 0, tnr mask 0, tnr enable 0, ds_mask 0
04-26 14:18:04.731   899   899 I mm-camera: <PPROC >< INFO> 458: pproc_port_add_modules_to_stream: :LINK linking mods cpp and paaf for identity 2000f
04-26 14:18:04.731   899   899 I mm-camera: <PPROC >< INFO> 458: pproc_port_add_modules_to_stream: :LINK linking mods paaf and sw_tnr for identity 2000f
04-26 14:18:04.731   899   899 I mm-camera: <PPROC >< INFO> 458: pproc_port_add_modules_to_stream: :LINK linking mods sw_tnr and llvd for identity 2000f
04-26 14:18:04.732   899   899 I mm-camera: <PPROC >< INFO> 458: pproc_port_add_modules_to_stream: :LINK linking mods llvd and ezt for identity 2000f
04-26 14:18:04.732   899   899 I mm-camera: <PPROC >< INFO> 458: pproc_port_add_modules_to_stream: :LINK linking mods ezt and quadracfa for identity 2000f
04-26 14:18:04.733   899   899 I mm-camera: <MCT   >< INFO> 4505: mct_pipeline_start_stream_internal: Session stream linked successfully session 2
04-26 14:18:04.737   574   574 I Thermal-Lib: Thermal-Lib-Client: Registration successful for camera with handle:1
04-26 14:18:04.737   574   574 I Thermal-Lib: Thermal-Lib-Client: Registration successful for camcorder with handle:2
04-26 14:18:04.737   574   574 I QCamera : <HAL><INFO> openCamera: 1839: [KPI Perf]: X PROFILE_OPEN_CAMERA camera id 0, rc: 0
04-26 14:18:04.737   574   574 I QCamera : <HAL><INFO> close_camera_device: 1497: [KPI Perf]: E camera id 0
04-26 14:18:04.738   701   837 I ThermalEngine: Thermal-Server: Adding thermal event listener on fd 36
04-26 14:18:04.738   574  1335 I Thermal-Lib: Thermal-Lib-Client: Client received msg camera 0
04-26 14:18:04.738   574  1335 I Thermal-Lib: Thermal-Lib-Client: Client received msg camcorder 0
04-26 14:18:04.739   574   574 E QCamera : <HAL><ERROR> lock_acq: 363: failed to acquire lock
04-26 14:18:04.740   574   574 I QCamera : <HAL><INFO> closeCamera: 2225: E
04-26 14:18:04.740   574   574 I QCamera : <HAL><INFO> closeCamera: 2230: [KPI Perf]: E PROFILE_CLOSE_CAMERA camera id 0
04-26 14:18:04.741   899  1330 I mm-camera: <ISP   >< INFO> 6507: isp_util_print_meta_stream_info: Deallocate resources
04-26 14:18:04.741   800   843 I ServiceManager: Waiting for service 'package_native' on '/dev/binder'...
04-26 14:18:04.741   845   845 I ServiceManager: Waiting for service 'package_native' on '/dev/binder'...
04-26 14:18:04.742   899  1330 I mm-camera: <ISP   >< INFO> 2531: isp_resource_allocate: INFO: ISP resource acquired: session 2 num_isp 1
04-26 14:18:04.742   899  1330 I mm-camera: <ISP   >< INFO> 2533: isp_resource_allocate: INFO: ISP resource acquired: hw_id 1
04-26 14:18:04.742   899  1330 I mm-camera: <ISP   >< INFO> 6462: isp_util_decide_stream_mapping: stream_port_map num streams 0
04-26 14:18:04.744   574   574 I Thermal-Lib: Thermal-Lib-Client: Unregisteration is successfull for handle:1
04-26 14:18:04.744   701   837 I ThermalEngine: Thermal-Server: removing client on fd 36
04-26 14:18:04.744   574   574 I Thermal-Lib: Thermal-Lib-Client: Unregisteration is successfull for handle:2
04-26 14:18:04.745   899   899 I mm-camera: <MCT   >< INFO> 216: mct_controller_destroy: Initiating destroy sequence for session = 2
