04-26 14:18:04.745   899   899 I mm-camera: <MCT   >< INFO> 234: mct_controller_destroy: serv_thread closed
04-26 14:18:04.745   899   899 I mm-camera: <MCT   >< INFO> 249: mct_controller_destroy: bus_handler thread closed
04-26 14:18:04.745   899   899 I mm-camera: <MCT   >< INFO> 4605: mct_pipeline_stop_session: Initiating stop_session on session 2
04-26 14:18:04.745   899   899 I mm-camera: <MCT   >< INFO> 3646: mct_pipeline_process_set: command=800000b
04-26 14:18:04.745   899   899 I mm-camera: <MCT   >< INFO> 3864: mct_pipeline_process_set: Issuing DEL_STREAM on stream 0x2000f and stream type=10
04-26 14:18:04.747   570   570 D audio_hw_primary: adev_create_audio_patch: enter: num sources 1, num_sinks 1, handle 0
04-26 14:18:04.747   570   570 D audio_hw_primary: adev_create_audio_patch: Playback patch from mix handle 53 to device 10000
04-26 14:18:04.747   570   570 D audio_hw_primary: update_patch: enter
04-26 14:18:04.747   570   570 D audio_hw_primary: route_output_stream: enter: usecase(54: afe-proxy-playback) devices 10000
04-26 14:18:04.747   570   570 D audio_hw_primary: adev_create_audio_patch: Added a new patch with handle 4
04-26 14:18:04.747   610   610 V APM_AudioPolicyManager: setOutputDevices() AF::createAudioPatch returned 0 patchHandle 36 num_sources 1 num_sinks 1
04-26 14:18:04.748   610   610 I AudioFlinger: openOutput() this 0x72d4bc23c0, module 10 Device type:0x2,@:, SamplingRate 8000, Format 0x000001, Channels 0x1, flags 0x8001
04-26 14:18:04.748   570   570 D audio_hw_primary: adev_open_output_stream: enter: format(0x1) sample_rate(8000) channel_mask(0x1) devices(0x2) flags(0x8001)        stream_handle(0xe4e8a7e0) address()
04-26 14:18:04.748   570   570 I audio_hw_utils: audio_extn_utils_update_stream_output_app_type_cfg Allowing 24 and above bits playback on speaker ONLY at default sampling rate
04-26 14:18:04.748   570   570 E audio_hw_primary: adev_open_output_stream: Primary output is already opened
04-26 14:18:04.748   570   570 D audio_hw_primary: adev_open_output_stream: exit: ret -17
04-26 14:18:04.748   570   570 W DeviceHAL: Error from HAL Device in function open_output_stream: File exists
04-26 14:18:04.748   610   610 I AudioHwDevice: openOutputStream(), HAL returned sampleRate 8000, Format 0x1, channelMask 0x1, status -61
04-26 14:18:04.748   610   610 W APM_AudioPolicyManager: Cannot open output stream for devices type:0x2,@: on hw module primary
04-26 14:18:04.748   610   610 I AudioFlinger: openOutput() this 0x72d4bc23c0, module 10 Device type:0x10000,@:, SamplingRate 48000, Format 0x000001, Channels 0x3, flags 0x10000
04-26 14:18:04.748   570   570 D audio_hw_primary: adev_open_output_stream: enter: format(0x1) sample_rate(48000) channel_mask(0x3) devices(0x10000) flags(0x10000)        stream_handle(0xe4e8a7e0) address()
04-26 14:18:04.748   570   570 E voice_extn: voice_extn_check_and_set_incall_music_usecase: Invalid session id 0
04-26 14:18:04.748   570   570 D audio_hw_primary: adev_open_output_stream: Stream (0xe4e8a7e0) picks up usecase (incall_music_uplink)
04-26 14:18:04.748   570   570 D audio_hw_primary: io_streams_map_insert: Added stream in io_streams_map with handle 69
04-26 14:18:04.749   610   610 I AudioFlinger: HAL output buffer size 240 frames, normal sink buffer size 960 frames
04-26 14:18:04.750   610   610 E AudioFlinger: Failed to add event callback
04-26 14:18:04.750   610  1337 I AudioFlinger: AudioFlinger's thread 0x74b5e62040 tid=1337 ready to run
04-26 14:18:04.750   787   787 I ServiceManager: Waiting for service 'package_native' on '/dev/binder'...
04-26 14:18:04.750   610  1337 W AudioFlinger: no wake lock to update, system not ready yet
04-26 14:18:04.751   610  1337 D AudioFlinger: ro.audio.silent is ignored since no output device is set
04-26 14:18:04.751   570   570 D audio_hw_primary: out_standby: enter: stream (0xe4e8a7e0) usecase(50: incall_music_uplink)
04-26 14:18:04.751   570   570 D audio_hw_primary: out_standby: exit
04-26 14:18:04.751   610  1337 W AudioFlinger: no wake lock to update, system not ready yet
04-26 14:18:04.751   610  1337 D AudioFlinger: ro.audio.silent is ignored since no output device is set
04-26 14:18:04.754   610   610 V APM_AudioPolicyManager: selectOutputForMusicEffects selected output 13
04-26 14:18:04.754   610   610 V APM_AudioPolicyManager: setOutputDevices device {type:0x10000,@:} delayMs 0
04-26 14:18:04.754   610   610 V APM_AudioPolicyManager: setOutputDevices() prevDevice {type:0x10000,@:}
04-26 14:18:04.755   610   610 W APM::AudioPolicyEngine: getDevicesForStrategy() unknown strategy: -1
04-26 14:18:04.755   610   610 V APM_AudioPolicyManager: setOutputDevices changing device to {type:0x10000,@:}
04-26 14:18:04.779  1190  1190 D BootAnimation: BootAnimationPreloadStopTiming start time: 27522ms
04-26 14:18:04.780   570   570 D audio_hw_primary: adev_create_audio_patch: enter: num sources 1, num_sinks 1, handle 0
04-26 14:18:04.780   570   570 D audio_hw_primary: adev_create_audio_patch: Playback patch from mix handle 69 to device 10000
04-26 14:18:04.780   570   570 D audio_hw_primary: update_patch: enter
04-26 14:18:04.780   570   570 D audio_hw_primary: route_output_stream: enter: usecase(50: incall_music_uplink) devices 10000
04-26 14:18:04.780   570   570 D audio_hw_primary: adev_create_audio_patch: Added a new patch with handle 5
04-26 14:18:04.781   610   610 V APM_AudioPolicyManager: setOutputDevices() AF::createAudioPatch returned 0 patchHandle 44 num_sources 1 num_sinks 1
04-26 14:18:04.782   570   570 D audio_hw_primary: adev_open_input_stream: enter: sample_rate(48000) channel_mask(0xc) devices(0x80002000)        stream_handle(0xe5886e50) io_handle(14) source(1) format 1
04-26 14:18:04.782   570   570 W audio_hw_utils: audio_extn_utils_update_stream_input_app_type_cfg: App type could not be selected. Falling back to default
04-26 14:18:04.782   570   570 D audio_hw_primary: io_streams_map_insert: Added stream in io_streams_map with handle 14
04-26 14:18:04.782   570   570 E device_utils: update_device_list: Invalid device: 0
04-26 14:18:04.784   610  1339 I AudioFlinger: AudioFlinger's thread 0x74b54b9040 tid=1339 ready to run
04-26 14:18:04.784   570   570 D audio_hw_primary: in_standby: enter: stream (0xe5886e50) usecase(23: audio-record)
04-26 14:18:04.785   610  1339 W AudioFlinger: no wake lock to update, system not ready yet
04-26 14:18:04.785   570   570 D audio_hw_primary: in_standby: enter: stream (0xe5886e50) usecase(23: audio-record)
04-26 14:18:04.786   610  1339 W AudioFlinger: no wake lock to update, system not ready yet
04-26 14:18:04.786   570   570 D audio_hw_primary: adev_close_input_stream: enter:stream_handle(0xe5886e50)
04-26 14:18:04.786   570   570 D audio_hw_primary: io_streams_map_remove: Removed stream with handle 14
04-26 14:18:04.786   570   570 D soundtrigger: audio_extn_sound_trigger_check_ec_ref_enable: EC Reference is disabled
04-26 14:18:04.786   570   570 D sound_trigger_hw: handle_audio_ec_ref_enabled: Enter
04-26 14:18:04.786   570   570 D sound_trigger_hw: handle_audio_ec_ref_enabled: Exit audio ec ref=0
04-26 14:18:04.786   570   570 D soundtrigger: audio_extn_sound_trigger_update_ec_ref_status: update audio echo ref status false
04-26 14:18:04.786   570   570 D audio_hw_primary: in_standby: enter: stream (0xe5886e50) usecase(23: audio-record)
04-26 14:18:04.786  1190  1338 D libEGL  : loaded /vendor/lib64/egl/libEGL_adreno.so
04-26 14:18:04.787   570  1226 D audio_hw_primary: adev_open_input_stream: enter: sample_rate(192000) channel_mask(0x8000000f) devices(0x80000004)        stream_handle(0xe5884c30) io_handle(22) source(1) format 5
04-26 14:18:04.787   570  1226 D audio_hw_primary: adev_open_input_stream: enter: sample_rate(48000) channel_mask(0x8000000f) devices(0x80000004)        stream_handle(0xe5884c30) io_handle(22) source(1) format 1
04-26 14:18:04.787   570  1226 W audio_hw_utils: audio_extn_utils_update_stream_input_app_type_cfg: App type could not be selected. Falling back to default
04-26 14:18:04.787   570  1226 D audio_hw_primary: io_streams_map_insert: Added stream in io_streams_map with handle 22
04-26 14:18:04.787   570  1226 E device_utils: update_device_list: Invalid device: 0
04-26 14:18:04.788   610  1341 I AudioFlinger: AudioFlinger's thread 0x74b54b9040 tid=1341 ready to run
04-26 14:18:04.789   570  1226 D audio_hw_primary: in_standby: enter: stream (0xe5884c30) usecase(23: audio-record)
04-26 14:18:04.789   610  1341 W AudioFlinger: no wake lock to update, system not ready yet
04-26 14:18:04.789   570  1226 D audio_hw_primary: in_standby: enter: stream (0xe5884c30) usecase(23: audio-record)
04-26 14:18:04.790   610  1341 W AudioFlinger: no wake lock to update, system not ready yet
04-26 14:18:04.790   570  1226 D audio_hw_primary: adev_close_input_stream: enter:stream_handle(0xe5884c30)
04-26 14:18:04.790   570  1226 D audio_hw_primary: io_streams_map_remove: Removed stream with handle 22
04-26 14:18:04.790   570  1226 D soundtrigger: audio_extn_sound_trigger_check_ec_ref_enable: EC Reference is disabled
04-26 14:18:04.790   570  1226 D sound_trigger_hw: handle_audio_ec_ref_enabled: Enter
04-26 14:18:04.790   570  1226 D sound_trigger_hw: handle_audio_ec_ref_enabled: Exit audio ec ref=0
04-26 14:18:04.790   570  1226 D soundtrigger: audio_extn_sound_trigger_update_ec_ref_status: update audio echo ref status false
04-26 14:18:04.790   570  1226 D audio_hw_primary: in_standby: enter: stream (0xe5884c30) usecase(23: audio-record)
04-26 14:18:04.790   570   570 D audio_hw_primary: adev_open_input_stream: enter: sample_rate(48000) channel_mask(0xc) devices(0x80000040)        stream_handle(0xe5886e50) io_handle(30) source(1) format 1
04-26 14:18:04.790   570   570 W audio_hw_utils: audio_extn_utils_update_stream_input_app_type_cfg: App type could not be selected. Falling back to default
04-26 14:18:04.790   570   570 D audio_hw_primary: io_streams_map_insert: Added stream in io_streams_map with handle 30
04-26 14:18:04.790   570   570 E device_utils: update_device_list: Invalid device: 0
04-26 14:18:04.792   610  1343 I AudioFlinger: AudioFlinger's thread 0x74b54b9040 tid=1343 ready to run
04-26 14:18:04.792   570   570 D audio_hw_primary: in_standby: enter: stream (0xe5886e50) usecase(55: afe-proxy-record)
04-26 14:18:04.792   610  1343 W AudioFlinger: no wake lock to update, system not ready yet
04-26 14:18:04.792   570   570 D audio_hw_primary: in_standby: enter: stream (0xe5886e50) usecase(55: afe-proxy-record)
04-26 14:18:04.793   610  1343 W AudioFlinger: no wake lock to update, system not ready yet
04-26 14:18:04.793   570   570 D audio_hw_primary: adev_close_input_stream: enter:stream_handle(0xe5886e50)
04-26 14:18:04.793   570   570 D audio_hw_primary: io_streams_map_remove: Removed stream with handle 30
04-26 14:18:04.793   570   570 D soundtrigger: audio_extn_sound_trigger_check_ec_ref_enable: EC Reference is disabled
04-26 14:18:04.793   570   570 D sound_trigger_hw: handle_audio_ec_ref_enabled: Enter
04-26 14:18:04.793   570   570 D sound_trigger_hw: handle_audio_ec_ref_enabled: Exit audio ec ref=0
04-26 14:18:04.793   570   570 D soundtrigger: audio_extn_sound_trigger_update_ec_ref_status: update audio echo ref status false
04-26 14:18:04.793   570   570 D audio_hw_primary: in_standby: enter: stream (0xe5886e50) usecase(55: afe-proxy-record)
04-26 14:18:04.795  1190  1338 D libEGL  : loaded /vendor/lib64/egl/libGLESv1_CM_adreno.so
04-26 14:18:04.803  1190  1338 D libEGL  : loaded /vendor/lib64/egl/libGLESv2_adreno.so
04-26 14:18:04.804   899   899 I mm-camera: <IFACE >< INFO> 671: iface_unreserve_sink_port: stream_id f mode 0 
04-26 14:18:04.805   899   899 I mm-camera: <ISP   >< INFO> 887: isp_port_check_caps_unreserve: ide 2000f port 0xec2154f0
04-26 14:18:04.806   899   899 I mm-camera: <MCT   >< INFO> 3875: mct_pipeline_process_set: Stream 0x2000f and stream type=10, successfully deleted
04-26 14:18:04.806   899  1345 I mm-camera: <MCT   >< INFO> 4339: mct_pipeline_stop_session_thread: Stop module name: sensor - E
04-26 14:18:04.807   899  1346 I mm-camera: <MCT   >< INFO> 4339: mct_pipeline_stop_session_thread: Stop module name: iface - E
04-26 14:18:04.807   899  1347 I mm-camera: <MCT   >< INFO> 4339: mct_pipeline_stop_session_thread: Stop module name: isp - E
04-26 14:18:04.807   899  1346 I mm-camera: <MCT   >< INFO> 4347: mct_pipeline_stop_session_thread: Stop module name: iface - X
04-26 14:18:04.807   899  1347 I mm-camera: <ISP   >< INFO> 490: isp_module_stop_session: session id 2
04-26 14:18:04.807   899  1348 I mm-camera: <MCT   >< INFO> 4339: mct_pipeline_stop_session_thread: Stop module name: stats - E
04-26 14:18:04.808   899  1349 I mm-camera: <MCT   >< INFO> 4339: mct_pipeline_stop_session_thread: Stop module name: pproc - E
04-26 14:18:04.808   899  1350 I mm-camera: <MCT   >< INFO> 4339: mct_pipeline_stop_session_thread: Stop module name: imglib - E
04-26 14:18:04.809   899   899 I mm-camera: <MCT   >< INFO> 4627: mct_pipeline_stop_session: Modules left: 5
04-26 14:18:04.809   899  1349 I mm-camera: <MCT   >< INFO> 4347: mct_pipeline_stop_session_thread: Stop module name: pproc - X
04-26 14:18:04.809   899   899 I mm-camera: <MCT   >< INFO> 4627: mct_pipeline_stop_session: Modules left: 4
04-26 14:18:04.809   899  1347 I mm-camera: <MCT   >< INFO> 4347: mct_pipeline_stop_session_thread: Stop module name: isp - X
04-26 14:18:04.809   899   899 I mm-camera: <MCT   >< INFO> 4627: mct_pipeline_stop_session: Modules left: 3
04-26 14:18:04.810   899  1350 I mm-camera: <MCT   >< INFO> 4347: mct_pipeline_stop_session_thread: Stop module name: imglib - X
04-26 14:18:04.810   899   899 I mm-camera: <MCT   >< INFO> 4627: mct_pipeline_stop_session: Modules left: 2
04-26 14:18:04.810   899  1348 I mm-camera: <MCT   >< INFO> 4347: mct_pipeline_stop_session_thread: Stop module name: stats - X
04-26 14:18:04.810   899   899 I mm-camera: <MCT   >< INFO> 4627: mct_pipeline_stop_session: Modules left: 1
04-26 14:18:04.816   610   610 I bt_a2dp_hw: adev_open:  adev_open in A2dp_hw module
04-26 14:18:04.816   610   610 I AudioFlinger: loadHwModule() Loaded a2dp audio interface, handle 18
04-26 14:18:04.816   610   610 E APM_AudioPolicyManager: onNewAudioModulesAvailableInt: Input device list is empty!
04-26 14:18:04.819   610   610 I AudioFlinger: loadHwModule() Loaded usb audio interface, handle 26
04-26 14:18:04.819   610   610 E APM_AudioPolicyManager: onNewAudioModulesAvailableInt: Input device list is empty!
04-26 14:18:04.823   570  1226 I r_submix: adev_open(name=audio_hw_if)
04-26 14:18:04.823   570  1226 I r_submix: adev_init_check()
04-26 14:18:04.824   610   610 I AudioFlinger: loadHwModule() Loaded r_submix audio interface, handle 34
04-26 14:18:04.824   570  1226 D r_submix: adev_open_input_stream(addr=0)
04-26 14:18:04.824   570  1226 D r_submix: submix_audio_device_create_pipe_l(addr=0, idx=9)
04-26 14:18:04.824   570  1226 D r_submix:   now using address 0 for route 9
04-26 14:18:04.825   610  1351 I AudioFlinger: AudioFlinger's thread 0x74b54b9040 tid=1351 ready to run
04-26 14:18:04.825   570  1226 I r_submix: in_standby()
04-26 14:18:04.826   610  1351 W AudioFlinger: no wake lock to update, system not ready yet
04-26 14:18:04.826   570  1226 I r_submix: in_standby()
04-26 14:18:04.826   610  1351 W AudioFlinger: no wake lock to update, system not ready yet
04-26 14:18:04.826   570  1226 D r_submix: adev_close_input_stream()
04-26 14:18:04.826   570  1226 D r_submix: submix_audio_device_release_pipe_l(idx=9) addr=0
04-26 14:18:04.826   570  1226 D r_submix: submix_audio_device_destroy_pipe_l(): pipe destroyed
04-26 14:18:04.831   610   610 I AudioFlinger: loadHwModule() Loaded bluetooth audio interface, handle 42
04-26 14:18:04.832   610   610 W APM::AudioPolicyEngine: getDevicesForStrategy() unknown strategy: -1
04-26 14:18:04.833   610   610 W APM::AudioPolicyEngine: getDevicesForStrategy() unknown strategy: -1
04-26 14:18:04.834   610   610 I audioserver: Waiting for activity service
04-26 14:18:04.841   800   843 I ServiceManager: Waiting for service 'package_native' on '/dev/binder'...
04-26 14:18:04.841   845   845 I ServiceManager: Waiting for service 'package_native' on '/dev/binder'...
04-26 14:18:04.849  1190  1338 I AdrenoGLES-0: QUALCOMM build                   : b7e4981, I20e54ed2e1
04-26 14:18:04.849  1190  1338 I AdrenoGLES-0: Build Date                       : 02/19/21
04-26 14:18:04.849  1190  1338 I AdrenoGLES-0: OpenGL ES Shader Compiler Version: EV031.32.02.07
04-26 14:18:04.849  1190  1338 I AdrenoGLES-0: Local Branch                     : 
04-26 14:18:04.849  1190  1338 I AdrenoGLES-0: Remote Branch                    : 
04-26 14:18:04.849  1190  1338 I AdrenoGLES-0: Remote Branch                    : 
04-26 14:18:04.849  1190  1338 I AdrenoGLES-0: Reconstruct Branch               : 
04-26 14:18:04.849  1190  1338 I AdrenoGLES-0: Build Config                     : S L 10.0.7 AArch64
04-26 14:18:04.849  1190  1338 I AdrenoGLES-0: Driver Path                      : /vendor/lib64/egl/libGLESv2_adreno.so
04-26 14:18:04.851   787   787 I ServiceManager: Waiting for service 'package_native' on '/dev/binder'...
04-26 14:18:04.859   899  1345 I mm-camera: <MCT   >< INFO> 4347: mct_pipeline_stop_session_thread: Stop module name: sensor - X
04-26 14:18:04.859   899   899 I mm-camera: <MCT   >< INFO> 4627: mct_pipeline_stop_session: Modules left: 0
04-26 14:18:04.859   899   899 I mm-camera: <MCT   >< INFO> 4636: mct_pipeline_stop_session: Stopped session 2 successfully
04-26 14:18:04.859   899   899 I mm-camera: <MCT   >< INFO> 4916: mct_pipeline_destroy: E: session:2
04-26 14:18:04.859   899   899 I mm-camera: <MCT   >< INFO> 4989: mct_pipeline_destroy: X: Pipeline destroyed successfully session =2
04-26 14:18:04.859   899   899 I mm-camera: <MCT   >< INFO> 282: mct_controller_destroy: X Successfully closed mct_controller session 2
04-26 14:18:04.859  1190  1338 I AdrenoGLES-0: PFP: 0x005ff112, ME: 0x005ff066
04-26 14:18:04.859   574   574 I QCamera : <HAL><INFO> closeCamera: 2301: [KPI Perf]: X PROFILE_CLOSE_CAMERA camera id 0, rc: 0
04-26 14:18:04.859   574   574 I hw-BpHwBinder: onLastStrongRef automatically unlinking death recipients
04-26 14:18:04.860   574   574 I QCamera : <HAL><INFO> close_camera_device: 1499: [KPI Perf]: X
04-26 14:18:04.860   574   574 I QCamera : <HAL><INFO> getCameraInfo: 340: Camera id 1 API version 768
04-26 14:18:04.860   899   899 I mm-camera: < INFO> 395: void enable_memleak_trace(int): start memleak tracking.
04-26 14:18:04.878   899   899 I mm-camera: <MCT   >< INFO> 63: mct_controller_new: Creating new mct_controller with session-id 1
04-26 14:18:04.878   899  1354 I mm-camera: <MCT   >< INFO> 4527: mct_pipeline_start_session_thread: E sensor
04-26 14:18:04.878   899  1354 I mm-camera: <MCT   >< INFO> 4534: mct_pipeline_start_session_thread: Calling start_session on Module sensor
04-26 14:18:04.879   899  1355 I mm-camera: <MCT   >< INFO> 4527: mct_pipeline_start_session_thread: E iface
04-26 14:18:04.879   899  1355 I mm-camera: <MCT   >< INFO> 4534: mct_pipeline_start_session_thread: Calling start_session on Module iface
04-26 14:18:04.879   899  1357 I mm-camera: <MCT   >< INFO> 4527: mct_pipeline_start_session_thread: E isp
04-26 14:18:04.879   899  1357 I mm-camera: <MCT   >< INFO> 4534: mct_pipeline_start_session_thread: Calling start_session on Module isp
04-26 14:18:04.879   899  1357 I mm-camera: <ISP   >< INFO> 201: isp_module_start_session: session id 1
04-26 14:18:04.879   899  1355 I mm-camera: <MCT   >< INFO> 4537: mct_pipeline_start_session_thread: Module iface start_session rc = 1
04-26 14:18:04.879   899  1355 I mm-camera: <MCT   >< INFO> 4545: mct_pipeline_start_session_thread: started_num = 1, success = 1
04-26 14:18:04.879   899  1355 I mm-camera: <MCT   >< INFO> 4552: mct_pipeline_start_session_thread: X iface
04-26 14:18:04.881   899  1359 I mm-camera: <MCT   >< INFO> 4527: mct_pipeline_start_session_thread: E stats
04-26 14:18:04.881   899  1359 I mm-camera: <MCT   >< INFO> 4534: mct_pipeline_start_session_thread: Calling start_session on Module stats
04-26 14:18:04.881   899  1362 I mm-camera: <MCT   >< INFO> 4527: mct_pipeline_start_session_thread: E pproc
04-26 14:18:04.881   899  1362 I mm-camera: <MCT   >< INFO> 4534: mct_pipeline_start_session_thread: Calling start_session on Module pproc
04-26 14:18:04.882   899  1357 I mm-camera: <MCT   >< INFO> 4537: mct_pipeline_start_session_thread: Module isp start_session rc = 1
04-26 14:18:04.882   899  1357 I mm-camera: <MCT   >< INFO> 4545: mct_pipeline_start_session_thread: started_num = 2, success = 2
04-26 14:18:04.882   899  1357 I mm-camera: <MCT   >< INFO> 4552: mct_pipeline_start_session_thread: X isp
04-26 14:18:04.882   899  1364 I mm-camera: <MCT   >< INFO> 4527: mct_pipeline_start_session_thread: E imglib
04-26 14:18:04.882   899  1364 I mm-camera: <MCT   >< INFO> 4534: mct_pipeline_start_session_thread: Calling start_session on Module imglib
04-26 14:18:04.882   899  1362 I mm-camera: <MCT   >< INFO> 4537: mct_pipeline_start_session_thread: Module pproc start_session rc = 1
04-26 14:18:04.882   899  1362 I mm-camera: <MCT   >< INFO> 4545: mct_pipeline_start_session_thread: started_num = 3, success = 3
04-26 14:18:04.882   899  1362 I mm-camera: <MCT   >< INFO> 4552: mct_pipeline_start_session_thread: X pproc
04-26 14:18:04.883   899  1364 I mm-camera: <MCT   >< INFO> 4537: mct_pipeline_start_session_thread: Module imglib start_session rc = 1
04-26 14:18:04.883   899  1364 I mm-camera: <MCT   >< INFO> 4545: mct_pipeline_start_session_thread: started_num = 4, success = 4
04-26 14:18:04.883   899  1364 I mm-camera: <MCT   >< INFO> 4552: mct_pipeline_start_session_thread: X imglib
04-26 14:18:04.883   899  1359 E mm-camera: <STATS_AIS ><ERROR> 448: dsps_open: try to sensor1_open()
04-26 14:18:04.884   899  1354 I mm-camera: <MCT   >< INFO> 4537: mct_pipeline_start_session_thread: Module sensor start_session rc = 1
04-26 14:18:04.884   899  1354 I mm-camera: <MCT   >< INFO> 4545: mct_pipeline_start_session_thread: started_num = 5, success = 5
04-26 14:18:04.884   899  1354 I mm-camera: <MCT   >< INFO> 4552: mct_pipeline_start_session_thread: X sensor
04-26 14:18:04.890   899  1359 I mm-camera: <MCT   >< INFO> 4537: mct_pipeline_start_session_thread: Module stats start_session rc = 1
04-26 14:18:04.890   899  1359 I mm-camera: <MCT   >< INFO> 4545: mct_pipeline_start_session_thread: started_num = 6, success = 6
04-26 14:18:04.890   899  1359 I mm-camera: <MCT   >< INFO> 4552: mct_pipeline_start_session_thread: X stats
04-26 14:18:04.893  1190  1338 D BootAnimation: BootAnimationShownTiming start time: 27636ms
04-26 14:18:04.894  1190  1370 E BootAnimation: Could not add watch for /data/system: Permission denied
04-26 14:18:04.879  1190  1190 W BootAnimation::: type=1400 audit(0.0:13): avc: denied { read } for name="system" dev="mmcblk0p49" ino=1056769 scontext=u:r:bootanim:s0 tcontext=u:object_r:system_data_file:s0 tclass=dir permissive=0
04-26 14:18:04.896   899   899 I mm-camera: <MCT   >< INFO> 4448: mct_pipeline_start_stream_internal: Adding session stream streamid= 0xf for session=1
04-26 14:18:04.896   899   899 I mm-camera: <MCT   >< INFO> 4496: mct_pipeline_start_stream_internal: Linking session stream for session 1
04-26 14:18:04.896   899   899 I mm-camera: <MCT   >< INFO> 503: mct_stream_start_link: Start linking Session-stream 0x1000f
04-26 14:18:04.896   899   899 I mm-camera: <IFACE >< INFO> 338: iface_util_find_primary_cid: iface_util_find_primary_cid:338 error cannot find primary sensor format cids 1
04-26 14:18:04.896   899   899 I mm-camera: <ISP   >< INFO> 798: isp_port_check_caps_reserve: port 0xec2154f0 ide 1000f type 10 dim 0 0
04-26 14:18:04.896   899   899 I mm-camera: <PPROC >< INFO> 446: pproc_port_add_modules_to_stream: in identity 1000f stream 10 int_link = 0xec219cf0
04-26 14:18:04.896   899   899 I mm-camera: <PPROC >< INFO> 458: pproc_port_add_modules_to_stream: :LINK linking mods tmod and ppeiscore for identity 1000f
04-26 14:18:04.897   899   899 I mm-camera: <PPROC >< INFO> 458: pproc_port_add_modules_to_stream: :LINK linking mods ppeiscore and c2d for identity 1000f
04-26 14:18:04.897   899   899 I mm-camera: <C2D   >< INFO> 1490: c2d_module_notify_add_stream: width 0, height 0, stride 0, scanline 0, is_type 0
04-26 14:18:04.897   899   899 I mm-camera: <PPROC >< INFO> 458: pproc_port_add_modules_to_stream: :LINK linking mods c2d and cpp for identity 1000f
04-26 14:18:04.897   899   899 I mm-camera: <CPP   >< INFO> 2141: cpp_module_notify_add_stream: :width 0, height 0, stride 0, scanline 0, framelen 0
04-26 14:18:04.897   899   899 I mm-camera: <CPP   >< INFO> 2306: cpp_module_notify_add_stream: : stream 10, fmt 1, asf_mode 0, sharpness_level 0.000000,asf mask 0, denoise 0, denoise_mask 0, dsdn mask 0,dsdn enable 0, tnr mask 0, tnr enable 0, ds_mask 0
04-26 14:18:04.897   899   899 I mm-camera: <PPROC >< INFO> 458: pproc_port_add_modules_to_stream: :LINK linking mods cpp and paaf for identity 1000f
04-26 14:18:04.897   899   899 I mm-camera: <PPROC >< INFO> 458: pproc_port_add_modules_to_stream: :LINK linking mods paaf and sw_tnr for identity 1000f
04-26 14:18:04.898   899   899 I mm-camera: <PPROC >< INFO> 458: pproc_port_add_modules_to_stream: :LINK linking mods sw_tnr and llvd for identity 1000f
04-26 14:18:04.898   899   899 I mm-camera: <PPROC >< INFO> 458: pproc_port_add_modules_to_stream: :LINK linking mods llvd and ezt for identity 1000f
04-26 14:18:04.898   899   899 I mm-camera: <PPROC >< INFO> 458: pproc_port_add_modules_to_stream: :LINK linking mods ezt and quadracfa for identity 1000f
04-26 14:18:04.901   899   899 I mm-camera: <MCT   >< INFO> 4505: mct_pipeline_start_stream_internal: Session stream linked successfully session 1
04-26 14:18:04.902   421   421 I hwservicemanager: getTransport: Cannot find entry android.hardware.graphics.mapper@4.0::IMapper/default in either framework or device manifest.
04-26 14:18:04.903  1190  1338 I Gralloc4: mapper 4.x is not supported
04-26 14:18:04.903   421   421 I hwservicemanager: getTransport: Cannot find entry android.hardware.graphics.mapper@3.0::IMapper/default in either framework or device manifest.
04-26 14:18:04.903  1190  1338 W Gralloc3: mapper 3.x is not supported
04-26 14:18:04.941   614   614 I SurfaceFlinger: Enter boot animation
04-26 14:18:04.942   800   843 I ServiceManager: Waiting for service 'package_native' on '/dev/binder'...
04-26 14:18:04.942   845   845 I ServiceManager: Waiting for service 'package_native' on '/dev/binder'...
04-26 14:18:04.943   614   614 E FMQ     : grantorIdx must be less than 3
04-26 14:18:04.943   582   582 E FMQ     : grantorIdx must be less than 3
04-26 14:18:04.945   582   582 E FMQ     : grantorIdx must be less than 3
04-26 14:18:04.946   614   614 E FMQ     : grantorIdx must be less than 3
04-26 14:18:04.948   582   582 D qdutils : DEBUG_CALC_FPS: 0
04-26 14:18:04.948   582   582 D qdutils : period: 10
04-26 14:18:04.948   582   582 D qdutils : ignorethresh_us: 500000
04-26 14:18:04.951   787   787 I ServiceManager: Waiting for service 'package_native' on '/dev/binder'...
04-26 14:18:04.967   899  1376 I mm-camera: <IMGLIB>< INFO> 2062: module_faceproc_query_mod: Caps ROI 10 scene_mode_cnt 1 HW analysis supported 0
04-26 14:18:04.967   899  1376 I mm-camera: <MCT   >< INFO> 1758: mct_pipeline_append_fps_entry:  Added hal_table[0]: (15.000000, 15.000000)
04-26 14:18:04.967   899  1376 I mm-camera: <MCT   >< INFO> 1758: mct_pipeline_append_fps_entry:  Added hal_table[1]: (20.000000, 20.000000)
04-26 14:18:04.967   899  1376 I mm-camera: <MCT   >< INFO> 1758: mct_pipeline_append_fps_entry:  Added hal_table[2]: (24.000000, 24.000000)
04-26 14:18:04.967   899  1376 I mm-camera: <MCT   >< INFO> 1758: mct_pipeline_append_fps_entry:  Added hal_table[3]: (7.000000, 30.000000)
04-26 14:18:04.967   899  1376 I mm-camera: <MCT   >< INFO> 1771: mct_pipeline_append_fps_entry:  Added hal_table[4]: (30.000000, 30.000000)
04-26 14:18:04.967   899  1376 I mm-camera: <MCT   >< INFO> 2942: mct_pipeline_fill_dimensions_snapshot: Cam 1: FPS range selection complete. Publishing 5 ranges.
04-26 14:18:04.968   899   899 I mm-camera: <MCT   >< INFO> 216: mct_controller_destroy: Initiating destroy sequence for session = 1
04-26 14:18:04.968   899   899 I mm-camera: <MCT   >< INFO> 234: mct_controller_destroy: serv_thread closed
04-26 14:18:04.968   899   899 I mm-camera: <MCT   >< INFO> 249: mct_controller_destroy: bus_handler thread closed
04-26 14:18:04.968   899   899 I mm-camera: <MCT   >< INFO> 4605: mct_pipeline_stop_session: Initiating stop_session on session 1
04-26 14:18:04.968   899   899 I mm-camera: <MCT   >< INFO> 3646: mct_pipeline_process_set: command=800000b
04-26 14:18:04.968   899   899 I mm-camera: <MCT   >< INFO> 3864: mct_pipeline_process_set: Issuing DEL_STREAM on stream 0x1000f and stream type=10
04-26 14:18:04.968   899   899 I mm-camera: <IFACE >< INFO> 671: iface_unreserve_sink_port: stream_id f mode 0 
04-26 14:18:04.969   899   899 I mm-camera: <ISP   >< INFO> 887: isp_port_check_caps_unreserve: ide 1000f port 0xec2154f0
04-26 14:18:04.969   899   899 I mm-camera: <MCT   >< INFO> 3875: mct_pipeline_process_set: Stream 0x1000f and stream type=10, successfully deleted
04-26 14:18:04.970   899  1388 I mm-camera: <MCT   >< INFO> 4339: mct_pipeline_stop_session_thread: Stop module name: sensor - E
04-26 14:18:04.970   899  1389 I mm-camera: <MCT   >< INFO> 4339: mct_pipeline_stop_session_thread: Stop module name: iface - E
04-26 14:18:04.970   899  1390 I mm-camera: <MCT   >< INFO> 4339: mct_pipeline_stop_session_thread: Stop module name: isp - E
04-26 14:18:04.970   899  1390 I mm-camera: <ISP   >< INFO> 490: isp_module_stop_session: session id 1
04-26 14:18:04.970   899  1391 I mm-camera: <MCT   >< INFO> 4339: mct_pipeline_stop_session_thread: Stop module name: stats - E
04-26 14:18:04.970   899  1389 I mm-camera: <MCT   >< INFO> 4347: mct_pipeline_stop_session_thread: Stop module name: iface - X
04-26 14:18:04.971   899  1392 I mm-camera: <MCT   >< INFO> 4339: mct_pipeline_stop_session_thread: Stop module name: pproc - E
04-26 14:18:04.971   899  1390 I mm-camera: <MCT   >< INFO> 4347: mct_pipeline_stop_session_thread: Stop module name: isp - X
04-26 14:18:04.972   899  1393 I mm-camera: <MCT   >< INFO> 4339: mct_pipeline_stop_session_thread: Stop module name: imglib - E
04-26 14:18:04.972   899   899 I mm-camera: <MCT   >< INFO> 4627: mct_pipeline_stop_session: Modules left: 5
04-26 14:18:04.972   899   899 I mm-camera: <MCT   >< INFO> 4627: mct_pipeline_stop_session: Modules left: 4
04-26 14:18:04.972   899  1392 I mm-camera: <MCT   >< INFO> 4347: mct_pipeline_stop_session_thread: Stop module name: pproc - X
04-26 14:18:04.972   899   899 I mm-camera: <MCT   >< INFO> 4627: mct_pipeline_stop_session: Modules left: 3
04-26 14:18:04.972   899  1393 I mm-camera: <MCT   >< INFO> 4347: mct_pipeline_stop_session_thread: Stop module name: imglib - X
04-26 14:18:04.972   899   899 I mm-camera: <MCT   >< INFO> 4627: mct_pipeline_stop_session: Modules left: 2
04-26 14:18:04.973   899  1391 I mm-camera: <MCT   >< INFO> 4347: mct_pipeline_stop_session_thread: Stop module name: stats - X
04-26 14:18:04.973   899   899 I mm-camera: <MCT   >< INFO> 4627: mct_pipeline_stop_session: Modules left: 1
04-26 14:18:04.976   899  1388 I mm-camera: <MCT   >< INFO> 4347: mct_pipeline_stop_session_thread: Stop module name: sensor - X
04-26 14:18:04.976   899   899 I mm-camera: <MCT   >< INFO> 4627: mct_pipeline_stop_session: Modules left: 0
04-26 14:18:04.976   899   899 I mm-camera: <MCT   >< INFO> 4636: mct_pipeline_stop_session: Stopped session 1 successfully
04-26 14:18:04.976   899   899 I mm-camera: <MCT   >< INFO> 4916: mct_pipeline_destroy: E: session:1
04-26 14:18:04.976   899   899 I mm-camera: <MCT   >< INFO> 4989: mct_pipeline_destroy: X: Pipeline destroyed successfully session =1
04-26 14:18:04.976   899   899 I mm-camera: <MCT   >< INFO> 282: mct_controller_destroy: X Successfully closed mct_controller session 1
04-26 14:18:04.977   574   574 I QCamera : <HAL><INFO> getCamInfo: 8165: camera 1 resource cost is 100
04-26 14:18:04.977   574   574 I QCamera : <HAL><INFO> openLegacy: 500: openLegacy halVersion: 256
04-26 14:18:04.980   574   574 I QCamera : <HAL><INFO> openCamera: 1826: [KPI Perf]: E PROFILE_OPEN_CAMERA camera id 1
04-26 14:18:04.982   574   574 E QCamera : <HAL><ERROR> lock_acq_timed: 314: failed to acquire lock
04-26 14:18:04.982   899   899 I mm-camera: < INFO> 395: void enable_memleak_trace(int): start memleak tracking.
04-26 14:18:04.994   899   899 I mm-camera: <MCT   >< INFO> 63: mct_controller_new: Creating new mct_controller with session-id 1
04-26 14:18:04.994   899  1397 I mm-camera: <MCT   >< INFO> 4527: mct_pipeline_start_session_thread: E sensor
04-26 14:18:04.994   899  1397 I mm-camera: <MCT   >< INFO> 4534: mct_pipeline_start_session_thread: Calling start_session on Module sensor
04-26 14:18:04.994   899  1398 I mm-camera: <MCT   >< INFO> 4527: mct_pipeline_start_session_thread: E iface
04-26 14:18:04.994   899  1398 I mm-camera: <MCT   >< INFO> 4534: mct_pipeline_start_session_thread: Calling start_session on Module iface
04-26 14:18:04.995   899  1400 I mm-camera: <MCT   >< INFO> 4527: mct_pipeline_start_session_thread: E isp
04-26 14:18:04.995   899  1400 I mm-camera: <MCT   >< INFO> 4534: mct_pipeline_start_session_thread: Calling start_session on Module isp
04-26 14:18:04.995   899  1400 I mm-camera: <ISP   >< INFO> 201: isp_module_start_session: session id 1
04-26 14:18:04.995   899  1398 I mm-camera: <MCT   >< INFO> 4537: mct_pipeline_start_session_thread: Module iface start_session rc = 1
04-26 14:18:04.995   899  1398 I mm-camera: <MCT   >< INFO> 4545: mct_pipeline_start_session_thread: started_num = 1, success = 1
04-26 14:18:04.995   899  1398 I mm-camera: <MCT   >< INFO> 4552: mct_pipeline_start_session_thread: X iface
04-26 14:18:04.997   899  1401 I mm-camera: <MCT   >< INFO> 4527: mct_pipeline_start_session_thread: E stats
04-26 14:18:04.997   899  1401 I mm-camera: <MCT   >< INFO> 4534: mct_pipeline_start_session_thread: Calling start_session on Module stats
04-26 14:18:04.997   899  1404 I mm-camera: <MCT   >< INFO> 4527: mct_pipeline_start_session_thread: E pproc
04-26 14:18:04.997   899  1404 I mm-camera: <MCT   >< INFO> 4534: mct_pipeline_start_session_thread: Calling start_session on Module pproc
04-26 14:18:04.997   899  1405 I mm-camera: <MCT   >< INFO> 4527: mct_pipeline_start_session_thread: E imglib
04-26 14:18:04.998   899  1405 I mm-camera: <MCT   >< INFO> 4534: mct_pipeline_start_session_thread: Calling start_session on Module imglib
04-26 14:18:04.998   899  1405 I mm-camera: <MCT   >< INFO> 4537: mct_pipeline_start_session_thread: Module imglib start_session rc = 1
04-26 14:18:04.998   899  1405 I mm-camera: <MCT   >< INFO> 4545: mct_pipeline_start_session_thread: started_num = 2, success = 2
04-26 14:18:04.998   899  1405 I mm-camera: <MCT   >< INFO> 4552: mct_pipeline_start_session_thread: X imglib
04-26 14:18:04.998   899  1400 I mm-camera: <MCT   >< INFO> 4537: mct_pipeline_start_session_thread: Module isp start_session rc = 1
04-26 14:18:04.998   899  1400 I mm-camera: <MCT   >< INFO> 4545: mct_pipeline_start_session_thread: started_num = 3, success = 3
04-26 14:18:04.998   899  1400 I mm-camera: <MCT   >< INFO> 4552: mct_pipeline_start_session_thread: X isp
04-26 14:18:04.999   899  1401 E mm-camera: <STATS_AIS ><ERROR> 448: dsps_open: try to sensor1_open()
04-26 14:18:04.999   899  1404 I mm-camera: <MCT   >< INFO> 4537: mct_pipeline_start_session_thread: Module pproc start_session rc = 1
04-26 14:18:04.999   899  1404 I mm-camera: <MCT   >< INFO> 4545: mct_pipeline_start_session_thread: started_num = 4, success = 4
04-26 14:18:04.999   899  1404 I mm-camera: <MCT   >< INFO> 4552: mct_pipeline_start_session_thread: X pproc
04-26 14:18:05.002   899  1397 I mm-camera: <MCT   >< INFO> 4537: mct_pipeline_start_session_thread: Module sensor start_session rc = 1
04-26 14:18:05.002   899  1397 I mm-camera: <MCT   >< INFO> 4545: mct_pipeline_start_session_thread: started_num = 5, success = 5
04-26 14:18:05.002   899  1397 I mm-camera: <MCT   >< INFO> 4552: mct_pipeline_start_session_thread: X sensor
04-26 14:18:05.005   494   494 E ActivityRecognitionHardware: activity_recognition HAL is deprecated. class_init is effectively a no-op
04-26 14:18:05.005   899  1401 I mm-camera: <MCT   >< INFO> 4537: mct_pipeline_start_session_thread: Module stats start_session rc = 1
04-26 14:18:05.005   899  1401 I mm-camera: <MCT   >< INFO> 4545: mct_pipeline_start_session_thread: started_num = 6, success = 6
04-26 14:18:05.006   899  1401 I mm-camera: <MCT   >< INFO> 4552: mct_pipeline_start_session_thread: X stats
04-26 14:18:05.010   899   899 I mm-camera: <MCT   >< INFO> 4448: mct_pipeline_start_stream_internal: Adding session stream streamid= 0xf for session=1
04-26 14:18:05.010   899   899 I mm-camera: <MCT   >< INFO> 4496: mct_pipeline_start_stream_internal: Linking session stream for session 1
04-26 14:18:05.010   899   899 I mm-camera: <MCT   >< INFO> 503: mct_stream_start_link: Start linking Session-stream 0x1000f
04-26 14:18:05.010   899   899 I mm-camera: <IFACE >< INFO> 338: iface_util_find_primary_cid: iface_util_find_primary_cid:338 error cannot find primary sensor format cids 1
04-26 14:18:05.010   899   899 I mm-camera: <ISP   >< INFO> 798: isp_port_check_caps_reserve: port 0xec2154f0 ide 1000f type 10 dim 0 0
04-26 14:18:05.010   899   899 I mm-camera: <PPROC >< INFO> 446: pproc_port_add_modules_to_stream: in identity 1000f stream 10 int_link = 0xec219cf0
04-26 14:18:05.010   899   899 I mm-camera: <PPROC >< INFO> 458: pproc_port_add_modules_to_stream: :LINK linking mods tmod and ppeiscore for identity 1000f
04-26 14:18:05.010   899   899 I mm-camera: <PPROC >< INFO> 458: pproc_port_add_modules_to_stream: :LINK linking mods ppeiscore and c2d for identity 1000f
04-26 14:18:05.011   899   899 I mm-camera: <C2D   >< INFO> 1490: c2d_module_notify_add_stream: width 0, height 0, stride 0, scanline 0, is_type 0
04-26 14:18:05.011   899   899 I mm-camera: <PPROC >< INFO> 458: pproc_port_add_modules_to_stream: :LINK linking mods c2d and cpp for identity 1000f
04-26 14:18:05.011   899   899 I mm-camera: <CPP   >< INFO> 2141: cpp_module_notify_add_stream: :width 0, height 0, stride 0, scanline 0, framelen 0
04-26 14:18:05.011   899   899 I mm-camera: <CPP   >< INFO> 2306: cpp_module_notify_add_stream: : stream 10, fmt 1, asf_mode 0, sharpness_level 0.000000,asf mask 0, denoise 0, denoise_mask 0, dsdn mask 0,dsdn enable 0, tnr mask 0, tnr enable 0, ds_mask 0
04-26 14:18:05.011   899   899 I mm-camera: <PPROC >< INFO> 458: pproc_port_add_modules_to_stream: :LINK linking mods cpp and paaf for identity 1000f
04-26 14:18:05.011   899   899 I mm-camera: <PPROC >< INFO> 458: pproc_port_add_modules_to_stream: :LINK linking mods paaf and sw_tnr for identity 1000f
04-26 14:18:05.011   899   899 I mm-camera: <PPROC >< INFO> 458: pproc_port_add_modules_to_stream: :LINK linking mods sw_tnr and llvd for identity 1000f
04-26 14:18:05.011   899   899 I mm-camera: <PPROC >< INFO> 458: pproc_port_add_modules_to_stream: :LINK linking mods llvd and ezt for identity 1000f
04-26 14:18:05.011   899   899 I mm-camera: <PPROC >< INFO> 458: pproc_port_add_modules_to_stream: :LINK linking mods ezt and quadracfa for identity 1000f
04-26 14:18:05.013   899   899 I mm-camera: <MCT   >< INFO> 4505: mct_pipeline_start_stream_internal: Session stream linked successfully session 1
04-26 14:18:05.014   574   574 I Thermal-Lib: Thermal-Lib-Client: Registration successful for camera with handle:1
04-26 14:18:05.014   574   574 I Thermal-Lib: Thermal-Lib-Client: Registration successful for camcorder with handle:2
04-26 14:18:05.014   574   574 I QCamera : <HAL><INFO> openCamera: 1839: [KPI Perf]: X PROFILE_OPEN_CAMERA camera id 1, rc: 0
04-26 14:18:05.014   574   574 I QCamera : <HAL><INFO> close_camera_device: 1497: [KPI Perf]: E camera id 1
04-26 14:18:05.014   701   837 I ThermalEngine: Thermal-Server: Adding thermal event listener on fd 36
04-26 14:18:05.014   574  1423 I Thermal-Lib: Thermal-Lib-Client: Client received msg camera 0
04-26 14:18:05.014   574  1423 I Thermal-Lib: Thermal-Lib-Client: Client received msg camcorder 0
04-26 14:18:05.017   574   574 E QCamera : <HAL><ERROR> lock_acq: 363: failed to acquire lock
04-26 14:18:05.017   574   574 I QCamera : <HAL><INFO> closeCamera: 2225: E
04-26 14:18:05.017   574   574 I QCamera : <HAL><INFO> closeCamera: 2230: [KPI Perf]: E PROFILE_CLOSE_CAMERA camera id 1
04-26 14:18:05.017   899  1418 I mm-camera: <ISP   >< INFO> 6507: isp_util_print_meta_stream_info: Deallocate resources
04-26 14:18:05.019   899  1418 I mm-camera: <ISP   >< INFO> 2531: isp_resource_allocate: INFO: ISP resource acquired: session 1 num_isp 1
04-26 14:18:05.019   899  1418 I mm-camera: <ISP   >< INFO> 2533: isp_resource_allocate: INFO: ISP resource acquired: hw_id 1
04-26 14:18:05.019   899  1418 I mm-camera: <ISP   >< INFO> 6462: isp_util_decide_stream_mapping: stream_port_map num streams 0
04-26 14:18:05.021   574   574 I Thermal-Lib: Thermal-Lib-Client: Unregisteration is successfull for handle:1
04-26 14:18:05.021   701   837 I ThermalEngine: Thermal-Server: removing client on fd 36
04-26 14:18:05.021   574   574 I Thermal-Lib: Thermal-Lib-Client: Unregisteration is successfull for handle:2
04-26 14:18:05.021   899   899 I mm-camera: <MCT   >< INFO> 216: mct_controller_destroy: Initiating destroy sequence for session = 1
04-26 14:18:05.022   899   899 I mm-camera: <MCT   >< INFO> 234: mct_controller_destroy: serv_thread closed
04-26 14:18:05.022   899   899 I mm-camera: <MCT   >< INFO> 249: mct_controller_destroy: bus_handler thread closed
04-26 14:18:05.022   899   899 I mm-camera: <MCT   >< INFO> 4605: mct_pipeline_stop_session: Initiating stop_session on session 1
04-26 14:18:05.022   899   899 I mm-camera: <MCT   >< INFO> 3646: mct_pipeline_process_set: command=800000b
04-26 14:18:05.022   899   899 I mm-camera: <MCT   >< INFO> 3864: mct_pipeline_process_set: Issuing DEL_STREAM on stream 0x1000f and stream type=10
04-26 14:18:05.042   845   845 I ServiceManager: Waiting for service 'package_native' on '/dev/binder'...
04-26 14:18:05.042   800   843 I ServiceManager: Waiting for service 'package_native' on '/dev/binder'...
04-26 14:18:05.052   787   787 I ServiceManager: Waiting for service 'package_native' on '/dev/binder'...
04-26 14:18:05.087   899   899 I mm-camera: <IFACE >< INFO> 671: iface_unreserve_sink_port: stream_id f mode 0 
04-26 14:18:05.087   899   899 I mm-camera: <ISP   >< INFO> 887: isp_port_check_caps_unreserve: ide 1000f port 0xec2154f0
04-26 14:18:05.089   899   899 I mm-camera: <MCT   >< INFO> 3875: mct_pipeline_process_set: Stream 0x1000f and stream type=10, successfully deleted
04-26 14:18:05.089   899  1428 I mm-camera: <MCT   >< INFO> 4339: mct_pipeline_stop_session_thread: Stop module name: sensor - E
04-26 14:18:05.089   899  1429 I mm-camera: <MCT   >< INFO> 4339: mct_pipeline_stop_session_thread: Stop module name: iface - E
04-26 14:18:05.090   899  1429 I mm-camera: <MCT   >< INFO> 4347: mct_pipeline_stop_session_thread: Stop module name: iface - X
04-26 14:18:05.090   899  1430 I mm-camera: <MCT   >< INFO> 4339: mct_pipeline_stop_session_thread: Stop module name: isp - E
04-26 14:18:05.090   899  1430 I mm-camera: <ISP   >< INFO> 490: isp_module_stop_session: session id 1
04-26 14:18:05.090   899  1431 I mm-camera: <MCT   >< INFO> 4339: mct_pipeline_stop_session_thread: Stop module name: stats - E
04-26 14:18:05.091   899  1432 I mm-camera: <MCT   >< INFO> 4339: mct_pipeline_stop_session_thread: Stop module name: pproc - E
04-26 14:18:05.092   899  1430 I mm-camera: <MCT   >< INFO> 4347: mct_pipeline_stop_session_thread: Stop module name: isp - X
04-26 14:18:05.093   899  1432 I mm-camera: <MCT   >< INFO> 4347: mct_pipeline_stop_session_thread: Stop module name: pproc - X
04-26 14:18:05.093   899  1433 I mm-camera: <MCT   >< INFO> 4339: mct_pipeline_stop_session_thread: Stop module name: imglib - E
04-26 14:18:05.093   899   899 I mm-camera: <MCT   >< INFO> 4627: mct_pipeline_stop_session: Modules left: 5
04-26 14:18:05.093   899   899 I mm-camera: <MCT   >< INFO> 4627: mct_pipeline_stop_session: Modules left: 4
04-26 14:18:05.093   899   899 I mm-camera: <MCT   >< INFO> 4627: mct_pipeline_stop_session: Modules left: 3
04-26 14:18:05.093   899  1433 I mm-camera: <MCT   >< INFO> 4347: mct_pipeline_stop_session_thread: Stop module name: imglib - X
04-26 14:18:05.093   899   899 I mm-camera: <MCT   >< INFO> 4627: mct_pipeline_stop_session: Modules left: 2
04-26 14:18:05.094   899  1431 I mm-camera: <MCT   >< INFO> 4347: mct_pipeline_stop_session_thread: Stop module name: stats - X
04-26 14:18:05.094   899   899 I mm-camera: <MCT   >< INFO> 4627: mct_pipeline_stop_session: Modules left: 1
04-26 14:18:05.096   899  1428 I mm-camera: <MCT   >< INFO> 4347: mct_pipeline_stop_session_thread: Stop module name: sensor - X
04-26 14:18:05.096   899   899 I mm-camera: <MCT   >< INFO> 4627: mct_pipeline_stop_session: Modules left: 0
04-26 14:18:05.096   899   899 I mm-camera: <MCT   >< INFO> 4636: mct_pipeline_stop_session: Stopped session 1 successfully
04-26 14:18:05.096   899   899 I mm-camera: <MCT   >< INFO> 4916: mct_pipeline_destroy: E: session:1
04-26 14:18:05.096   899   899 I mm-camera: <MCT   >< INFO> 4989: mct_pipeline_destroy: X: Pipeline destroyed successfully session =1
04-26 14:18:05.096   899   899 I mm-camera: <MCT   >< INFO> 282: mct_controller_destroy: X Successfully closed mct_controller session 1
04-26 14:18:05.096   574   574 I QCamera : <HAL><INFO> closeCamera: 2301: [KPI Perf]: X PROFILE_CLOSE_CAMERA camera id 1, rc: 0
04-26 14:18:05.097   574   574 I hw-BpHwBinder: onLastStrongRef automatically unlinking death recipients
04-26 14:18:05.097   574   574 I QCamera : <HAL><INFO> close_camera_device: 1499: [KPI Perf]: X
04-26 14:18:05.099   574   574 I HidlServiceManagement: Registered android.hardware.camera.provider@2.4::ICameraProvider/legacy/0
04-26 14:18:05.099   574   574 I HidlServiceManagement: Removing namespace from process name android.hardware.camera.provider@2.4-service to provider@2.4-service.
04-26 14:18:05.100   574   574 I LegacySupport: Registration complete for android.hardware.camera.provider@2.4::ICameraProvider/legacy/0.
04-26 14:18:05.101   753   873 I CameraProviderManager: Connecting to new camera provider: legacy/0, isRemote? 1
04-26 14:18:05.103   753   873 I CameraProviderManager: Enumerating new camera device: device@1.0/legacy/0
04-26 14:18:05.106   574   574 I CamDev@1.0-impl: Opening camera 0
04-26 14:18:05.106   574   574 I QCamera : <HAL><INFO> openLegacy: 500: openLegacy halVersion: 256
04-26 14:18:05.110   574   574 I QCamera : <HAL><INFO> openCamera: 1826: [KPI Perf]: E PROFILE_OPEN_CAMERA camera id 0
04-26 14:18:05.112   574   574 E QCamera : <HAL><ERROR> lock_acq_timed: 314: failed to acquire lock
04-26 14:18:05.112   753   873 W CameraProviderManager: Camera provider legacy/0 says an unknown camera device@1.0/legacy/0 now has torch status 0. Curious.
04-26 14:18:05.112   753   873 W CameraProviderManager: Camera provider legacy/0 says an unknown camera device@3.3/legacy/0 now has torch status 0. Curious.
04-26 14:18:05.114   899   899 I mm-camera: < INFO> 395: void enable_memleak_trace(int): start memleak tracking.
04-26 14:18:05.116   748   748 E wcnss_qmi: wcnss_qmi_get_wlan_address: Mac Address_valid: 1 Mac Address Len: 6
04-26 14:18:05.116   748   748 E wcnss_qmi: wcnss_qmi_get_wlan_address: Succesfully Read WLAN MAC Address
04-26 14:18:05.116   748   748 E wcnss_service: WLAN MAC Addr:18:f0:e4:9d:f3:a7
04-26 14:18:05.116   748   748 E wcnss_qmi: wcnss_qmi_deinit: Deinitialize wcnss QMI Interface
04-26 14:18:05.117   748   748 I wcnss_service: data_nvfile_path /data/misc/wifi/nvbin/msm8953_293_0x00_0x01_0x00_nv.bin
04-26 14:18:05.117   748   748 E wcnss_service: source file do not exist /data/misc/wifi/nvbin/msm8953_293_0x00_0x01_0x00_nv.bin
04-26 14:18:05.117   748   748 E wcnss_service: Get source file path fail !
04-26 14:18:05.117   748   748 E libc    : Access denied finding property "ro.serialno"
04-26 14:18:05.117   748   748 I wcnss_service: WLAN MAC Addr:18:f0:e4:9d:f3:a7
04-26 14:18:05.117   748   748 E wcnss_service: CAL file not found
04-26 14:18:05.122   899   899 I mm-camera: <MCT   >< INFO> 63: mct_controller_new: Creating new mct_controller with session-id 2
04-26 14:18:05.122   899  1439 I mm-camera: <MCT   >< INFO> 4527: mct_pipeline_start_session_thread: E sensor
04-26 14:18:05.122   899  1439 I mm-camera: <MCT   >< INFO> 4534: mct_pipeline_start_session_thread: Calling start_session on Module sensor
04-26 14:18:05.123   899  1440 I mm-camera: <MCT   >< INFO> 4527: mct_pipeline_start_session_thread: E iface
04-26 14:18:05.123   899  1440 I mm-camera: <MCT   >< INFO> 4534: mct_pipeline_start_session_thread: Calling start_session on Module iface
04-26 14:18:05.123   899  1442 I mm-camera: <MCT   >< INFO> 4527: mct_pipeline_start_session_thread: E isp
04-26 14:18:05.123   899  1442 I mm-camera: <MCT   >< INFO> 4534: mct_pipeline_start_session_thread: Calling start_session on Module isp
04-26 14:18:05.123   899  1442 I mm-camera: <ISP   >< INFO> 201: isp_module_start_session: session id 2
04-26 14:18:05.124   899  1440 I mm-camera: <MCT   >< INFO> 4537: mct_pipeline_start_session_thread: Module iface start_session rc = 1
04-26 14:18:05.124   899  1440 I mm-camera: <MCT   >< INFO> 4545: mct_pipeline_start_session_thread: started_num = 1, success = 1
04-26 14:18:05.124   899  1440 I mm-camera: <MCT   >< INFO> 4552: mct_pipeline_start_session_thread: X iface
04-26 14:18:05.126   899  1443 I mm-camera: <MCT   >< INFO> 4527: mct_pipeline_start_session_thread: E stats
