04-26 14:18:07.142  1656  1717 I SystemConfig: Reading permissions from /system/etc/permissions/com.android.future.usb.accessory.xml
04-26 14:18:07.143  1656  1717 I SystemConfig: Reading permissions from /system/etc/permissions/android.test.base.xml
04-26 14:18:07.143  1656  1717 I SystemConfig: Reading permissions from /system/etc/permissions/platform.xml
04-26 14:18:07.147  1656  1717 I SystemConfig: Reading permissions from /vendor/etc/sysconfig/component-overrides.xml
04-26 14:18:07.148  1656  1717 I SystemConfig: Reading permissions from /vendor/etc/permissions/handheld_core_hardware.xml
04-26 14:18:07.150  1656  1717 I SystemConfig: Reading permissions from /vendor/etc/permissions/com.google.android.camera.experimental2020.xml
04-26 14:18:07.150   845   845 I ServiceManager: Waiting for service 'package_native' on '/dev/binder'...
04-26 14:18:07.150   800   843 I ServiceManager: Waiting for service 'package_native' on '/dev/binder'...
04-26 14:18:07.151  1656  1717 I SystemConfig: Reading permissions from /vendor/etc/permissions/com.dsi.ant.antradio_library.xml
04-26 14:18:07.152  1656  1717 I SystemConfig: Reading permissions from /vendor/etc/permissions/android.software.vulkan.deqp.level.xml
04-26 14:18:07.152  1656  1717 I SystemConfig: Reading permissions from /vendor/etc/permissions/android.software.sip.voip.xml
04-26 14:18:07.153  1656  1717 I SystemConfig: Reading permissions from /vendor/etc/permissions/android.software.print.xml
04-26 14:18:07.154  1656  1717 I SystemConfig: Reading permissions from /vendor/etc/permissions/android.software.midi.xml
04-26 14:18:07.154  1656  1717 I SystemConfig: Reading permissions from /vendor/etc/permissions/android.hardware.wifi.xml
04-26 14:18:07.155  1656  1717 I SystemConfig: Reading permissions from /vendor/etc/permissions/android.hardware.wifi.passpoint.xml
04-26 14:18:07.156  1656  1717 I SystemConfig: Reading permissions from /vendor/etc/permissions/android.hardware.wifi.direct.xml
04-26 14:18:07.156  1656  1717 I SystemConfig: Reading permissions from /vendor/etc/permissions/android.hardware.vulkan.version-1_1.xml
04-26 14:18:07.157  1656  1717 I SystemConfig: Reading permissions from /vendor/etc/permissions/android.hardware.vulkan.level-0.xml
04-26 14:18:07.158  1656  1717 I SystemConfig: Reading permissions from /vendor/etc/permissions/android.hardware.vulkan.compute-0.xml
04-26 14:18:07.159  1656  1717 I SystemConfig: Reading permissions from /vendor/etc/permissions/android.hardware.vr.high_performance.xml
04-26 14:18:07.160  1656  1717 I SystemConfig: Reading permissions from /vendor/etc/permissions/android.hardware.usb.host.xml
04-26 14:18:07.160   787   787 I ServiceManager: Waiting for service 'package_native' on '/dev/binder'...
04-26 14:18:07.161  1656  1717 I SystemConfig: Reading permissions from /vendor/etc/permissions/android.hardware.usb.accessory.xml
04-26 14:18:07.161  1656  1717 I SystemConfig: Reading permissions from /vendor/etc/permissions/android.hardware.touchscreen.multitouch.jazzhand.xml
04-26 14:18:07.162  1656  1717 I SystemConfig: Reading permissions from /vendor/etc/permissions/android.hardware.telephony.ims.xml
04-26 14:18:07.162  1656  1717 I SystemConfig: Reading permissions from /vendor/etc/permissions/android.hardware.telephony.gsm.xml
04-26 14:18:07.163  1656  1717 I SystemConfig: Reading permissions from /vendor/etc/permissions/android.hardware.telephony.cdma.xml
04-26 14:18:07.164  1656  1717 I SystemConfig: Reading permissions from /vendor/etc/permissions/android.hardware.sensor.stepdetector.xml
04-26 14:18:07.165  1656  1717 I SystemConfig: Reading permissions from /vendor/etc/permissions/android.hardware.sensor.stepcounter.xml
04-26 14:18:07.166  1656  1717 I SystemConfig: Reading permissions from /vendor/etc/permissions/android.hardware.sensor.proximity.xml
04-26 14:18:07.167  1656  1717 I SystemConfig: Reading permissions from /vendor/etc/permissions/android.hardware.sensor.light.xml
04-26 14:18:07.168  1656  1717 I SystemConfig: Reading permissions from /vendor/etc/permissions/android.hardware.sensor.gyroscope.xml
04-26 14:18:07.168  1656  1717 I SystemConfig: Reading permissions from /vendor/etc/permissions/android.hardware.sensor.compass.xml
04-26 14:18:07.169  1656  1717 I SystemConfig: Reading permissions from /vendor/etc/permissions/android.hardware.sensor.accelerometer.xml
04-26 14:18:07.170  1656  1717 I SystemConfig: Reading permissions from /vendor/etc/permissions/android.hardware.opengles.aep.xml
04-26 14:18:07.170  1656  1717 I SystemConfig: Reading permissions from /vendor/etc/permissions/android.hardware.location.gps.xml
04-26 14:18:07.171  1656  1717 I SystemConfig: Reading permissions from /vendor/etc/permissions/android.hardware.fingerprint.xml
04-26 14:18:07.172  1656  1717 I SystemConfig: Reading permissions from /vendor/etc/permissions/android.hardware.consumerir.xml
04-26 14:18:07.172  1656  1717 I SystemConfig: Reading permissions from /vendor/etc/permissions/android.hardware.camera.raw.xml
04-26 14:18:07.173  1656  1717 I SystemConfig: Reading permissions from /vendor/etc/permissions/android.hardware.camera.full.xml
04-26 14:18:07.173  1656  1717 I SystemConfig: Reading permissions from /vendor/etc/permissions/android.hardware.camera.front.xml
04-26 14:18:07.174  1656  1717 I SystemConfig: Reading permissions from /vendor/etc/permissions/android.hardware.camera.flash-autofocus.xml
04-26 14:18:07.175  1656  1717 I SystemConfig: Reading permissions from /vendor/etc/permissions/android.hardware.camera.concurrent.xml
04-26 14:18:07.175  1656  1717 I SystemConfig: Reading permissions from /vendor/etc/permissions/android.hardware.camera.ar.xml
04-26 14:18:07.176  1656  1717 I SystemConfig: Reading permissions from /vendor/etc/permissions/android.hardware.bluetooth_le.xml
04-26 14:18:07.177  1656  1717 I SystemConfig: Reading permissions from /vendor/etc/permissions/android.hardware.bluetooth.xml
04-26 14:18:07.177  1656  1717 I SystemConfig: Reading permissions from /vendor/etc/permissions/android.hardware.audio.low_latency.xml
04-26 14:18:07.178  1656  1717 I SystemConfig: Reading permissions from /product/etc/sysconfig/wellbeing.xml
04-26 14:18:07.179  1656  1717 I SystemConfig: Reading permissions from /product/etc/sysconfig/preinstalled-packages-platform-overlays.xml
04-26 14:18:07.180  1656  1717 I SystemConfig: Reading permissions from /product/etc/sysconfig/preinstalled-packages-platform-handheld-product.xml
04-26 14:18:07.181  1656  1717 I SystemConfig: Reading permissions from /product/etc/sysconfig/pixel_experience_2020_midyear.xml
04-26 14:18:07.182  1656  1717 I SystemConfig: Reading permissions from /product/etc/sysconfig/pixel_experience_2020.xml
04-26 14:18:07.183  1656  1717 I SystemConfig: Reading permissions from /product/etc/sysconfig/pixel_experience_2019_midyear.xml
04-26 14:18:07.184  1656  1717 I SystemConfig: Reading permissions from /product/etc/sysconfig/pixel_experience_2019.xml
04-26 14:18:07.185  1656  1717 I SystemConfig: Reading permissions from /product/etc/sysconfig/pixel_experience_2018.xml
04-26 14:18:07.186  1656  1717 I SystemConfig: Reading permissions from /product/etc/sysconfig/pixel_experience_2017.xml
04-26 14:18:07.187  1656  1717 I SystemConfig: Reading permissions from /product/etc/sysconfig/pixel.xml
04-26 14:18:07.188  1656  1717 I SystemConfig: Adding association: com.google.android.as <- com.android.bluetooth
04-26 14:18:07.188  1656  1717 I SystemConfig: Adding association: com.google.android.as <- com.android.providers.contacts
04-26 14:18:07.188  1656  1717 I SystemConfig: Adding association: com.google.android.as <- com.android.providers.media
04-26 14:18:07.188  1656  1717 I SystemConfig: Adding association: com.google.android.as <- com.android.providers.telephony
04-26 14:18:07.189  1656  1717 I SystemConfig: Adding association: com.google.android.as <- com.android.systemui
04-26 14:18:07.189  1656  1717 I SystemConfig: Adding association: com.google.android.as <- com.google.android.providers.media.module
04-26 14:18:07.189  1656  1717 I SystemConfig: Reading permissions from /product/etc/sysconfig/nga.xml
04-26 14:18:07.190  1656  1717 I SystemConfig: Reading permissions from /product/etc/sysconfig/nexus.xml
04-26 14:18:07.191  1656  1717 I SystemConfig: Reading permissions from /product/etc/sysconfig/google_fi.xml
04-26 14:18:07.191  1656  1717 I SystemConfig: Reading permissions from /product/etc/sysconfig/google_build.xml
04-26 14:18:07.192  1656  1717 I SystemConfig: Reading permissions from /product/etc/sysconfig/google.xml
04-26 14:18:07.193  1656  1717 I SystemConfig: Adding association: com.google.android.as <- com.android.bluetooth
04-26 14:18:07.193  1656  1717 I SystemConfig: Adding association: com.google.android.as <- com.android.providers.contacts
04-26 14:18:07.193  1656  1717 I SystemConfig: Adding association: com.google.android.as <- com.android.providers.media
04-26 14:18:07.193  1656  1717 I SystemConfig: Adding association: com.google.android.as <- com.android.providers.telephony
04-26 14:18:07.193  1656  1717 I SystemConfig: Adding association: com.google.android.as <- com.android.systemui
04-26 14:18:07.193  1656  1717 I SystemConfig: Adding association: com.google.android.as <- com.google.android.providers.media.module
04-26 14:18:07.194  1656  1717 I SystemConfig: Reading permissions from /product/etc/sysconfig/google-hiddenapi-package-allowlist.xml
04-26 14:18:07.195  1656  1717 I SystemConfig: Reading permissions from /product/etc/sysconfig/com.android.deskclock_whitelist.xml
04-26 14:18:07.196  1656  1717 I SystemConfig: Reading permissions from /product/etc/sysconfig/adaptivecharging.xml
04-26 14:18:07.197  1656  1717 I SystemConfig: Reading permissions from /product/etc/permissions/telephony_product_privapp-permissions-qti.xml
04-26 14:18:07.198  1656  1717 I SystemConfig: Reading permissions from /product/etc/permissions/split-permissions-google.xml
04-26 14:18:07.199  1656  1717 I SystemConfig: Reading permissions from /product/etc/permissions/privapp-permissions-livewallpaper.xml
04-26 14:18:07.200  1656  1717 I SystemConfig: Reading permissions from /product/etc/permissions/privapp-permissions-google-product.xml
04-26 14:18:07.206  1656  1717 I SystemConfig: Reading permissions from /product/etc/permissions/privapp-permissions-google-p.xml
04-26 14:18:07.212  1656  1717 I SystemConfig: Reading permissions from /product/etc/permissions/privapp-permissions-google-fi.xml
04-26 14:18:07.213  1656  1717 I SystemConfig: Reading permissions from /product/etc/permissions/privapp-permissions-google-comms-suite.xml
04-26 14:18:07.215  1656  1717 I SystemConfig: Reading permissions from /product/etc/permissions/privapp-permissions-com.google.android.dialer.xml
04-26 14:18:07.217  1656  1717 I SystemConfig: Reading permissions from /product/etc/permissions/privapp-permissions-com.google.android.as.xml
04-26 14:18:07.219  1656  1717 I SystemConfig: Reading permissions from /product/etc/permissions/privapp-permissions-com.google.android.apps.nexuslauncher.xml
04-26 14:18:07.220  1656  1717 I SystemConfig: Reading permissions from /product/etc/permissions/ims_ext_common.xml
04-26 14:18:07.220  1656  1717 I SystemConfig: Reading permissions from /product/etc/permissions/com.google.android.dialer.support.xml
04-26 14:18:07.221  1656  1717 I SystemConfig: Reading permissions from /product/etc/permissions/com.android.settings.intelligence.xml
04-26 14:18:07.222  1656  1717 W SystemConfig: No directory /system_ext/etc/sysconfig, skipping
04-26 14:18:07.223  1656  1717 I SystemConfig: Reading permissions from /system_ext/etc/permissions/qti_permissions.xml
04-26 14:18:07.224  1656  1717 I SystemConfig: Reading permissions from /system_ext/etc/permissions/com.android.storagemanager.xml
04-26 14:18:07.225  1656  1717 I SystemConfig: Reading permissions from /system_ext/etc/permissions/com.qti.dpmframework.xml
04-26 14:18:07.226  1656  1717 I SystemConfig: Reading permissions from /system_ext/etc/permissions/com.android.carrierconfig.xml
04-26 14:18:07.227  1656  1717 I SystemConfig: Reading permissions from /system_ext/etc/permissions/dpmapi.xml
04-26 14:18:07.228  1656  1717 I SystemConfig: Reading permissions from /system_ext/etc/permissions/qti_telephony_utils.xml
04-26 14:18:07.229  1656  1717 I SystemConfig: Reading permissions from /system_ext/etc/permissions/privapp-permissions-google-system-ext.xml
04-26 14:18:07.230  1656  1717 I SystemConfig: Reading permissions from /system_ext/etc/permissions/telephonyservice.xml
04-26 14:18:07.231  1656  1717 I SystemConfig: Reading permissions from /system_ext/etc/permissions/privapp-permissions-google-se.xml
04-26 14:18:07.235  1656  1717 I SystemConfig: Reading permissions from /system_ext/etc/permissions/com.android.emergency.xml
04-26 14:18:07.236  1656  1717 I SystemConfig: Reading permissions from /system_ext/etc/permissions/qti_telephony_hidl_wrapper.xml
04-26 14:18:07.237  1656  1717 I SystemConfig: Reading permissions from /system_ext/etc/permissions/privapp_whitelist_com.android.wallpaper.xml
04-26 14:18:07.238  1656  1717 I SystemConfig: Reading permissions from /system_ext/etc/permissions/telephony_system-ext_privapp-permissions-qti.xml
04-26 14:18:07.239  1656  1717 I SystemConfig: Reading permissions from /system_ext/etc/permissions/embms.xml
04-26 14:18:07.240  1656  1717 I SystemConfig: Reading permissions from /system_ext/etc/permissions/qti_libpermissions.xml
04-26 14:18:07.241  1656  1717 I SystemConfig: Reading permissions from /system_ext/etc/permissions/com.android.systemui.xml
04-26 14:18:07.242  1656  1717 I SystemConfig: Reading permissions from /system_ext/etc/permissions/qcrilhook.xml
04-26 14:18:07.244  1656  1717 I SystemConfig: Reading permissions from /system_ext/etc/permissions/com.android.settings.xml
04-26 14:18:07.246  1656  1656 D CompatConfig: Found a config file: /system/etc/compatconfig/libcore-platform-compat-config.xml
04-26 14:18:07.249  1656  1717 I SystemConfig: Reading permissions from /system_ext/etc/permissions/com.android.launcher3.xml
04-26 14:18:07.251   845   845 I ServiceManager: Waiting for service 'package_native' on '/dev/binder'...
04-26 14:18:07.251   800   843 I ServiceManager: Waiting for service 'package_native' on '/dev/binder'...
04-26 14:18:07.252  1656  1717 I SystemConfig: Reading permissions from /apex/com.android.ipsec/etc/permissions/android.net.ipsec.ike.xml
04-26 14:18:07.261   787   787 I ServiceManager: Waiting for service 'package_native' on '/dev/binder'...
04-26 14:18:07.262  1656  1656 D CompatConfig: Adding: com.android.server.compat.config.Change@b2ef151
04-26 14:18:07.266  1656  1656 D CompatConfig: Adding: com.android.server.compat.config.Change@6299db6
04-26 14:18:07.267  1656  1656 D CompatConfig: Adding: com.android.server.compat.config.Change@e89cab7
04-26 14:18:07.267  1656  1656 D CompatConfig: Adding: com.android.server.compat.config.Change@cf94224
04-26 14:18:07.268  1656  1656 D CompatConfig: Found a config file: /system/etc/compatconfig/framework-platform-compat-config.xml
04-26 14:18:07.269  1656  1656 D CompatConfig: Adding: com.android.server.compat.config.Change@aa9df42
04-26 14:18:07.270  1656  1656 D CompatConfig: Adding: com.android.server.compat.config.Change@b665b53
04-26 14:18:07.270  1656  1656 D CompatConfig: Adding: com.android.server.compat.config.Change@f9a5c90
04-26 14:18:07.271  1656  1656 D CompatConfig: Adding: com.android.server.compat.config.Change@44d7989
04-26 14:18:07.271  1656  1656 D CompatConfig: Adding: com.android.server.compat.config.Change@8faad8e
04-26 14:18:07.271  1656  1656 D CompatConfig: Adding: com.android.server.compat.config.Change@d7159af
04-26 14:18:07.272  1656  1656 D CompatConfig: Adding: com.android.server.compat.config.Change@ef0b1bc
04-26 14:18:07.272  1656  1656 D CompatConfig: Adding: com.android.server.compat.config.Change@60b2545
04-26 14:18:07.272  1656  1656 D CompatConfig: Adding: com.android.server.compat.config.Change@78149a
04-26 14:18:07.273  1656  1656 D CompatConfig: Adding: com.android.server.compat.config.Change@283e1cb
04-26 14:18:07.273  1656  1656 D CompatConfig: Adding: com.android.server.compat.config.Change@ef52da8
04-26 14:18:07.273  1656  1656 D CompatConfig: Adding: com.android.server.compat.config.Change@a3dd0c1
04-26 14:18:07.274  1656  1656 D CompatConfig: Adding: com.android.server.compat.config.Change@832e066
04-26 14:18:07.274  1656  1656 D CompatConfig: Adding: com.android.server.compat.config.Change@2eccfa7
04-26 14:18:07.275  1656  1656 D CompatConfig: Adding: com.android.server.compat.config.Change@8437c54
04-26 14:18:07.275  1656  1656 D CompatConfig: Adding: com.android.server.compat.config.Change@195b7fd
04-26 14:18:07.275  1656  1656 D CompatConfig: Adding: com.android.server.compat.config.Change@57c9cf2
04-26 14:18:07.275  1656  1656 D CompatConfig: Adding: com.android.server.compat.config.Change@30cbf43
04-26 14:18:07.276  1656  1656 D CompatConfig: Adding: com.android.server.compat.config.Change@f8609c0
04-26 14:18:07.276  1656  1656 D CompatConfig: Adding: com.android.server.compat.config.Change@d8ad6f9
04-26 14:18:07.276  1656  1656 D CompatConfig: Adding: com.android.server.compat.config.Change@f33963e
04-26 14:18:07.277  1656  1656 D CompatConfig: Adding: com.android.server.compat.config.Change@2b20c9f
04-26 14:18:07.277  1656  1656 D CompatConfig: Adding: com.android.server.compat.config.Change@7a201ec
04-26 14:18:07.277  1656  1656 D CompatConfig: Adding: com.android.server.compat.config.Change@518e9b5
04-26 14:18:07.278  1656  1656 D CompatConfig: Found a config file: /system/etc/compatconfig/documents-ui-compat-config.xml
04-26 14:18:07.279  1656  1656 D CompatConfig: Adding: com.android.server.compat.config.Change@634d3bb
04-26 14:18:07.279  1656  1656 D CompatConfig: Found a config file: /system/etc/compatconfig/services-platform-compat-config.xml
04-26 14:18:07.280  1656  1656 D CompatConfig: Adding: com.android.server.compat.config.Change@93b6c31
04-26 14:18:07.281  1656  1656 D CompatConfig: Adding: com.android.server.compat.config.Change@82a2f16
04-26 14:18:07.282  1656  1656 D CompatConfig: Adding: com.android.server.compat.config.Change@552f097
04-26 14:18:07.282  1656  1656 D CompatConfig: Adding: com.android.server.compat.config.Change@568a284
04-26 14:18:07.283  1656  1656 D CompatConfig: Adding: com.android.server.compat.config.Change@5299a6d
04-26 14:18:07.283  1656  1656 D CompatConfig: Adding: com.android.server.compat.config.Change@d1226a2
04-26 14:18:07.284  1656  1656 D CompatConfig: Adding: com.android.server.compat.config.Change@bcbff33
04-26 14:18:07.284  1656  1656 D CompatConfig: Adding: com.android.server.compat.config.Change@20f62f0
04-26 14:18:07.285  1656  1656 D CompatConfig: Adding: com.android.server.compat.config.Change@6527069
04-26 14:18:07.285  1656  1656 D CompatConfig: Adding: com.android.server.compat.config.Change@9900aee
04-26 14:18:07.285  1656  1656 D CompatConfig: Adding: com.android.server.compat.config.Change@7bd5b8f
04-26 14:18:07.286  1656  1656 D CompatConfig: Adding: com.android.server.compat.config.Change@d1fbe1c
04-26 14:18:07.286  1656  1656 D CompatConfig: Adding: com.android.server.compat.config.Change@818aa25
04-26 14:18:07.288  1656  1656 D CompatConfig: Found a config file: /system/system_ext/etc/compatconfig/settings-platform-compat-config.xml
04-26 14:18:07.288  1656  1656 D CompatConfig: Adding: com.android.server.compat.config.Change@1be21ab
04-26 14:18:07.294  1656  1656 D CompatConfig: No directory /apex/com.android.wifi/etc/compatconfig, skipping
04-26 14:18:07.294  1656  1656 D CompatConfig: No directory /apex/com.android.vndk.v30/etc/compatconfig, skipping
04-26 14:18:07.294  1656  1656 D CompatConfig: No directory /apex/com.android.tzdata/etc/compatconfig, skipping
04-26 14:18:07.294  1656  1656 D CompatConfig: No directory /apex/com.android.tethering/etc/compatconfig, skipping
04-26 14:18:07.295  1656  1656 D CompatConfig: No directory /apex/com.android.sdkext/etc/compatconfig, skipping
04-26 14:18:07.295  1656  1656 D CompatConfig: No directory /apex/com.android.runtime/etc/compatconfig, skipping
04-26 14:18:07.295  1656  1656 D CompatConfig: No directory /apex/com.android.resolv/etc/compatconfig, skipping
04-26 14:18:07.295  1656  1656 D CompatConfig: No directory /apex/com.android.permission/etc/compatconfig, skipping
04-26 14:18:07.295  1656  1656 D CompatConfig: No directory /apex/com.android.os.statsd/etc/compatconfig, skipping
04-26 14:18:07.295  1656  1656 D CompatConfig: No directory /apex/com.android.neuralnetworks/etc/compatconfig, skipping
04-26 14:18:07.296  1656  1656 D CompatConfig: Found a config file: /apex/com.android.mediaprovider/etc/compatconfig/media-provider-platform-compat-config.xml
04-26 14:18:07.297  1656  1656 D CompatConfig: No directory /apex/com.android.media.swcodec/etc/compatconfig, skipping
04-26 14:18:07.297  1656  1656 D CompatConfig: No directory /apex/com.android.media/etc/compatconfig, skipping
04-26 14:18:07.297  1656  1656 D CompatConfig: No directory /apex/com.android.ipsec/etc/compatconfig, skipping
04-26 14:18:07.297  1656  1656 D CompatConfig: No directory /apex/com.android.i18n/etc/compatconfig, skipping
04-26 14:18:07.297  1656  1656 D CompatConfig: No directory /apex/com.android.extservices/etc/compatconfig, skipping
04-26 14:18:07.297  1656  1656 D CompatConfig: No directory /apex/com.android.conscrypt/etc/compatconfig, skipping
04-26 14:18:07.297  1656  1656 D CompatConfig: No directory /apex/com.android.cellbroadcast/etc/compatconfig, skipping
04-26 14:18:07.297  1656  1656 D CompatConfig: No directory /apex/com.android.art/etc/compatconfig, skipping
04-26 14:18:07.297  1656  1656 D CompatConfig: No directory /apex/com.android.adbd/etc/compatconfig, skipping
04-26 14:18:07.300  1656  1656 I SystemServerTiming: StartFileIntegrityService
04-26 14:18:07.300  1656  1656 I SystemServiceManager: Starting com.android.server.security.FileIntegrityService
04-26 14:18:07.310  1656  1656 I SystemServerTiming: StartInstaller
04-26 14:18:07.310  1656  1656 I SystemServiceManager: Starting com.android.server.pm.Installer
04-26 14:18:07.312   786   840 D installd: Found quota mount /dev/block/bootdevice/by-name/userdata at /data
04-26 14:18:07.312   786   840 D installd: Found quota mount /dev/block/bootdevice/by-name/cache at /cache
04-26 14:18:07.312   786   840 D installd: Found quota mount /dev/block/bootdevice/by-name/userdata at /data/user/0
04-26 14:18:07.332  1656  1656 I SystemServerTiming: DeviceIdentifiersPolicyService
04-26 14:18:07.332  1656  1656 I SystemServiceManager: Starting com.android.server.os.DeviceIdentifiersPolicyService
04-26 14:18:07.333  1656  1656 I SystemServerTiming: UriGrantsManagerService
04-26 14:18:07.334  1656  1656 I SystemServiceManager: Starting com.android.server.uri.UriGrantsManagerService$Lifecycle
04-26 14:18:07.335  1656  1656 I SystemServerTiming: StartActivityManager
04-26 14:18:07.335  1656  1656 I SystemServiceManager: Starting com.android.server.wm.ActivityTaskManagerService$Lifecycle
04-26 14:18:07.349  1656  1656 I SystemServiceManager: Starting com.android.server.am.ActivityManagerService$Lifecycle
04-26 14:18:07.351   800   843 I ServiceManager: Waiting for service 'package_native' on '/dev/binder'...
04-26 14:18:07.351   845   845 I ServiceManager: Waiting for service 'package_native' on '/dev/binder'...
04-26 14:18:07.354  1656  1656 I ActivityManager: Memory class: 192
04-26 14:18:07.361   787   787 I ServiceManager: Waiting for service 'package_native' on '/dev/binder'...
04-26 14:18:07.387  1656  1656 D BatteryStatsImpl: Reading daily items from /data/system/batterystats-daily.xml
04-26 14:18:07.414  1656  1747 I BatteryStatsService: Using power.stats HAL
04-26 14:18:07.416  1656  1747 W BatteryStatsService: Rail information is not available
04-26 14:18:07.416  1656  1747 W BatteryStatsService: Rail energy data is not available
04-26 14:18:07.417  1656  1747 E BluetoothAdapter: Bluetooth binder is null
04-26 14:18:07.419  1656  1747 I KernelCpuUidFreqTimeReader: mPerClusterTimesAvailable=false
04-26 14:18:07.421  1656  1747 W KernelCpuUidFreqTimeBpfMapReader: Failed to start tracking
04-26 14:18:07.423  1656  1747 W KernelCpuUidActiveTimeBpfMapReader: Failed to start tracking
04-26 14:18:07.424  1656  1747 W KernelCpuUidClusterTimeBpfMapReader: Failed to start tracking
04-26 14:18:07.434  1656  1747 W KernelMemoryBandwidthStats: No kernel memory bandwidth stats available
04-26 14:18:07.441   580  1751 E IPCMessagingProxy: Exiting with error _process line 159 "3"
04-26 14:18:07.441   580  1751 E IzatSvc_IzatManager: Exiting with error handleMsg line 571 "3"
04-26 14:18:07.443   580   649 E IzatSvc_QNP: Exiting with error getInstance line 284 2
04-26 14:18:07.443   580   649 W IzatSvc_ComboNetworkProvider: Failed to initialize to NLP_MODE_QNP_ONLY for Emergency mode
04-26 14:18:07.450   580  1468 E QMI_FW  : QCCI qmi_cci_xport_recv: txn not found. svc_id: 16
04-26 14:18:07.450   580   654 E LocSvc_LBSApiV02: operator():717]: Error : st = 3, ind.status = 0
04-26 14:18:07.452   800   843 I ServiceManager: Waiting for service 'package_native' on '/dev/binder'...
04-26 14:18:07.452   845   845 I ServiceManager: Waiting for service 'package_native' on '/dev/binder'...
04-26 14:18:07.454   580   654 E LocSvc_GnssAdapter: gnssUpdateConfig:1185] Feature constellation enablement not supported.
04-26 14:18:07.455   580   649 E Subscription: sSubscriptionCb NULL !
04-26 14:18:07.455   580   649 E Subscription: sSubscriptionCb NULL !
04-26 14:18:07.455   580  1751 E IzatSvc_IzatManager: Exiting with error handleMsg line 571 "3"
04-26 14:18:07.456   580   654 E LocSvc_ApiV02: setBlacklistSvSync:8400] Set Blacklist SV failed. status: eLOC_CLIENT_FAILURE_INVALID_MESSAGE_ID ind status eQMI_LOC_SUCCESS_V02
04-26 14:18:07.456   580   654 E LocSvc_ApiV02: operator():7164] failed, status: eLOC_CLIENT_FAILURE_INVALID_MESSAGE_ID, ind status:eQMI_LOC_SUCCESS_V02
04-26 14:18:07.456   580   654 E LocSvc_ApiV02: operator():7199] failed. status: eLOC_CLIENT_FAILURE_INVALID_MESSAGE_ID, ind status:eQMI_LOC_SUCCESS_V02
04-26 14:18:07.456   580  1751 E IzatSvc_IzatManager: Exiting with error handleMsg line 571 "3"
04-26 14:18:07.456   580   649 E Subscription: sSubscriptionCb NULL !
04-26 14:18:07.456   580   649 E Subscription: sSubscriptionCb NULL !
04-26 14:18:07.456   580   654 E LocSvc_IzatApiV02: Success at the 1st try, index 0
04-26 14:18:07.457   580   654 E LocSvc_IzatApiV02: Success at the 1st try, index 1
04-26 14:18:07.457   580   654 E LocSvc_IzatApiV02: Success at the 1st try, index 2
04-26 14:18:07.458   580   654 E LocSvc_IzatApiV02: Success at the 1st try, index 3
04-26 14:18:07.458   580   654 E LocSvc_IzatApiV02: Success at the 1st try, index 4
04-26 14:18:07.458   580   654 E LocSvc_IzatApiV02: setUserPref success
04-26 14:18:07.461   787   787 I ServiceManager: Waiting for service 'package_native' on '/dev/binder'...
04-26 14:18:07.552   800   843 I ServiceManager: Waiting for service 'package_native' on '/dev/binder'...
04-26 14:18:07.552   845   845 I ServiceManager: Waiting for service 'package_native' on '/dev/binder'...
04-26 14:18:07.562   787   787 I ServiceManager: Waiting for service 'package_native' on '/dev/binder'...
04-26 14:18:07.585  1656  1656 I IntentFirewall: Read new rules (A:0 B:0 S:0)
04-26 14:18:07.597  1656  1656 D AppOps  : AppOpsService published
04-26 14:18:07.598  1656  1656 I SystemServerTiming: StartDataLoaderManagerService
04-26 14:18:07.598  1656  1656 I SystemServiceManager: Starting com.android.server.pm.DataLoaderManagerService
04-26 14:18:07.599  1656  1656 I SystemServerTiming: StartIncrementalService
04-26 14:18:07.599  1656  1656 I SystemServerTiming: StartPowerManager
04-26 14:18:07.599  1656  1656 I SystemServiceManager: Starting com.android.server.power.PowerManagerService
04-26 14:18:07.608   420   420 I servicemanager: Found android.hardware.power.IPower/default in device VINTF manifest.
04-26 14:18:07.609   421   421 I hw-BpHwBinder: onLastStrongRef automatically unlinking death recipients
04-26 14:18:07.610   588   588 I android.hardware.power-service-qti: Power isModeSupported: 7
04-26 14:18:07.610   588   588 I android.hardware.power-service-qti: Power setMode: 7 to: 1
04-26 14:18:07.613   588   588 E QTI PowerHAL: Failed to acquire lock for hint_id: 1041.
04-26 14:18:07.613   588   588 I android.hardware.power-service-qti: Power isModeSupported: 0
04-26 14:18:07.613   588   588 I android.hardware.power-service-qti: Power setMode: 0 to: 0
04-26 14:18:07.615  1656  1656 I SystemServerTiming: StartThermalManager
04-26 14:18:07.615  1656  1656 I SystemServiceManager: Starting com.android.server.power.ThermalManagerService
04-26 14:18:07.616  1656  1656 I SystemServerTiming: InitPowerManagement
04-26 14:18:07.617  1656  1656 I SystemServerTiming: StartRecoverySystemService
04-26 14:18:07.617  1656  1656 I SystemServiceManager: Starting com.android.server.recoverysystem.RecoverySystemService$Lifecycle
04-26 14:18:07.619  1656  1656 I PackageWatchdog: Syncing state, reason: added new observer
04-26 14:18:07.619  1656  1656 I PackageWatchdog: Not pruning observers, elapsed time: 0ms
04-26 14:18:07.619  1656  1656 I PackageWatchdog: Cancelling state sync, nothing to sync
04-26 14:18:07.619  1656  1733 I PackageWatchdog: Saving observer state to file
04-26 14:18:07.620  1656  1656 I SystemServerTiming: StartLightsService
04-26 14:18:07.620  1656  1656 I SystemServiceManager: Starting com.android.server.lights.LightsService
04-26 14:18:07.621   420   420 E servicemanager: Could not find android.hardware.light.ILights/default in the VINTF manifest.
04-26 14:18:07.625  1656  1656 I SystemServerTiming: StartSidekickService
04-26 14:18:07.625  1656  1656 I SystemServerTiming: StartDisplayManager
04-26 14:18:07.625  1656  1656 I SystemServiceManager: Starting com.android.server.display.DisplayManagerService
04-26 14:18:07.632  1656  1656 I SystemServerTiming: WaitForDisplay
04-26 14:18:07.632  1656  1656 I SystemServiceManager: Starting phase 100
04-26 14:18:07.632  1656  1656 I SystemServerTiming: OnBootPhase_100
04-26 14:18:07.632  1656  1656 I SystemServerTiming: OnBootPhase_100_com.android.server.security.FileIntegrityService
04-26 14:18:07.632  1656  1656 I SystemServerTiming: OnBootPhase_100_com.android.server.pm.Installer
04-26 14:18:07.632  1656  1656 I SystemServerTiming: OnBootPhase_100_com.android.server.os.DeviceIdentifiersPolicyService
04-26 14:18:07.632  1656  1656 I SystemServerTiming: OnBootPhase_100_com.android.server.uri.UriGrantsManagerService$Lifecycle
04-26 14:18:07.632  1656  1656 I SystemServerTiming: OnBootPhase_100_com.android.server.wm.ActivityTaskManagerService$Lifecycle
04-26 14:18:07.632  1656  1656 I SystemServerTiming: OnBootPhase_100_com.android.server.am.ActivityManagerService$Lifecycle
04-26 14:18:07.632  1656  1656 I SystemServerTiming: OnBootPhase_100_com.android.server.pm.DataLoaderManagerService
04-26 14:18:07.632  1656  1656 I SystemServerTiming: OnBootPhase_100_com.android.server.power.PowerManagerService
04-26 14:18:07.632  1656  1656 I SystemServerTiming: OnBootPhase_100_com.android.server.power.ThermalManagerService
04-26 14:18:07.632  1656  1656 I SystemServerTiming: OnBootPhase_100_com.android.server.recoverysystem.RecoverySystemService$Lifecycle
04-26 14:18:07.632  1656  1656 I SystemServerTiming: OnBootPhase_100_com.android.server.lights.LightsService
04-26 14:18:07.633  1656  1656 I SystemServerTiming: OnBootPhase_100_com.android.server.display.DisplayManagerService
04-26 14:18:07.634   582   582 I SDM     : HWCDisplay::GetColorModeCount: Supported color mode count = 1
04-26 14:18:07.634   582   582 I SDM     : HWCDisplay::GetColorModes: Supports color mode[0] = 0
04-26 14:18:07.635   614  1769 E HWComposer: getSupportedContentTypes: getSupportedContentTypes failed for display 0: Unsupported (8)
04-26 14:18:07.651  1656  1713 I DisplayManagerService: Display device added: DisplayDeviceInfo{"Built-in Screen": uniqueId="local:0", 1080 x 1920, modeId 1, defaultModeId 1, supportedModes [{id=1, width=1080, height=1920, fps=60.000004}], colorMode 0, supportedColorModes [0], HdrCapabilities HdrCapabilities{mSupportedHdrTypes=[], mMaxLuminance=500.0, mMaxAverageLuminance=500.0, mMinLuminance=0.0}, allmSupported false, gameContentTypeSupported false, density 420, 397.565 x 399.737 dpi, appVsyncOff 2000000, presDeadline 11666666, touch INTERNAL, rotation 0, type INTERNAL, address {port=0}, deviceProductInfo null, state UNKNOWN, FLAG_DEFAULT_DISPLAY, FLAG_ROTATES_WITH_CONTENT, FLAG_SECURE, FLAG_SUPPORTS_PROTECTED_BUFFERS}
04-26 14:18:07.653   800   843 I ServiceManager: Waiting for service 'package_native' on '/dev/binder'...
04-26 14:18:07.653   845   845 I ServiceManager: Waiting for service 'package_native' on '/dev/binder'...
04-26 14:18:07.654   614   614 D SurfaceFlinger: Setting power mode 2 on display 0
04-26 14:18:07.657  1656  1656 I SystemServerTiming: StartPackageManagerService
04-26 14:18:07.657  1656  1656 I Watchdog: Pausing HandlerChecker: main thread for reason: packagemanagermain. Pause count: 1
04-26 14:18:07.661  1656  1656 I PackageManagerTiming: create package manager
04-26 14:18:07.662   787   787 I ServiceManager: Waiting for service 'package_native' on '/dev/binder'...
04-26 14:18:07.664  1656  1656 I PackageManagerTiming: createSubComponents
04-26 14:18:07.668  1656  1763 W ProcessCpuTracker: Failed to stat(/proc/1759): android.system.ErrnoException: stat failed: ENOENT (No such file or directory)
04-26 14:18:07.668  1656  1763 W ProcessCpuTracker: Skipping unknown process pid 1759
04-26 14:18:07.706  1656  1656 I PackageManagerTiming: addSharedUsers
04-26 14:18:07.708  1656  1656 I PackageManagerTiming: get system config
04-26 14:18:07.711  1656  1656 D PackageManager: Directories scanned as system partitions: [/system:0, /vendor:524288, /odm:4194304, /oem:262144, /system/product:1048576, /system/system_ext:2097152, /apex/com.android.wifi:8388608, /apex/com.android.vndk.v30:8388608, /apex/com.android.tzdata:8388608, /apex/com.android.tethering:8388608, /apex/com.android.sdkext:8388608, /apex/com.android.runtime:8388608, /apex/com.android.resolv:8388608, /apex/com.android.permission:8388608, /apex/com.android.os.statsd:8388608, /apex/com.android.neuralnetworks:8388608, /apex/com.android.mediaprovider:8388608, /apex/com.android.media.swcodec:8388608, /apex/com.android.media:8388608, /apex/com.android.ipsec:8388608, /apex/com.android.i18n:8388608, /apex/com.android.extservices:8388608, /apex/com.android.conscrypt:8388608, /apex/com.android.cellbroadcast:8388608, /apex/com.android.art:8388608, /apex/com.android.adbd:8388608]
04-26 14:18:07.714  1656  1656 D SELinuxMMAC: Using policy file /system/etc/selinux/plat_mac_permissions.xml
04-26 14:18:07.716  1656  1656 D SELinuxMMAC: Using policy file /system_ext/etc/selinux/system_ext_mac_permissions.xml
04-26 14:18:07.716  1656  1656 D SELinuxMMAC: Using policy file /product/etc/selinux/product_mac_permissions.xml
04-26 14:18:07.717  1656  1656 D SELinuxMMAC: Using policy file /vendor/etc/selinux/vendor_mac_permissions.xml
04-26 14:18:07.719  1656  1656 I PackageManagerTiming: loadFallbacks
04-26 14:18:07.723  1656  1656 D FallbackCategoryProvider: Found 1 fallback categories
04-26 14:18:07.723  1656  1656 I PackageManagerTiming: read user settings
04-26 14:18:07.753   800   843 I ServiceManager: Waiting for service 'package_native' on '/dev/binder'...
04-26 14:18:07.753   845   845 I ServiceManager: Waiting for service 'package_native' on '/dev/binder'...
04-26 14:18:07.763   787   787 W ServiceManager: Service package_native didn't start. Returning NULL
04-26 14:18:07.763   787   787 E iorapd  : Cannot get package manager service!
04-26 14:18:07.797  1779  1779 W ims_rtp_daemon: libminijail[1779]: failed to get path of fd 3: No such file or directory
04-26 14:18:07.797  1779  1779 W ims_rtp_daemon: libminijail[1779]: allowing syscall: connect
04-26 14:18:07.797  1779  1779 W ims_rtp_daemon: libminijail[1779]: allowing syscall: fcntl
04-26 14:18:07.798  1779  1779 W ims_rtp_daemon: libminijail[1779]: allowing syscall: sendto
04-26 14:18:07.798  1779  1779 W ims_rtp_daemon: libminijail[1779]: allowing syscall: socket
04-26 14:18:07.798  1779  1779 W ims_rtp_daemon: libminijail[1779]: allowing syscall: writev
04-26 14:18:07.798  1779  1779 W ims_rtp_daemon: libminijail[1779]: logging seccomp filter failures
04-26 14:18:07.800  1779  1779 E Diag_Lib: qpLogDiagInit <== result : 1;
04-26 14:18:07.800  1779  1779 E Diag_Lib: [IMS_AP_RTP]"RTP Daemon main entry : 3e9"
04-26 14:18:07.800  1779  1779 E Diag_Lib: [IMS_AP_RTP]"RTP Daemon bLogRTPMsgs 1, bLogRTPDataMsgs 2, bLogAdbMsgs 0"
04-26 14:18:07.800  1779  1779 E Diag_Lib: [IMS_AP_RTP]"qvp_rtp_task_init"
04-26 14:18:07.801  1779  1779 E Diag_Lib: [IMS_AP_RTP]"ims-rtp-daemon listen done"
04-26 14:18:07.801  1779  1779 E Diag_Lib: [IMS_AP_RTP]"ims-rtp-daemon qmi_rtp_register_service >"
04-26 14:18:07.801  1779  1783 E Diag_Lib: DPL : gIsQXDMDisabled 1, gIsADBDisabled 1, gIsDebugDisabled 1, gIsIMSLogsDisabled 1 gIsDebugDataPathDisabled = 1
04-26 14:18:07.801  1779  1783 E Diag_Lib: [IMS_AP_RTP]"qvp_rtp_handle_signals call ret qpDplInitTaskInfo 1"
04-26 14:18:07.802  1779  1779 E Diag_Lib: [IMS_AP_RTP]"ims-rtp-daemon qmi_rtp_register_service rc : 0"
04-26 14:18:07.803  1779  1779 E Diag_Lib: [IMS_AP_RTP]"ims-rtp-daemon qmi_rtp_register_service service_cookie.service_handle : 0x1"
04-26 14:18:07.803  1779  1779 E Diag_Lib: [IMS_AP_RTP]"IMSRTP HIDL Service is starting."
04-26 14:18:07.803  1779  1779 E VIMSVT  : VT-Vendor:: enableImsADB 0, log_priority value 240
04-26 14:18:07.803  1779  1784 E Diag_Lib: [IMS_AP_RTP]"ms-rtp-daemon ims_rtp_qmi_handler_thread_func >"
04-26 14:18:07.803  1779  1779 E Diag_Lib: [IMS_AP_RTP]"RTPService callback Registraton"
04-26 14:18:07.805  1779  1779 I HidlServiceManagement: Registered vendor.qti.imsrtpservice@3.0::IRTPService/imsrtpservice
04-26 14:18:07.816  1779  1783 E Diag_Lib: [IMS_AP_RTP]"rtp_register :: active num_users 1 "
04-26 14:18:07.824  1656  1656 W PackageManager: Unknown element under <package>: uses-static-lib
04-26 14:18:07.854   845   845 W ServiceManager: Service package_native didn't start. Returning NULL
04-26 14:18:07.854   800   843 W ServiceManager: Service package_native didn't start. Returning NULL
04-26 14:18:07.854   800   843 E ServiceUtilities: getInfo: Cannot find package_native
04-26 14:18:07.854   845   845 E storaged: getService package_native failed
04-26 14:18:07.854   800   843 W AudioAnalytics: (key=audio.flinger) Audioflinger constructor event detected
04-26 14:18:07.854   800   843 I ServiceManager: Waiting for service 'package_native' on '/dev/binder'...
04-26 14:18:07.856   845  1798 I storaged: storaged: Start
04-26 14:18:07.858   845  1798 I ServiceManager: Waiting for service 'package_native' on '/dev/binder'...
04-26 14:18:07.955   800   843 I ServiceManager: Waiting for service 'package_native' on '/dev/binder'...
04-26 14:18:07.959   845  1798 I ServiceManager: Waiting for service 'package_native' on '/dev/binder'...
04-26 14:18:07.981  1656  1656 W PackageManager: Unknown element under <package>: uses-static-lib
04-26 14:18:08.055   800   843 I ServiceManager: Waiting for service 'package_native' on '/dev/binder'...
04-26 14:18:08.059   845  1798 I ServiceManager: Waiting for service 'package_native' on '/dev/binder'...
04-26 14:18:08.108  1656  1656 W PackageSettings: Missing permission state for shared user: android.uid.log
04-26 14:18:08.108  1656  1656 W PackageSettings: Missing permission state for shared user: android.uid.nfc
04-26 14:18:08.156   800   843 I ServiceManager: Waiting for service 'package_native' on '/dev/binder'...
04-26 14:18:08.159   845  1798 I ServiceManager: Waiting for service 'package_native' on '/dev/binder'...
04-26 14:18:08.175  1656  1656 D PackageManager: Keeping known cache 8358af2f0439d0855e4f5f608afee9eb71f2e41a
04-26 14:18:08.176  1656  1656 D PackageManager: No files in app dir /system/system_ext/overlay
04-26 14:18:08.196  1656  1656 I PackageBackwardCompatibility: Loaded android.content.pm.AndroidTestBaseUpdater
04-26 14:18:08.198  1656  1656 D CompatibilityChangeReporter: Compat change id reported: 143539591; UID -1; state: ENABLED
04-26 14:18:08.201  1656  1656 D CompatibilityChangeReporter: Compat change id reported: 135549675; UID 10025; state: ENABLED
04-26 14:18:08.202  1656  1656 D CompatibilityChangeReporter: Compat change id reported: 135549675; UID 10068; state: ENABLED
04-26 14:18:08.204  1656  1656 D CompatibilityChangeReporter: Compat change id reported: 135549675; UID 10051; state: ENABLED
04-26 14:18:08.206  1656  1656 D CompatibilityChangeReporter: Compat change id reported: 135549675; UID 10044; state: ENABLED
04-26 14:18:08.208  1656  1656 D CompatibilityChangeReporter: Compat change id reported: 135549675; UID 10212; state: ENABLED
04-26 14:18:08.210  1656  1656 D CompatibilityChangeReporter: Compat change id reported: 135549675; UID 10085; state: ENABLED
04-26 14:18:08.212  1656  1656 D CompatibilityChangeReporter: Compat change id reported: 135549675; UID 10076; state: ENABLED
04-26 14:18:08.213  1656  1656 D CompatibilityChangeReporter: Compat change id reported: 135549675; UID 10058; state: ENABLED
04-26 14:18:08.215  1656  1656 D CompatibilityChangeReporter: Compat change id reported: 135549675; UID 10238; state: ENABLED
04-26 14:18:08.217  1656  1656 D CompatibilityChangeReporter: Compat change id reported: 135549675; UID 10239; state: ENABLED
04-26 14:18:08.218  1656  1656 D CompatibilityChangeReporter: Compat change id reported: 135549675; UID 10240; state: ENABLED
04-26 14:18:08.220  1656  1656 D CompatibilityChangeReporter: Compat change id reported: 135549675; UID 10241; state: ENABLED
04-26 14:18:08.222  1656  1656 D CompatibilityChangeReporter: Compat change id reported: 135549675; UID 10019; state: ENABLED
04-26 14:18:08.224  1656  1656 D CompatibilityChangeReporter: Compat change id reported: 135549675; UID 10081; state: ENABLED
04-26 14:18:08.226  1656  1656 D CompatibilityChangeReporter: Compat change id reported: 135549675; UID 10021; state: ENABLED
04-26 14:18:08.228  1656  1656 D CompatibilityChangeReporter: Compat change id reported: 135549675; UID 10004; state: ENABLED
04-26 14:18:08.229  1656  1656 D CompatibilityChangeReporter: Compat change id reported: 135549675; UID 10083; state: ENABLED
04-26 14:18:08.231  1656  1656 D CompatibilityChangeReporter: Compat change id reported: 135549675; UID 10027; state: ENABLED
04-26 14:18:08.232  1656  1656 D CompatibilityChangeReporter: Compat change id reported: 135549675; UID 10008; state: ENABLED
04-26 14:18:08.234  1656  1656 D CompatibilityChangeReporter: Compat change id reported: 135549675; UID 10003; state: ENABLED
04-26 14:18:08.235  1656  1656 D CompatibilityChangeReporter: Compat change id reported: 135549675; UID 10052; state: ENABLED
04-26 14:18:08.236  1656  1656 D CompatibilityChangeReporter: Compat change id reported: 135549675; UID 10007; state: ENABLED
04-26 14:18:08.238  1656  1656 D CompatibilityChangeReporter: Compat change id reported: 135549675; UID 10050; state: ENABLED
04-26 14:18:08.240  1656  1656 D CompatibilityChangeReporter: Compat change id reported: 135549675; UID 10067; state: ENABLED
04-26 14:18:08.242  1656  1656 D CompatibilityChangeReporter: Compat change id reported: 135549675; UID 10046; state: ENABLED
04-26 14:18:08.244  1656  1656 D CompatibilityChangeReporter: Compat change id reported: 135549675; UID 10043; state: ENABLED
04-26 14:18:08.245  1656  1656 D CompatibilityChangeReporter: Compat change id reported: 135549675; UID 10040; state: ENABLED
04-26 14:18:08.247  1656  1656 D CompatibilityChangeReporter: Compat change id reported: 135549675; UID 10047; state: ENABLED
04-26 14:18:08.248  1656  1656 D CompatibilityChangeReporter: Compat change id reported: 135549675; UID 10009; state: ENABLED
04-26 14:18:08.250  1656  1656 D CompatibilityChangeReporter: Compat change id reported: 135549675; UID 10088; state: ENABLED
04-26 14:18:08.251  1656  1656 D CompatibilityChangeReporter: Compat change id reported: 135549675; UID 10034; state: ENABLED
04-26 14:18:08.252  1656  1656 D CompatibilityChangeReporter: Compat change id reported: 135549675; UID 10049; state: ENABLED
04-26 14:18:08.254  1656  1656 D CompatibilityChangeReporter: Compat change id reported: 135549675; UID 10014; state: ENABLED
04-26 14:18:08.256  1656  1656 D CompatibilityChangeReporter: Compat change id reported: 135549675; UID 10030; state: ENABLED
04-26 14:18:08.257   800   843 I ServiceManager: Waiting for service 'package_native' on '/dev/binder'...
04-26 14:18:08.258  1656  1656 D CompatibilityChangeReporter: Compat change id reported: 135549675; UID 10000; state: ENABLED
04-26 14:18:08.260   845  1798 I ServiceManager: Waiting for service 'package_native' on '/dev/binder'...
04-26 14:18:08.260  1656  1656 D CompatibilityChangeReporter: Compat change id reported: 135549675; UID 10032; state: ENABLED
04-26 14:18:08.262  1656  1656 D CompatibilityChangeReporter: Compat change id reported: 135549675; UID 10001; state: ENABLED
04-26 14:18:08.264  1656  1656 D CompatibilityChangeReporter: Compat change id reported: 135549675; UID 10065; state: ENABLED
04-26 14:18:08.265  1656  1656 D CompatibilityChangeReporter: Compat change id reported: 135549675; UID 10062; state: ENABLED
04-26 14:18:08.267  1656  1656 D CompatibilityChangeReporter: Compat change id reported: 135549675; UID 10091; state: ENABLED
04-26 14:18:08.268  1656  1656 D CompatibilityChangeReporter: Compat change id reported: 135549675; UID 10002; state: ENABLED
04-26 14:18:08.270  1656  1656 D CompatibilityChangeReporter: Compat change id reported: 135549675; UID 10089; state: ENABLED
04-26 14:18:08.271  1656  1656 D CompatibilityChangeReporter: Compat change id reported: 135549675; UID 10036; state: ENABLED
04-26 14:18:08.273  1656  1656 D CompatibilityChangeReporter: Compat change id reported: 135549675; UID 10042; state: ENABLED
04-26 14:18:08.275  1656  1656 D CompatibilityChangeReporter: Compat change id reported: 135549675; UID 10092; state: ENABLED
04-26 14:18:08.277  1656  1656 D CompatibilityChangeReporter: Compat change id reported: 135549675; UID 10037; state: ENABLED
04-26 14:18:08.279  1656  1656 D CompatibilityChangeReporter: Compat change id reported: 135549675; UID 10006; state: ENABLED
04-26 14:18:08.280  1656  1656 D CompatibilityChangeReporter: Compat change id reported: 135549675; UID 10071; state: ENABLED
04-26 14:18:08.282  1656  1656 D CompatibilityChangeReporter: Compat change id reported: 135549675; UID 10074; state: ENABLED
04-26 14:18:08.283  1656  1656 D CompatibilityChangeReporter: Compat change id reported: 135549675; UID 10055; state: ENABLED
04-26 14:18:08.284  1656  1656 D CompatibilityChangeReporter: Compat change id reported: 135549675; UID 10017; state: ENABLED
04-26 14:18:08.286  1656  1656 D CompatibilityChangeReporter: Compat change id reported: 135549675; UID 10029; state: ENABLED
04-26 14:18:08.287  1656  1656 D CompatibilityChangeReporter: Compat change id reported: 135549675; UID 10097; state: ENABLED
04-26 14:18:08.289  1656  1656 D CompatibilityChangeReporter: Compat change id reported: 135549675; UID 10078; state: ENABLED
04-26 14:18:08.291  1656  1656 D CompatibilityChangeReporter: Compat change id reported: 135549675; UID 10024; state: ENABLED
04-26 14:18:08.293  1656  1656 D CompatibilityChangeReporter: Compat change id reported: 135549675; UID 10054; state: ENABLED
04-26 14:18:08.295  1656  1656 D CompatibilityChangeReporter: Compat change id reported: 135549675; UID 10022; state: ENABLED
04-26 14:18:08.297  1656  1656 D CompatibilityChangeReporter: Compat change id reported: 135549675; UID 10039; state: ENABLED
04-26 14:18:08.299  1656  1656 D CompatibilityChangeReporter: Compat change id reported: 135549675; UID 10045; state: ENABLED
04-26 14:18:08.301  1656  1656 D CompatibilityChangeReporter: Compat change id reported: 135549675; UID 10090; state: ENABLED
04-26 14:18:08.303  1656  1656 D CompatibilityChangeReporter: Compat change id reported: 135549675; UID 10018; state: ENABLED
04-26 14:18:08.305  1656  1656 D CompatibilityChangeReporter: Compat change id reported: 135549675; UID 10010; state: ENABLED
04-26 14:18:08.307  1656  1656 D CompatibilityChangeReporter: Compat change id reported: 135549675; UID 10073; state: ENABLED
04-26 14:18:08.309  1656  1656 D CompatibilityChangeReporter: Compat change id reported: 135549675; UID 10070; state: ENABLED
04-26 14:18:08.311  1656  1656 D CompatibilityChangeReporter: Compat change id reported: 135549675; UID 10077; state: ENABLED
04-26 14:18:08.313  1656  1656 D CompatibilityChangeReporter: Compat change id reported: 135549675; UID 10035; state: ENABLED
04-26 14:18:08.315  1656  1656 D CompatibilityChangeReporter: Compat change id reported: 135549675; UID 10086; state: ENABLED
04-26 14:18:08.317  1656  1656 D CompatibilityChangeReporter: Compat change id reported: 135549675; UID 10060; state: ENABLED
04-26 14:18:08.319  1656  1656 D CompatibilityChangeReporter: Compat change id reported: 135549675; UID 10031; state: ENABLED
04-26 14:18:08.320  1656  1656 D CompatibilityChangeReporter: Compat change id reported: 135549675; UID 10061; state: ENABLED
04-26 14:18:08.322  1656  1656 D CompatibilityChangeReporter: Compat change id reported: 135549675; UID 10028; state: ENABLED
04-26 14:18:08.325  1656  1656 D CompatibilityChangeReporter: Compat change id reported: 135549675; UID 10095; state: ENABLED
04-26 14:18:08.327  1656  1656 D CompatibilityChangeReporter: Compat change id reported: 135549675; UID 10016; state: ENABLED
04-26 14:18:08.329  1656  1656 D CompatibilityChangeReporter: Compat change id reported: 135549675; UID 10080; state: ENABLED
